[trainDP] ep 0 step 6/16000 loss 0.99411 (2s)
[trainDP] ep 50 step 306/16000 loss 0.15744 (9s)
[trainDP] ep 100 step 606/16000 loss 0.09803 (15s)
[trainDP] ep 150 step 906/16000 loss 0.07185 (22s)
[trainDP] ep 200 step 1206/16000 loss 0.05151 (28s)
[trainDP] ep 250 step 1506/16000 loss 0.04098 (35s)
[trainDP] ep 300 step 1806/16000 loss 0.03588 (42s)
[trainDP] ep 350 step 2106/16000 loss 0.03078 (48s)
[trainDP] ep 400 step 2406/16000 loss 0.02957 (55s)
[trainDP] ep 450 step 2706/16000 loss 0.02672 (62s)
[trainDP] ep 500 step 3006/16000 loss 0.02267 (68s)
[trainDP] ep 550 step 3306/16000 loss 0.02544 (74s)
[trainDP] ep 600 step 3606/16000 loss 0.02500 (81s)
[trainDP] ep 650 step 3906/16000 loss 0.02153 (87s)
[trainDP] ep 700 step 4206/16000 loss 0.02069 (93s)
[trainDP] ep 750 step 4506/16000 loss 0.01678 (100s)
[trainDP] ep 800 step 4806/16000 loss 0.01936 (106s)
[trainDP] ep 850 step 5106/16000 loss 0.01628 (113s)
[trainDP] ep 900 step 5406/16000 loss 0.01693 (119s)
[trainDP] ep 950 step 5706/16000 loss 0.01399 (126s)
[trainDP] ep 1000 step 6006/16000 loss 0.01586 (133s)
[trainDP] ep 1050 step 6306/16000 loss 0.01368 (139s)
[trainDP] ep 1100 step 6606/16000 loss 0.01451 (146s)
[trainDP] ep 1150 step 6906/16000 loss 0.01324 (153s)
[trainDP] ep 1200 step 7206/16000 loss 0.01429 (159s)
[trainDP] ep 1250 step 7506/16000 loss 0.01194 (166s)
[trainDP] ep 1300 step 7806/16000 loss 0.01078 (172s)
[trainDP] ep 1350 step 8106/16000 loss 0.01251 (179s)
[trainDP] ep 1400 step 8406/16000 loss 0.01160 (186s)
[trainDP] ep 1450 step 8706/16000 loss 0.01126 (192s)
[trainDP] ep 1500 step 9006/16000 loss 0.01090 (198s)
[trainDP] ep 1550 step 9306/16000 loss 0.00966 (204s)
[trainDP] ep 1600 step 9606/16000 loss 0.00989 (210s)
[trainDP] ep 1650 step 9906/16000 loss 0.00961 (216s)
[trainDP] ep 1700 step 10206/16000 loss 0.00926 (223s)
[trainDP] ep 1750 step 10506/16000 loss 0.00872 (229s)
[trainDP] ep 1800 step 10806/16000 loss 0.00854 (235s)
[trainDP] ep 1850 step 11106/16000 loss 0.00823 (241s)
[trainDP] ep 1900 step 11406/16000 loss 0.00734 (248s)
[trainDP] ep 1950 step 11706/16000 loss 0.00642 (254s)
[trainDP] ep 2000 step 12006/16000 loss 0.00720 (260s)
[trainDP] ep 2050 step 12306/16000 loss 0.00588 (266s)
[trainDP] ep 2100 step 12606/16000 loss 0.00617 (272s)
[trainDP] ep 2150 step 12906/16000 loss 0.00567 (278s)
[trainDP] ep 2200 step 13206/16000 loss 0.00555 (285s)
[trainDP] ep 2250 step 13506/16000 loss 0.00573 (291s)
[trainDP] ep 2300 step 13806/16000 loss 0.00488 (298s)
[trainDP] ep 2350 step 14106/16000 loss 0.00462 (305s)
[trainDP] ep 2400 step 14406/16000 loss 0.00548 (311s)
[trainDP] ep 2450 step 14706/16000 loss 0.00504 (318s)
[trainDP] ep 2500 step 15006/16000 loss 0.00509 (324s)
[trainDP] ep 2550 step 15306/16000 loss 0.00522 (330s)
[trainDP] ep 2600 step 15606/16000 loss 0.00452 (336s)
[trainDP] ep 2650 step 15906/16000 loss 0.00473 (343s)
[trainDP] ep 2666 step 16000/16000 loss 0.00486 (345s)
[trainDP] DONE /mnt/sdb/ljc/RoboTDA-X/phase3/runs/P10a/C5_target_s611 wall=345s params=18.3M loss=0.00464
[robosuite WARNING] No private macro file found! (__init__.py:7)
[robosuite WARNING] It is recommended to use a private macro file (__init__.py:8)
[robosuite WARNING] To setup, run: python /home/ljc/miniconda/envs/robotda_x/lib/python3.12/site-packages/robosuite/scripts/setup_macros.py (__init__.py:9)
[robosuite WARNING] No private macro file found! (__init__.py:7)
[robosuite WARNING] It is recommended to use a private macro file (__init__.py:8)
[robosuite WARNING] To setup, run: python /home/ljc/miniconda/envs/robotda_x/lib/python3.12/site-packages/robosuite/scripts/setup_macros.py (__init__.py:9)
[robosuite WARNING] No private macro file found! (__init__.py:7)
[robosuite WARNING] It is recommended to use a private macro file (__init__.py:8)
[robosuite WARNING] To setup, run: python /home/ljc/miniconda/envs/robotda_x/lib/python3.12/site-packages/robosuite/scripts/setup_macros.py (__init__.py:9)
[robosuite WARNING] No private macro file found! (__init__.py:7)
[robosuite WARNING] It is recommended to use a private macro file (__init__.py:8)
[robosuite WARNING] To setup, run: python /home/ljc/miniconda/envs/robotda_x/lib/python3.12/site-packages/robosuite/scripts/setup_macros.py (__init__.py:9)
[robosuite WARNING] No private macro file found! (__init__.py:7)
[robosuite WARNING] It is recommended to use a private macro file (__init__.py:8)
[robosuite WARNING] To setup, run: python /home/ljc/miniconda/envs/robotda_x/lib/python3.12/site-packages/robosuite/scripts/setup_macros.py (__init__.py:9)
[robosuite WARNING] No private macro file found! (__init__.py:7)
[robosuite WARNING] It is recommended to use a private macro file (__init__.py:8)
[robosuite WARNING] To setup, run: python /home/ljc/miniconda/envs/robotda_x/lib/python3.12/site-packages/robosuite/scripts/setup_macros.py (__init__.py:9)
[robosuite WARNING] No private macro file found! (__init__.py:7)
[robosuite WARNING] It is recommended to use a private macro file (__init__.py:8)
[robosuite WARNING] To setup, run: python /home/ljc/miniconda/envs/robotda_x/lib/python3.12/site-packages/robosuite/scripts/setup_macros.py (__init__.py:9)
Local assets not found. Downloading from HuggingFace Hub...
Assets already downloaded at /home/ljc/.cache/libero/assets
Local assets not found. Downloading from HuggingFace Hub...
Assets already downloaded at /home/ljc/.cache/libero/assets
Local assets not found. Downloading from HuggingFace Hub...
Assets already downloaded at /home/ljc/.cache/libero/assets
Local assets not found. Downloading from HuggingFace Hub...
Assets already downloaded at /home/ljc/.cache/libero/assets
[clustevalDP] /mnt/sdb/ljc/RoboTDA-X/phase3/runs/P10a/C5_target_s611 C5 success=0.1786 (140 eps, 617s)
