[trainDP] ep 0 step 6/16000 loss 1.00159 (2s)
[trainDP] ep 50 step 306/16000 loss 0.18321 (9s)
[trainDP] ep 100 step 606/16000 loss 0.10562 (15s)
[trainDP] ep 150 step 906/16000 loss 0.06795 (22s)
[trainDP] ep 200 step 1206/16000 loss 0.04827 (29s)
[trainDP] ep 250 step 1506/16000 loss 0.04398 (35s)
[trainDP] ep 300 step 1806/16000 loss 0.03507 (42s)
[trainDP] ep 350 step 2106/16000 loss 0.03105 (48s)
[trainDP] ep 400 step 2406/16000 loss 0.02839 (54s)
[trainDP] ep 450 step 2706/16000 loss 0.02473 (60s)
[trainDP] ep 500 step 3006/16000 loss 0.02574 (66s)
[trainDP] ep 550 step 3306/16000 loss 0.02381 (72s)
[trainDP] ep 600 step 3606/16000 loss 0.02191 (78s)
[trainDP] ep 650 step 3906/16000 loss 0.01869 (85s)
[trainDP] ep 700 step 4206/16000 loss 0.01842 (91s)
[trainDP] ep 750 step 4506/16000 loss 0.02047 (97s)
[trainDP] ep 800 step 4806/16000 loss 0.01808 (103s)
[trainDP] ep 850 step 5106/16000 loss 0.01701 (109s)
[trainDP] ep 900 step 5406/16000 loss 0.01683 (115s)
[trainDP] ep 950 step 5706/16000 loss 0.01479 (121s)
[trainDP] ep 1000 step 6006/16000 loss 0.01464 (127s)
[trainDP] ep 1050 step 6306/16000 loss 0.01544 (134s)
[trainDP] ep 1100 step 6606/16000 loss 0.01680 (140s)
[trainDP] ep 1150 step 6906/16000 loss 0.01599 (146s)
[trainDP] ep 1200 step 7206/16000 loss 0.01416 (152s)
[trainDP] ep 1250 step 7506/16000 loss 0.01164 (158s)
[trainDP] ep 1300 step 7806/16000 loss 0.01129 (164s)
[trainDP] ep 1350 step 8106/16000 loss 0.01076 (170s)
[trainDP] ep 1400 step 8406/16000 loss 0.01074 (176s)
[trainDP] ep 1450 step 8706/16000 loss 0.01243 (182s)
[trainDP] ep 1500 step 9006/16000 loss 0.01149 (188s)
[trainDP] ep 1550 step 9306/16000 loss 0.00993 (194s)
[trainDP] ep 1600 step 9606/16000 loss 0.00929 (201s)
[trainDP] ep 1650 step 9906/16000 loss 0.00980 (207s)
[trainDP] ep 1700 step 10206/16000 loss 0.00867 (213s)
[trainDP] ep 1750 step 10506/16000 loss 0.00802 (219s)
[trainDP] ep 1800 step 10806/16000 loss 0.00736 (225s)
[trainDP] ep 1850 step 11106/16000 loss 0.00811 (231s)
[trainDP] ep 1900 step 11406/16000 loss 0.00718 (237s)
[trainDP] ep 1950 step 11706/16000 loss 0.00722 (243s)
[trainDP] ep 2000 step 12006/16000 loss 0.00581 (249s)
[trainDP] ep 2050 step 12306/16000 loss 0.00703 (255s)
[trainDP] ep 2100 step 12606/16000 loss 0.00677 (261s)
[trainDP] ep 2150 step 12906/16000 loss 0.00579 (268s)
[trainDP] ep 2200 step 13206/16000 loss 0.00557 (274s)
[trainDP] ep 2250 step 13506/16000 loss 0.00567 (280s)
[trainDP] ep 2300 step 13806/16000 loss 0.00574 (286s)
[trainDP] ep 2350 step 14106/16000 loss 0.00540 (292s)
[trainDP] ep 2400 step 14406/16000 loss 0.00592 (298s)
[trainDP] ep 2450 step 14706/16000 loss 0.00483 (304s)
[trainDP] ep 2500 step 15006/16000 loss 0.00524 (310s)
[trainDP] ep 2550 step 15306/16000 loss 0.00515 (316s)
[trainDP] ep 2600 step 15606/16000 loss 0.00443 (322s)
[trainDP] ep 2650 step 15906/16000 loss 0.00532 (329s)
[trainDP] ep 2666 step 16000/16000 loss 0.00512 (331s)
[trainDP] DONE /mnt/sdb/ljc/RoboTDA-X/phase3/runs/P10a/C5_target_s613 wall=331s params=18.3M loss=0.00492
[robosuite WARNING] No private macro file found! (__init__.py:7)
[robosuite WARNING] It is recommended to use a private macro file (__init__.py:8)
[robosuite WARNING] To setup, run: python /home/ljc/miniconda/envs/robotda_x/lib/python3.12/site-packages/robosuite/scripts/setup_macros.py (__init__.py:9)
[robosuite WARNING] No private macro file found! (__init__.py:7)
[robosuite WARNING] It is recommended to use a private macro file (__init__.py:8)
[robosuite WARNING] To setup, run: python /home/ljc/miniconda/envs/robotda_x/lib/python3.12/site-packages/robosuite/scripts/setup_macros.py (__init__.py:9)
[robosuite WARNING] No private macro file found! (__init__.py:7)
[robosuite WARNING] It is recommended to use a private macro file (__init__.py:8)
[robosuite WARNING] To setup, run: python /home/ljc/miniconda/envs/robotda_x/lib/python3.12/site-packages/robosuite/scripts/setup_macros.py (__init__.py:9)
[robosuite WARNING] No private macro file found! (__init__.py:7)
[robosuite WARNING] It is recommended to use a private macro file (__init__.py:8)
[robosuite WARNING] To setup, run: python /home/ljc/miniconda/envs/robotda_x/lib/python3.12/site-packages/robosuite/scripts/setup_macros.py (__init__.py:9)
[robosuite WARNING] No private macro file found! (__init__.py:7)
[robosuite WARNING] It is recommended to use a private macro file (__init__.py:8)
[robosuite WARNING] To setup, run: python /home/ljc/miniconda/envs/robotda_x/lib/python3.12/site-packages/robosuite/scripts/setup_macros.py (__init__.py:9)
[robosuite WARNING] No private macro file found! (__init__.py:7)
[robosuite WARNING] It is recommended to use a private macro file (__init__.py:8)
[robosuite WARNING] To setup, run: python /home/ljc/miniconda/envs/robotda_x/lib/python3.12/site-packages/robosuite/scripts/setup_macros.py (__init__.py:9)
[robosuite WARNING] No private macro file found! (__init__.py:7)
[robosuite WARNING] It is recommended to use a private macro file (__init__.py:8)
[robosuite WARNING] To setup, run: python /home/ljc/miniconda/envs/robotda_x/lib/python3.12/site-packages/robosuite/scripts/setup_macros.py (__init__.py:9)
Local assets not found. Downloading from HuggingFace Hub...
Assets already downloaded at /home/ljc/.cache/libero/assets
Local assets not found. Downloading from HuggingFace Hub...
Assets already downloaded at /home/ljc/.cache/libero/assets
Local assets not found. Downloading from HuggingFace Hub...
Assets already downloaded at /home/ljc/.cache/libero/assets
Local assets not found. Downloading from HuggingFace Hub...
Assets already downloaded at /home/ljc/.cache/libero/assets
Local assets not found. Downloading from HuggingFace Hub...
Assets already downloaded at /home/ljc/.cache/libero/assets
Local assets not found. Downloading from HuggingFace Hub...
Assets already downloaded at /home/ljc/.cache/libero/assets
Local assets not found. Downloading from HuggingFace Hub...
Assets already downloaded at /home/ljc/.cache/libero/assets
[clustevalDP] /mnt/sdb/ljc/RoboTDA-X/phase3/runs/P10a/C5_target_s613 C5 success=0.2286 (140 eps, 589s)
