[trainDP] ep 0 step 6/16000 loss 1.00803 (2s)
[trainDP] ep 50 step 306/16000 loss 0.16239 (10s)
[trainDP] ep 100 step 606/16000 loss 0.09638 (18s)
[trainDP] ep 150 step 906/16000 loss 0.06587 (25s)
[trainDP] ep 200 step 1206/16000 loss 0.05345 (33s)
[trainDP] ep 250 step 1506/16000 loss 0.04019 (41s)
[trainDP] ep 300 step 1806/16000 loss 0.03506 (49s)
[trainDP] ep 350 step 2106/16000 loss 0.03233 (57s)
[trainDP] ep 400 step 2406/16000 loss 0.02770 (64s)
[trainDP] ep 450 step 2706/16000 loss 0.02439 (72s)
[trainDP] ep 500 step 3006/16000 loss 0.02208 (80s)
[trainDP] ep 550 step 3306/16000 loss 0.02196 (88s)
[trainDP] ep 600 step 3606/16000 loss 0.02278 (96s)
[trainDP] ep 650 step 3906/16000 loss 0.02037 (104s)
[trainDP] ep 700 step 4206/16000 loss 0.02084 (111s)
[trainDP] ep 750 step 4506/16000 loss 0.01798 (119s)
[trainDP] ep 800 step 4806/16000 loss 0.01787 (127s)
[trainDP] ep 850 step 5106/16000 loss 0.01825 (135s)
[trainDP] ep 900 step 5406/16000 loss 0.01806 (143s)
[trainDP] ep 950 step 5706/16000 loss 0.01575 (150s)
[trainDP] ep 1000 step 6006/16000 loss 0.01461 (158s)
[trainDP] ep 1050 step 6306/16000 loss 0.01346 (166s)
[trainDP] ep 1100 step 6606/16000 loss 0.01427 (173s)
[trainDP] ep 1150 step 6906/16000 loss 0.01485 (180s)
[trainDP] ep 1200 step 7206/16000 loss 0.01256 (187s)
[trainDP] ep 1250 step 7506/16000 loss 0.01308 (194s)
[trainDP] ep 1300 step 7806/16000 loss 0.01108 (202s)
[trainDP] ep 1350 step 8106/16000 loss 0.01213 (210s)
[trainDP] ep 1400 step 8406/16000 loss 0.00995 (217s)
[trainDP] ep 1450 step 8706/16000 loss 0.00869 (225s)
[trainDP] ep 1500 step 9006/16000 loss 0.01142 (233s)
[trainDP] ep 1550 step 9306/16000 loss 0.00952 (240s)
[trainDP] ep 1600 step 9606/16000 loss 0.00934 (248s)
[trainDP] ep 1650 step 9906/16000 loss 0.00834 (256s)
[trainDP] ep 1700 step 10206/16000 loss 0.00887 (264s)
[trainDP] ep 1750 step 10506/16000 loss 0.00886 (272s)
[trainDP] ep 1800 step 10806/16000 loss 0.00864 (278s)
[trainDP] ep 1850 step 11106/16000 loss 0.00818 (286s)
[trainDP] ep 1900 step 11406/16000 loss 0.00634 (294s)
[trainDP] ep 1950 step 11706/16000 loss 0.00582 (301s)
[trainDP] ep 2000 step 12006/16000 loss 0.00755 (309s)
[trainDP] ep 2050 step 12306/16000 loss 0.00582 (317s)
[trainDP] ep 2100 step 12606/16000 loss 0.00595 (325s)
[trainDP] ep 2150 step 12906/16000 loss 0.00548 (334s)
[trainDP] ep 2200 step 13206/16000 loss 0.00533 (342s)
[trainDP] ep 2250 step 13506/16000 loss 0.00479 (350s)
[trainDP] ep 2300 step 13806/16000 loss 0.00525 (357s)
[trainDP] ep 2350 step 14106/16000 loss 0.00564 (365s)
[trainDP] ep 2400 step 14406/16000 loss 0.00534 (371s)
[trainDP] ep 2450 step 14706/16000 loss 0.00500 (378s)
[trainDP] ep 2500 step 15006/16000 loss 0.00496 (385s)
[trainDP] ep 2550 step 15306/16000 loss 0.00460 (392s)
[trainDP] ep 2600 step 15606/16000 loss 0.00515 (399s)
[trainDP] ep 2650 step 15906/16000 loss 0.00484 (406s)
[trainDP] ep 2666 step 16000/16000 loss 0.00501 (408s)
[trainDP] DONE /mnt/sdb/ljc/RoboTDA-X/phase3/runs/P10a/C5_target_s612 wall=408s params=18.3M loss=0.00506
[robosuite WARNING] No private macro file found! (__init__.py:7)
[robosuite WARNING] It is recommended to use a private macro file (__init__.py:8)
[robosuite WARNING] To setup, run: python /home/ljc/miniconda/envs/robotda_x/lib/python3.12/site-packages/robosuite/scripts/setup_macros.py (__init__.py:9)
[robosuite WARNING] No private macro file found! (__init__.py:7)
[robosuite WARNING] It is recommended to use a private macro file (__init__.py:8)
[robosuite WARNING] To setup, run: python /home/ljc/miniconda/envs/robotda_x/lib/python3.12/site-packages/robosuite/scripts/setup_macros.py (__init__.py:9)
[robosuite WARNING] No private macro file found! (__init__.py:7)
[robosuite WARNING] It is recommended to use a private macro file (__init__.py:8)
[robosuite WARNING] To setup, run: python /home/ljc/miniconda/envs/robotda_x/lib/python3.12/site-packages/robosuite/scripts/setup_macros.py (__init__.py:9)
[robosuite WARNING] No private macro file found! (__init__.py:7)
[robosuite WARNING] It is recommended to use a private macro file (__init__.py:8)
[robosuite WARNING] To setup, run: python /home/ljc/miniconda/envs/robotda_x/lib/python3.12/site-packages/robosuite/scripts/setup_macros.py (__init__.py:9)
[robosuite WARNING] No private macro file found! (__init__.py:7)
[robosuite WARNING] It is recommended to use a private macro file (__init__.py:8)
[robosuite WARNING] To setup, run: python /home/ljc/miniconda/envs/robotda_x/lib/python3.12/site-packages/robosuite/scripts/setup_macros.py (__init__.py:9)
[robosuite WARNING] No private macro file found! (__init__.py:7)
[robosuite WARNING] It is recommended to use a private macro file (__init__.py:8)
[robosuite WARNING] To setup, run: python /home/ljc/miniconda/envs/robotda_x/lib/python3.12/site-packages/robosuite/scripts/setup_macros.py (__init__.py:9)
[robosuite WARNING] No private macro file found! (__init__.py:7)
[robosuite WARNING] It is recommended to use a private macro file (__init__.py:8)
[robosuite WARNING] To setup, run: python /home/ljc/miniconda/envs/robotda_x/lib/python3.12/site-packages/robosuite/scripts/setup_macros.py (__init__.py:9)
Local assets not found. Downloading from HuggingFace Hub...
Assets already downloaded at /home/ljc/.cache/libero/assets
Local assets not found. Downloading from HuggingFace Hub...
Assets already downloaded at /home/ljc/.cache/libero/assets
Local assets not found. Downloading from HuggingFace Hub...
Assets already downloaded at /home/ljc/.cache/libero/assets
Local assets not found. Downloading from HuggingFace Hub...
Assets already downloaded at /home/ljc/.cache/libero/assets
Local assets not found. Downloading from HuggingFace Hub...
Assets already downloaded at /home/ljc/.cache/libero/assets
Local assets not found. Downloading from HuggingFace Hub...
Assets already downloaded at /home/ljc/.cache/libero/assets
Local assets not found. Downloading from HuggingFace Hub...
Assets already downloaded at /home/ljc/.cache/libero/assets
[clustevalDP] /mnt/sdb/ljc/RoboTDA-X/phase3/runs/P10a/C5_target_s612 C5 success=0.1786 (140 eps, 583s)
