[train] ep 0 step 6/8000 loss 6.3804 (2s)
[train] ep 50 step 306/8000 loss -4.5838 (7s)
[train] ep 100 step 606/8000 loss -9.0327 (11s)
[train] ep 150 step 906/8000 loss -11.4586 (16s)
[train] ep 200 step 1206/8000 loss -13.2827 (21s)
[train] ep 250 step 1506/8000 loss -14.3332 (25s)
[train] ep 300 step 1806/8000 loss -15.5417 (30s)
[train] ep 350 step 2106/8000 loss -16.4523 (35s)
[train] ep 400 step 2406/8000 loss -16.2917 (39s)
[train] ep 450 step 2706/8000 loss -17.6800 (44s)
[train] ep 500 step 3006/8000 loss -18.3729 (49s)
[train] ep 550 step 3306/8000 loss -18.6262 (53s)
[train] ep 600 step 3606/8000 loss -18.9731 (58s)
[train] ep 650 step 3906/8000 loss -19.7256 (63s)
[train] ep 700 step 4206/8000 loss -20.1982 (67s)
[train] ep 750 step 4506/8000 loss -20.6569 (72s)
[train] ep 800 step 4806/8000 loss -20.9420 (77s)
[train] ep 850 step 5106/8000 loss -21.6710 (81s)
[train] ep 900 step 5406/8000 loss -21.7895 (87s)
[train] ep 950 step 5706/8000 loss -22.3601 (92s)
[train] ep 1000 step 6006/8000 loss -22.1196 (97s)
[train] ep 1050 step 6306/8000 loss -22.9045 (103s)
[train] ep 1100 step 6606/8000 loss -22.7758 (108s)
[train] ep 1150 step 6906/8000 loss -23.3649 (114s)
[train] ep 1200 step 7206/8000 loss -23.2187 (119s)
[train] ep 1250 step 7506/8000 loss -23.6785 (125s)
[train] ep 1300 step 7806/8000 loss -23.5994 (130s)
[train] ep 1333 step 8000/8000 loss -23.8139 (134s)
[train] DONE /mnt/sdb/ljc/RoboTDA-X/runs/stage_B/C5_target_s105 wall=134s windows=1696 loss=-23.6684
[robosuite WARNING] No private macro file found! (__init__.py:7)
[robosuite WARNING] It is recommended to use a private macro file (__init__.py:8)
[robosuite WARNING] To setup, run: python /home/ljc/miniconda/envs/robotda_x/lib/python3.12/site-packages/robosuite/scripts/setup_macros.py (__init__.py:9)
[robosuite WARNING] No private macro file found! (__init__.py:7)
[robosuite WARNING] It is recommended to use a private macro file (__init__.py:8)
[robosuite WARNING] To setup, run: python /home/ljc/miniconda/envs/robotda_x/lib/python3.12/site-packages/robosuite/scripts/setup_macros.py (__init__.py:9)
[robosuite WARNING] No private macro file found! (__init__.py:7)
[robosuite WARNING] It is recommended to use a private macro file (__init__.py:8)
[robosuite WARNING] To setup, run: python /home/ljc/miniconda/envs/robotda_x/lib/python3.12/site-packages/robosuite/scripts/setup_macros.py (__init__.py:9)
[robosuite WARNING] No private macro file found! (__init__.py:7)
[robosuite WARNING] It is recommended to use a private macro file (__init__.py:8)
[robosuite WARNING] To setup, run: python /home/ljc/miniconda/envs/robotda_x/lib/python3.12/site-packages/robosuite/scripts/setup_macros.py (__init__.py:9)
[robosuite WARNING] No private macro file found! (__init__.py:7)
[robosuite WARNING] It is recommended to use a private macro file (__init__.py:8)
[robosuite WARNING] To setup, run: python /home/ljc/miniconda/envs/robotda_x/lib/python3.12/site-packages/robosuite/scripts/setup_macros.py (__init__.py:9)
[robosuite WARNING] No private macro file found! (__init__.py:7)
[robosuite WARNING] It is recommended to use a private macro file (__init__.py:8)
[robosuite WARNING] To setup, run: python /home/ljc/miniconda/envs/robotda_x/lib/python3.12/site-packages/robosuite/scripts/setup_macros.py (__init__.py:9)
[robosuite WARNING] No private macro file found! (__init__.py:7)
[robosuite WARNING] It is recommended to use a private macro file (__init__.py:8)
[robosuite WARNING] To setup, run: python /home/ljc/miniconda/envs/robotda_x/lib/python3.12/site-packages/robosuite/scripts/setup_macros.py (__init__.py:9)
Local assets not found. Downloading from HuggingFace Hub...
Assets already downloaded at /home/ljc/.cache/libero/assets
Local assets not found. Downloading from HuggingFace Hub...
Assets already downloaded at /home/ljc/.cache/libero/assets
Local assets not found. Downloading from HuggingFace Hub...
Assets already downloaded at /home/ljc/.cache/libero/assets
Local assets not found. Downloading from HuggingFace Hub...
Assets already downloaded at /home/ljc/.cache/libero/aLocal assets not found. Downloading from HuggingFace Hub...
Assets already downloaded at /home/ljc/.cache/libero/assets
[clustereval] /mnt/sdb/ljc/RoboTDA-X/runs/stage_B/C5_target_s105 C5 success=0.1286 (140 eps, 284s)
