[train] ep 0 step 7/8000 loss 6.8622 (2s)
[train] ep 50 step 357/8000 loss -6.0016 (8s)
[train] ep 100 step 707/8000 loss -8.6854 (13s)
[train] ep 150 step 1057/8000 loss -12.1936 (19s)
[train] ep 200 step 1407/8000 loss -12.9571 (24s)
[train] ep 250 step 1757/8000 loss -15.2853 (30s)
[train] ep 300 step 2107/8000 loss -15.2331 (35s)
[train] ep 350 step 2457/8000 loss -16.6976 (41s)
[train] ep 400 step 2807/8000 loss -16.6285 (46s)
[train] ep 450 step 3157/8000 loss -18.4119 (51s)
[train] ep 500 step 3507/8000 loss -18.8051 (57s)
[train] ep 550 step 3857/8000 loss -19.7155 (62s)
[train] ep 600 step 4207/8000 loss -20.0783 (68s)
[train] ep 650 step 4557/8000 loss -20.6980 (73s)
[train] ep 700 step 4907/8000 loss -21.3453 (79s)
[train] ep 750 step 5257/8000 loss -21.6199 (84s)
[train] ep 800 step 5607/8000 loss -21.6721 (90s)
[train] ep 850 step 5957/8000 loss -22.4500 (95s)
[train] ep 900 step 6307/8000 loss -22.9780 (101s)
[train] ep 950 step 6657/8000 loss -23.3684 (106s)
[train] ep 1000 step 7007/8000 loss -23.2298 (112s)
[train] ep 1050 step 7357/8000 loss -23.8215 (117s)
[train] ep 1100 step 7707/8000 loss -24.1551 (122s)
[train] ep 1142 step 8000/8000 loss -24.0740 (127s)
[train] DONE /mnt/sdb/ljc/RoboTDA-X/runs/stage_I/C1_target_only_s503 wall=127s windows=1990 loss=-24.0193
[robosuite WARNING] No private macro file found! (__init__.py:7)
[robosuite WARNING] It is recommended to use a private macro file (__init__.py:8)
[robosuite WARNING] To setup, run: python /home/ljc/miniconda/envs/robotda_x/lib/python3.12/site-packages/robosuite/scripts/setup_macros.py (__init__.py:9)
[robosuite WARNING] No private macro file found! (__init__.py:7)
[robosuite WARNING] It is recommended to use a private macro file (__init__.py:8)
[robosuite WARNING] To setup, run: python /home/ljc/miniconda/envs/robotda_x/lib/python3.12/site-packages/robosuite/scripts/setup_macros.py (__init__.py:9)
[robosuite WARNING] No private macro file found! (__init__.py:7)
[robosuite WARNING] It is recommended to use a private macro file (__init__.py:8)
[robosuite WARNING] To setup, run: python /home/ljc/miniconda/envs/robotda_x/lib/python3.12/site-packages/robosuite/scripts/setup_macros.py (__init__.py:9)
[info] using task orders [0, 1, 2, 3, 4, 5, 6, 7, 8, 9]
[info] using task orders [0, 1, 2, 3, 4, 5, 6, 7, 8, 9]
Local assets not found. Downloading from HuggingFace Hub...
Assets already downloaded at /home/ljc/.cache/libero/assets
[info] using task orders [0, 1, 2, 3, 4, 5, 6, 7, 8, 9]
[info] using task orders [0, 1, 2, 3, 4, 5, 6, 7, 8, 9]
Local assets not found. Downloading from HuggingFace Hub...
Assets already downloaded at /home/ljc/.cache/libero/assets
[probe] /mnt/sdb/ljc/RoboTDA-X/runs/stage_I/C1_target_only_s503 wall=217s
  C1: succ=0.05 (60 eps) plain=0.615 transp=0.444 inter=0.967
