[train] ep 0 step 8/8000 loss 6.5816 (2s)
[train] ep 50 step 408/8000 loss -7.5949 (8s)
[train] ep 100 step 808/8000 loss -11.6513 (14s)
[train] ep 150 step 1208/8000 loss -13.3505 (21s)
[train] ep 200 step 1608/8000 loss -13.7432 (27s)
[train] ep 250 step 2008/8000 loss -16.3693 (34s)
[train] ep 300 step 2408/8000 loss -16.3584 (41s)
[train] ep 350 step 2808/8000 loss -16.7327 (49s)
[train] ep 400 step 3208/8000 loss -18.7191 (56s)
[train] ep 450 step 3608/8000 loss -19.1505 (63s)
[train] ep 500 step 4008/8000 loss -19.5328 (70s)
[train] ep 550 step 4408/8000 loss -20.4688 (77s)
[train] ep 600 step 4808/8000 loss -20.7920 (83s)
[train] ep 650 step 5208/8000 loss -21.4023 (89s)
[train] ep 700 step 5608/8000 loss -22.1901 (96s)
[train] ep 750 step 6008/8000 loss -22.1927 (102s)
[train] ep 800 step 6408/8000 loss -22.9811 (108s)
[train] ep 850 step 6808/8000 loss -23.3527 (114s)
[train] ep 900 step 7208/8000 loss -23.6850 (120s)
[train] ep 950 step 7608/8000 loss -23.6246 (127s)
[train] ep 999 step 8000/8000 loss -24.0183 (133s)
[train] DONE /mnt/sdb/ljc/RoboTDA-X/runs/stage_I/C5_influence_top15_s503 wall=133s windows=2262 loss=-23.7028
[robosuite WARNING] No private macro file found! (__init__.py:7)
[robosuite WARNING] It is recommended to use a private macro file (__init__.py:8)
[robosuite WARNING] To setup, run: python /home/ljc/miniconda/envs/robotda_x/lib/python3.12/site-packages/robosuite/scripts/setup_macros.py (__init__.py:9)
[robosuite WARNING] No private macro file found! (__init__.py:7)
[robosuite WARNING] It is recommended to use a private macro file (__init__.py:8)
[robosuite WARNING] To setup, run: python /home/ljc/miniconda/envs/robotda_x/lib/python3.12/site-packages/robosuite/scripts/setup_macros.py (__init__.py:9)
[robosuite WARNING] No private macro file found! (__init__.py:7)
[robosuite WARNING] It is recommended to use a private macro file (__init__.py:8)
[robosuite WARNING] To setup, run: python /home/ljc/miniconda/envs/robotda_x/lib/python3.12/site-packages/robosuite/scripts/setup_macros.py (__init__.py:9)
Local assets not found. Downloading from HuggingFace Hub...
Assets already downloaded at /home/ljc/.cache/libero/assets
Local assets not found. Downloading from HuggingFace Hub...
Assets already downloaded at /home/ljc/.cache/libero/assets
Local assets not found. Downloading from HuggingFace Hub...
Assets already downloaded at /home/ljc/.cache/libero/assets
[probe] /mnt/sdb/ljc/RoboTDA-X/runs/stage_I/C5_influence_top15_s503 wall=272s
  C5: succ=0.016666666666666666 (60 eps) plain=0.745 transp=0.503 inter=1.200
