[train] ep 0 step 9/8000 loss 6.5537 (2s)
[train] ep 50 step 459/8000 loss -8.5256 (9s)
[train] ep 100 step 909/8000 loss -11.8136 (16s)
[train] ep 150 step 1359/8000 loss -13.8329 (23s)
[train] ep 200 step 1809/8000 loss -15.7682 (30s)
[train] ep 250 step 2259/8000 loss -16.1418 (38s)
[train] ep 300 step 2709/8000 loss -17.1663 (45s)
[train] ep 350 step 3159/8000 loss -18.4775 (52s)
[train] ep 400 step 3609/8000 loss -17.6971 (60s)
[train] ep 450 step 4059/8000 loss -19.6980 (68s)
[train] ep 500 step 4509/8000 loss -20.0553 (75s)
[train] ep 550 step 4959/8000 loss -20.9686 (82s)
[train] ep 600 step 5409/8000 loss -21.5310 (89s)
[train] ep 650 step 5859/8000 loss -21.8097 (96s)
[train] ep 700 step 6309/8000 loss -22.7039 (103s)
[train] ep 750 step 6759/8000 loss -23.0141 (110s)
[train] ep 800 step 7209/8000 loss -23.1907 (117s)
[train] ep 850 step 7659/8000 loss -23.4442 (124s)
[train] ep 888 step 8000/8000 loss -23.6531 (129s)
[train] DONE /mnt/sdb/ljc/RoboTDA-X/runs/stage_I/C5_random15_s502 wall=129s windows=2486 loss=-23.4839
[robosuite WARNING] No private macro file found! (__init__.py:7)
[robosuite WARNING] It is recommended to use a private macro file (__init__.py:8)
[robosuite WARNING] To setup, run: python /home/ljc/miniconda/envs/robotda_x/lib/python3.12/site-packages/robosuite/scripts/setup_macros.py (__init__.py:9)
[robosuite WARNING] No private macro file found! (__init__.py:7)
[robosuite WARNING] It is recommended to use a private macro file (__init__.py:8)
[robosuite WARNING] To setup, run: python /home/ljc/miniconda/envs/robotda_x/lib/python3.12/site-packages/robosuite/scripts/setup_macros.py (__init__.py:9)
[robosuite WARNING] No private macro file found! (__init__.py:7)
[robosuite WARNING] It is recommended to use a private macro file (__init__.py:8)
[robosuite WARNING] To setup, run: python /home/ljc/miniconda/envs/robotda_x/lib/python3.12/site-packages/robosuite/scripts/setup_macros.py (__init__.py:9)
Local assets not found. Downloading from HuggingFace Hub...
Assets already downloaded at /home/ljc/.cache/libero/assets
Local assets not found. Downloading from HuggingFace Hub...
Assets already downloaded at /home/ljc/.cache/libero/assets
[probe] /mnt/sdb/ljc/RoboTDA-X/runs/stage_I/C5_random15_s502 wall=283s
  C5: succ=0.13333333333333333 (60 eps) plain=0.762 transp=0.513 inter=1.233
