[train] ep 0 step 7/8000 loss 6.4682 (2s)
[train] ep 50 step 357/8000 loss -8.0326 (8s)
[train] ep 100 step 707/8000 loss -10.6044 (13s)
[train] ep 150 step 1057/8000 loss -13.1990 (18s)
[train] ep 200 step 1407/8000 loss -14.8093 (24s)
[train] ep 250 step 1757/8000 loss -15.5485 (29s)
[train] ep 300 step 2107/8000 loss -16.8128 (35s)
[train] ep 350 step 2457/8000 loss -17.4955 (40s)
[train] ep 400 step 2807/8000 loss -16.8084 (46s)
[train] ep 450 step 3157/8000 loss -18.6530 (51s)
[train] ep 500 step 3507/8000 loss -19.4305 (57s)
[train] ep 550 step 3857/8000 loss -19.6828 (62s)
[train] ep 600 step 4207/8000 loss -20.5326 (67s)
[train] ep 650 step 4557/8000 loss -20.6720 (73s)
[train] ep 700 step 4907/8000 loss -21.1058 (78s)
[train] ep 750 step 5257/8000 loss -22.0171 (85s)
[train] ep 800 step 5607/8000 loss -22.1994 (90s)
[train] ep 850 step 5957/8000 loss -22.8390 (96s)
[train] ep 900 step 6307/8000 loss -23.0236 (101s)
[train] ep 950 step 6657/8000 loss -22.8736 (107s)
[train] ep 1000 step 7007/8000 loss -23.6365 (112s)
[train] ep 1050 step 7357/8000 loss -23.8749 (117s)
[train] ep 1100 step 7707/8000 loss -23.8258 (123s)
[train] ep 1142 step 8000/8000 loss -23.8393 (128s)
[train] DONE /mnt/sdb/ljc/RoboTDA-X/runs/stage_I/C5_similarity_top15_s502 wall=128s windows=1802 loss=-23.9537
[robosuite WARNING] No private macro file found! (__init__.py:7)
[robosuite WARNING] It is recommended to use a private macro file (__init__.py:8)
[robosuite WARNING] To setup, run: python /home/ljc/miniconda/envs/robotda_x/lib/python3.12/site-packages/robosuite/scripts/setup_macros.py (__init__.py:9)
[robosuite WARNING] No private macro file found! (__init__.py:7)
[robosuite WARNING] It is recommended to use a private macro file (__init__.py:8)
[robosuite WARNING] To setup, run: python /home/ljc/miniconda/envs/robotda_x/lib/python3.12/site-packages/robosuite/scripts/setup_macros.py (__init__.py:9)
[robosuite WARNING] No private macro file found! (__init__.py:7)
[robosuite WARNING] It is recommended to use a private macro file (__init__.py:8)
[robosuite WARNING] To setup, run: python /home/ljc/miniconda/envs/robotda_x/lib/python3.12/site-packages/robosuite/scripts/setup_macros.py (__init__.py:9)
Local assets not found. Downloading from HuggingFace Hub...
Assets already downloaded at /home/ljc/.cache/libero/assets
[probe] /mnt/sdb/ljc/RoboTDA-X/runs/stage_I/C5_similarity_top15_s502 wall=247s
  C5: succ=0.0 (60 eps) plain=0.969 transp=0.807 inter=1.275
