[train] ep 0 step 7/8000 loss 6.3799 (2s)
[train] ep 50 step 357/8000 loss -6.9728 (8s)
[train] ep 100 step 707/8000 loss -11.0108 (13s)
[train] ep 150 step 1057/8000 loss -13.3804 (19s)
[train] ep 200 step 1407/8000 loss -14.3114 (24s)
[train] ep 250 step 1757/8000 loss -15.7969 (30s)
[train] ep 300 step 2107/8000 loss -16.5654 (36s)
[train] ep 350 step 2457/8000 loss -15.8251 (42s)
[train] ep 400 step 2807/8000 loss -16.8582 (48s)
[train] ep 450 step 3157/8000 loss -18.1091 (53s)
[train] ep 500 step 3507/8000 loss -19.4855 (59s)
[train] ep 550 step 3857/8000 loss -19.2934 (64s)
[train] ep 600 step 4207/8000 loss -20.4420 (70s)
[train] ep 650 step 4557/8000 loss -20.9649 (75s)
[train] ep 700 step 4907/8000 loss -20.8652 (81s)
[train] ep 750 step 5257/8000 loss -21.5700 (87s)
[train] ep 800 step 5607/8000 loss -22.3720 (94s)
[train] ep 850 step 5957/8000 loss -22.8595 (100s)
[train] ep 900 step 6307/8000 loss -22.8217 (106s)
[train] ep 950 step 6657/8000 loss -23.1679 (111s)
[train] ep 1000 step 7007/8000 loss -23.6559 (117s)
[train] ep 1050 step 7357/8000 loss -23.6750 (122s)
[train] ep 1100 step 7707/8000 loss -23.8134 (128s)
[train] ep 1142 step 8000/8000 loss -24.0835 (132s)
[train] DONE /mnt/sdb/ljc/RoboTDA-X/runs/stage_I/C5_similarity_top15_s501 wall=132s windows=1802 loss=-23.9623
[robosuite WARNING] No private macro file found! (__init__.py:7)
[robosuite WARNING] It is recommended to use a private macro file (__init__.py:8)
[robosuite WARNING] To setup, run: python /home/ljc/miniconda/envs/robotda_x/lib/python3.12/site-packages/robosuite/scripts/setup_macros.py (__init__.py:9)
[robosuite WARNING] No private macro file found! (__init__.py:7)
[robosuite WARNING] It is recommended to use a private macro file (__init__.py:8)
[robosuite WARNING] To setup, run: python /home/ljc/miniconda/envs/robotda_x/lib/python3.12/site-packages/robosuite/scripts/setup_macros.py (__init__.py:9)
[robosuite WARNING] No private macro file found! (__init__.py:7)
[robosuite WARNING] It is recommended to use a private macro file (__init__.py:8)
[robosuite WARNING] To setup, run: python /home/ljc/miniconda/envs/robotda_x/lib/python3.12/site-packages/robosuite/scripts/setup_macros.py (__init__.py:9)
Local assets not found. Downloading from HuggingFace Hub...
Assets already downloaded at /home/ljc/.cache/libero/assets
Local assets not found. Downloading from HuggingFace Hub...
Assets already downloaded at /home/ljc/.cache/libero/assets
Local assets not found. Downloading from HuggingFace Hub...
Assets already downloaded at /home/ljc/.cache/libero/assets
[probe] /mnt/sdb/ljc/RoboTDA-X/runs/stage_I/C5_similarity_top15_s501 wall=272s
  C5: succ=0.08333333333333333 (60 eps) plain=1.007 transp=0.731 inter=1.527
