[train] ep 0 step 6/8000 loss 6.4098 (2s)
[train] ep 50 step 306/8000 loss -7.4371 (7s)
[train] ep 100 step 606/8000 loss -10.0744 (11s)
[train] ep 150 step 906/8000 loss -11.6117 (16s)
[train] ep 200 step 1206/8000 loss -13.4673 (21s)
[train] ep 250 step 1506/8000 loss -13.6549 (25s)
[train] ep 300 step 1806/8000 loss -14.5650 (30s)
[train] ep 350 step 2106/8000 loss -15.8362 (36s)
[train] ep 400 step 2406/8000 loss -14.8925 (41s)
[train] ep 450 step 2706/8000 loss -16.8557 (46s)
[train] ep 500 step 3006/8000 loss -17.8089 (51s)
[train] ep 550 step 3306/8000 loss -18.8449 (55s)
[train] ep 600 step 3606/8000 loss -18.8571 (60s)
[train] ep 650 step 3906/8000 loss -19.2867 (65s)
[train] ep 700 step 4206/8000 loss -20.1572 (69s)
[train] ep 750 step 4506/8000 loss -20.1021 (74s)
[train] ep 800 step 4806/8000 loss -20.8956 (78s)
[train] ep 850 step 5106/8000 loss -20.7335 (83s)
[train] ep 900 step 5406/8000 loss -21.2357 (88s)
[train] ep 950 step 5706/8000 loss -21.4864 (92s)
[train] ep 1000 step 6006/8000 loss -22.4226 (97s)
[train] ep 1050 step 6306/8000 loss -22.6292 (101s)
[train] ep 1100 step 6606/8000 loss -22.5672 (107s)
[train] ep 1150 step 6906/8000 loss -22.9746 (112s)
[train] ep 1200 step 7206/8000 loss -23.0722 (116s)
[train] ep 1250 step 7506/8000 loss -23.5502 (121s)
[train] ep 1300 step 7806/8000 loss -23.4857 (125s)
[train] ep 1333 step 8000/8000 loss -23.7542 (129s)
[train] DONE /mnt/sdb/ljc/RoboTDA-X/runs/stage_I/C5_target_only_s502 wall=129s windows=1696 loss=-23.4359
[robosuite WARNING] No private macro file found! (__init__.py:7)
[robosuite WARNING] It is recommended to use a private macro file (__init__.py:8)
[robosuite WARNING] To setup, run: python /home/ljc/miniconda/envs/robotda_x/lib/python3.12/site-packages/robosuite/scripts/setup_macros.py (__init__.py:9)
[robosuite WARNING] No private macro file found! (__init__.py:7)
[robosuite WARNING] It is recommended to use a private macro file (__init__.py:8)
[robosuite WARNING] To setup, run: python /home/ljc/miniconda/envs/robotda_x/lib/python3.12/site-packages/robosuite/scripts/setup_macros.py (__init__.py:9)
[robosuite WARNING] No private macro file found! (__init__.py:7)
[robosuite WARNING] It is recommended to use a private macro file (__init__.py:8)
[robosuite WARNING] To setup, run: python /home/ljc/miniconda/envs/robotda_x/lib/python3.12/site-packages/robosuite/scripts/setup_macros.py (__init__.py:9)
Local assets not found. Downloading from HuggingFace Hub...
Assets already downloaded at /home/ljc/.cache/libero/assets
Local assets not found. Downloading from HuggingFace Hub...
Assets already downloaded at /home/ljc/.cache/libero/assets
[probe] /mnt/sdb/ljc/RoboTDA-X/runs/stage_I/C5_target_only_s502 wall=298s
  C5: succ=0.25 (60 eps) plain=0.551 transp=0.389 inter=0.856
