[p2attr] ensemble=stageB: 15 members
[p2attr] probe bank: 135 demos, 16933 windows, 27 task functionals
[p2attr] TracIn C1_cotrain_s101 done (34s)
[p2attr] TRAK+IF C1_cotrain_s101 done (41s)
[p2attr] TracIn C1_cotrain_s102 done (74s)
[p2attr] TRAK+IF C1_cotrain_s102 done (80s)
[p2attr] TracIn C1_cotrain_s103 done (113s)
[p2attr] TRAK+IF C1_cotrain_s103 done (120s)
[p2attr] TracIn C1_cotrain_s104 done (151s)
[p2attr] TRAK+IF C1_cotrain_s104 done (157s)
[p2attr] TracIn C1_cotrain_s105 done (188s)
[p2attr] TRAK+IF C1_cotrain_s105 done (194s)
[p2attr] TracIn C2_cotrain_s101 done (224s)
[p2attr] TRAK+IF C2_cotrain_s101 done (230s)
[p2attr] TracIn C2_cotrain_s102 done (261s)
[p2attr] TRAK+IF C2_cotrain_s102 done (267s)
[p2attr] TracIn C2_cotrain_s103 done (297s)
[p2attr] TRAK+IF C2_cotrain_s103 done (303s)
[p2attr] TracIn C2_cotrain_s104 done (333s)
[p2attr] TRAK+IF C2_cotrain_s104 done (339s)
[p2attr] TracIn C2_cotrain_s105 done (372s)
[p2attr] TRAK+IF C2_cotrain_s105 done (377s)
[p2attr] TracIn C5_cotrain_s101 done (411s)
[p2attr] TRAK+IF C5_cotrain_s101 done (417s)
[p2attr] TracIn C5_cotrain_s102 done (450s)
[p2attr] TRAK+IF C5_cotrain_s102 done (456s)
[p2attr] TracIn C5_cotrain_s103 done (487s)
[p2attr] TRAK+IF C5_cotrain_s103 done (493s)
[p2attr] TracIn C5_cotrain_s104 done (524s)
[p2attr] TRAK+IF C5_cotrain_s104 done (529s)
[p2attr] TracIn C5_cotrain_s105 done (560s)
[p2attr] TRAK+IF C5_cotrain_s105 done (566s)
[p2attr] wrote /mnt/sdb/ljc/RoboTDA-X/phase2/results/per_task_influence_stageB.parquet: 10935 rows (3 attributors x 27 tasks x 135 demos = 10935) in 566s
