[train] ep 0 step 8/8000 loss 6.4359 (2s)
[train] ep 50 step 408/8000 loss -7.9507 (9s)
[train] ep 100 step 808/8000 loss -11.8464 (16s)
[train] ep 150 step 1208/8000 loss -13.9173 (23s)
[train] ep 200 step 1608/8000 loss -15.2577 (29s)
[train] ep 250 step 2008/8000 loss -15.9884 (36s)
[train] ep 300 step 2408/8000 loss -17.1924 (42s)
[train] ep 350 step 2808/8000 loss -17.6907 (48s)
[train] ep 400 step 3208/8000 loss -17.7910 (54s)
[train] ep 450 step 3608/8000 loss -19.7461 (61s)
[train] ep 500 step 4008/8000 loss -19.9029 (67s)
[train] ep 550 step 4408/8000 loss -20.8160 (73s)
[train] ep 600 step 4808/8000 loss -21.2899 (80s)
[train] ep 650 step 5208/8000 loss -21.7530 (86s)
[train] ep 700 step 5608/8000 loss -21.9141 (93s)
[train] ep 750 step 6008/8000 loss -22.2618 (99s)
[train] ep 800 step 6408/8000 loss -23.6043 (105s)
[train] ep 850 step 6808/8000 loss -23.5656 (112s)
[train] ep 900 step 7208/8000 loss -23.8995 (118s)
[train] ep 950 step 7608/8000 loss -24.1511 (124s)
[train] ep 999 step 8000/8000 loss -24.4225 (131s)
[train] DONE /mnt/sdb/ljc/RoboTDA-X/phase2/runs/P5/C5_influence_cov15_s501 wall=131s windows=2205 loss=-24.2341
[robosuite WARNING] No private macro file found! (__init__.py:7)
[robosuite WARNING] It is recommended to use a private macro file (__init__.py:8)
[robosuite WARNING] To setup, run: python /home/ljc/miniconda/envs/robotda_x/lib/python3.12/site-packages/robosuite/scripts/setup_macros.py (__init__.py:9)
[robosuite WARNING] No private macro file found! (__init__.py:7)
[robosuite WARNING] It is recommended to use a private macro file (__init__.py:8)
[robosuite WARNING] To setup, run: python /home/ljc/miniconda/envs/robotda_x/lib/python3.12/site-packages/robosuite/scripts/setup_macros.py (__init__.py:9)
[robosuite WARNING] No private macro file found! (__init__.py:7)
[robosuite WARNING] It is recommended to use a private macro file (__init__.py:8)
[robosuite WARNING] To setup, run: python /home/ljc/miniconda/envs/robotda_x/lib/python3.12/site-packages/robosuite/scripts/setup_macros.py (__init__.py:9)
Local assets not found. Downloading from HuggingFace Hub...
Assets already downloaded at /home/ljc/.cache/libero/assets
Local assets not found. Downloading from HuggingFace Hub...
Assets already downloaded at /home/ljc/.cache/libero/assets
[probe] /mnt/sdb/ljc/RoboTDA-X/phase2/runs/P5/C5_influence_cov15_s501 wall=274s
  C5: succ=0.03333333333333333 (60 eps) plain=0.595 transp=0.323 inter=1.110
