[train] ep 0 step 4/8000 loss 6.6502 (2s)
[train] ep 50 step 204/8000 loss -5.2036 (5s)
[train] ep 100 step 404/8000 loss -7.3621 (8s)
[train] ep 150 step 604/8000 loss -9.3921 (11s)
[train] ep 200 step 804/8000 loss -10.7519 (15s)
[train] ep 250 step 1004/8000 loss -11.5332 (18s)
[train] ep 300 step 1204/8000 loss -7.5601 (21s)
[train] ep 350 step 1404/8000 loss -11.3891 (24s)
[train] ep 400 step 1604/8000 loss -14.9761 (27s)
[train] ep 450 step 1804/8000 loss -15.9242 (30s)
[train] ep 500 step 2004/8000 loss -15.4513 (33s)
[train] ep 550 step 2204/8000 loss -16.1112 (36s)
[train] ep 600 step 2404/8000 loss -17.2332 (39s)
[train] ep 650 step 2604/8000 loss -18.3217 (42s)
[train] ep 700 step 2804/8000 loss -18.0239 (46s)
[train] ep 750 step 3004/8000 loss -16.2418 (49s)
[train] ep 800 step 3204/8000 loss -18.4545 (52s)
[train] ep 850 step 3404/8000 loss -19.0789 (55s)
[train] ep 900 step 3604/8000 loss -20.0988 (58s)
[train] ep 950 step 3804/8000 loss -19.7592 (61s)
[train] ep 1000 step 4004/8000 loss -19.2683 (64s)
[train] ep 1050 step 4204/8000 loss -20.7924 (67s)
[train] ep 1100 step 4404/8000 loss -21.1991 (70s)
[train] ep 1150 step 4604/8000 loss -21.5769 (73s)
[train] ep 1200 step 4804/8000 loss -20.4661 (77s)
[train] ep 1250 step 5004/8000 loss -22.2272 (80s)
[train] ep 1300 step 5204/8000 loss -21.9021 (83s)
[train] ep 1350 step 5404/8000 loss -22.4924 (86s)
[train] ep 1400 step 5604/8000 loss -22.9815 (89s)
[train] ep 1450 step 5804/8000 loss -23.3508 (92s)
[train] ep 1500 step 6004/8000 loss -23.0170 (95s)
[train] ep 1550 step 6204/8000 loss -23.7153 (98s)
[train] ep 1600 step 6404/8000 loss -23.9268 (102s)
[train] ep 1650 step 6604/8000 loss -23.8904 (105s)
[train] ep 1700 step 6804/8000 loss -24.0760 (108s)
[train] ep 1750 step 7004/8000 loss -24.6771 (111s)
[train] ep 1800 step 7204/8000 loss -24.7654 (114s)
[train] ep 1850 step 7404/8000 loss -24.8875 (117s)
[train] ep 1900 step 7604/8000 loss -24.9647 (120s)
[train] ep 1950 step 7804/8000 loss -24.7628 (124s)
[train] ep 1999 step 8000/8000 loss -24.9373 (127s)
[train] DONE /mnt/sdb/ljc/RoboTDA-X/runs/stage_D/D00_s102 wall=127s windows=1236 loss=-24.9954
[robosuite WARNING] No private macro file found! (__init__.py:7)
[robosuite WARNING] It is recommended to use a private macro file (__init__.py:8)
[robosuite WARNING] To setup, run: python /home/ljc/miniconda/envs/robotda_x/lib/python3.12/site-packages/robosuite/scripts/setup_macros.py (__init__.py:9)
[robosuite WARNING] No private macro file found! (__init__.py:7)
[robosuite WARNING] It is recommended to use a private macro file (__init__.py:8)
[robosuite WARNING] To setup, run: python /home/ljc/miniconda/envs/robotda_x/lib/python3.12/site-packages/robosuite/scripts/setup_macros.py (__init__.py:9)
[robosuite WARNING] No private macro file found! (__init__.py:7)
[robosuite WARNING] It is recommended to use a private macro file (__init__.py:8)
[robosuite WARNING] To setup, run: python /home/ljc/miniconda/envs/robotda_x/lib/python3.12/site-packages/robosuite/scripts/setup_macros.py (__init__.py:9)
[info] using task orders [0, 1, 2, 3, 4, 5, 6, 7, 8, 9]
[info] using task orders [0, 1, 2, 3, 4, 5, 6, 7, 8, 9]
Local assets not found. Downloading from HuggingFace Hub...
Assets already downloaded at /home/ljc/.cache/libero/assets
[info] using task orders [0, 1, 2, 3, 4, 5, 6, 7, 8, 9]
[info] using task orders [0, 1, 2, 3, 4, 5, 6, 7, 8, 9]
Local assets not found. Downloading from HuggingFace Hub...
Assets already downloaded at /home/ljc/.cache/libero/assets
[info] using task orders [0, 1, 2, 3, 4, 5, 6, 7, 8, 9]
[info] using task orders [0, 1, 2, 3, 4, 5, 6, 7, 8, 9]
Local assets not found. Downloading from HuggingFace Hub...
Assets already downloaded at /home/ljc/.cache/libero/assets
[probe] /mnt/sdb/ljc/RoboTDA-X/runs/stage_D/D00_s102 wall=114s
  C1: succ=0.0 (30 eps) plain=187.007 transp=195.733 inter=169.052
