[train] ep 0 step 4/8000 loss 6.4755 (2s)
[train] ep 50 step 204/8000 loss -6.2383 (5s)
[train] ep 100 step 404/8000 loss -5.4504 (8s)
[train] ep 150 step 604/8000 loss -10.0007 (12s)
[train] ep 200 step 804/8000 loss -11.8384 (15s)
[train] ep 250 step 1004/8000 loss -12.8844 (18s)
[train] ep 300 step 1204/8000 loss -12.2849 (21s)
[train] ep 350 step 1404/8000 loss -14.0344 (24s)
[train] ep 400 step 1604/8000 loss -14.7037 (28s)
[train] ep 450 step 1804/8000 loss -14.1182 (31s)
[train] ep 500 step 2004/8000 loss -12.4002 (34s)
[train] ep 550 step 2204/8000 loss -16.3350 (37s)
[train] ep 600 step 2404/8000 loss -17.4835 (40s)
[train] ep 650 step 2604/8000 loss -15.9858 (43s)
[train] ep 700 step 2804/8000 loss -17.6701 (46s)
[train] ep 750 step 3004/8000 loss -18.2479 (49s)
[train] ep 800 step 3204/8000 loss -19.2458 (53s)
[train] ep 850 step 3404/8000 loss -17.1578 (56s)
[train] ep 900 step 3604/8000 loss -19.1784 (59s)
[train] ep 950 step 3804/8000 loss -19.4209 (62s)
[train] ep 1000 step 4004/8000 loss -19.7356 (65s)
[train] ep 1050 step 4204/8000 loss -18.9098 (68s)
[train] ep 1100 step 4404/8000 loss -20.6510 (71s)
[train] ep 1150 step 4604/8000 loss -21.0432 (74s)
[train] ep 1200 step 4804/8000 loss -21.0581 (78s)
[train] ep 1250 step 5004/8000 loss -21.8807 (81s)
[train] ep 1300 step 5204/8000 loss -21.7381 (84s)
[train] ep 1350 step 5404/8000 loss -22.3846 (87s)
[train] ep 1400 step 5604/8000 loss -22.7360 (90s)
[train] ep 1450 step 5804/8000 loss -23.1363 (93s)
[train] ep 1500 step 6004/8000 loss -22.8768 (96s)
[train] ep 1550 step 6204/8000 loss -23.5342 (99s)
[train] ep 1600 step 6404/8000 loss -23.7913 (102s)
[train] ep 1650 step 6604/8000 loss -23.6916 (106s)
[train] ep 1700 step 6804/8000 loss -24.0748 (109s)
[train] ep 1750 step 7004/8000 loss -24.4617 (112s)
[train] ep 1800 step 7204/8000 loss -24.3091 (115s)
[train] ep 1850 step 7404/8000 loss -24.0437 (118s)
[train] ep 1900 step 7604/8000 loss -24.7634 (121s)
[train] ep 1950 step 7804/8000 loss -24.8699 (124s)
[train] ep 1999 step 8000/8000 loss -24.7027 (129s)
[train] DONE /mnt/sdb/ljc/RoboTDA-X/runs/stage_D/D00_s101 wall=129s windows=1236 loss=-24.5625
[robosuite WARNING] No private macro file found! (__init__.py:7)
[robosuite WARNING] It is recommended to use a private macro file (__init__.py:8)
[robosuite WARNING] To setup, run: python /home/ljc/miniconda/envs/robotda_x/lib/python3.12/site-packages/robosuite/scripts/setup_macros.py (__init__.py:9)
[robosuite WARNING] No private macro file found! (__init__.py:7)
[robosuite WARNING] It is recommended to use a private macro file (__init__.py:8)
[robosuite WARNING] To setup, run: python /home/ljc/miniconda/envs/robotda_x/lib/python3.12/site-packages/robosuite/scripts/setup_macros.py (__init__.py:9)
[robosuite WARNING] No private macro file found! (__init__.py:7)
[robosuite WARNING] It is recommended to use a private macro file (__init__.py:8)
[robosuite WARNING] To setup, run: python /home/ljc/miniconda/envs/robotda_x/lib/python3.12/site-packages/robosuite/scripts/setup_macros.py (__init__.py:9)
[info] using task orders [0, 1, 2, 3, 4, 5, 6, 7, 8, 9]
[info] using task orders [0, 1, 2, 3, 4, 5, 6, 7, 8, 9]
Local assets not found. Downloading from HuggingFace Hub...
Assets already downloaded at /home/ljc/.cache/libero/assets
[info] using task orders [0, 1, 2, 3, 4, 5, 6, 7, 8, 9]
[info] using task orders [0, 1, 2, 3, 4, 5, 6, 7, 8, 9]
Local assets not found. Downloading from HuggingFace Hub...
Assets already downloaded at /home/ljc/.cache/libero/assets
[probe] /mnt/sdb/ljc/RoboTDA-X/runs/stage_D/D00_s101 wall=131s
  C1: succ=0.23333333333333334 (30 eps) plain=23.597 transp=23.795 inter=23.192
