[train] ep 0 step 3/8000 loss 6.6068 (2s)
[train] ep 50 step 153/8000 loss -5.2925 (5s)
[train] ep 100 step 303/8000 loss -6.5293 (8s)
[train] ep 150 step 453/8000 loss -8.0671 (10s)
[train] ep 200 step 603/8000 loss -9.8412 (13s)
[train] ep 250 step 753/8000 loss -10.5054 (16s)
[train] ep 300 step 903/8000 loss -12.6115 (18s)
[train] ep 350 step 1053/8000 loss -10.4138 (21s)
[train] ep 400 step 1203/8000 loss -14.6443 (24s)
[train] ep 450 step 1353/8000 loss -13.7183 (26s)
[train] ep 500 step 1503/8000 loss -15.4815 (29s)
[train] ep 550 step 1653/8000 loss -13.9759 (32s)
[train] ep 600 step 1803/8000 loss -15.4871 (34s)
[train] ep 650 step 1953/8000 loss -15.9997 (37s)
[train] ep 700 step 2103/8000 loss -16.4688 (40s)
[train] ep 750 step 2253/8000 loss -17.5078 (42s)
[train] ep 800 step 2403/8000 loss -18.0517 (45s)
[train] ep 850 step 2553/8000 loss -18.7138 (48s)
[train] ep 900 step 2703/8000 loss -19.1708 (50s)
[train] ep 950 step 2853/8000 loss -18.7492 (53s)
[train] ep 1000 step 3003/8000 loss -18.8143 (56s)
[train] ep 1050 step 3153/8000 loss -18.2416 (58s)
[train] ep 1100 step 3303/8000 loss -18.9850 (61s)
[train] ep 1150 step 3453/8000 loss -20.4005 (64s)
[train] ep 1200 step 3603/8000 loss -21.1973 (66s)
[train] ep 1250 step 3753/8000 loss -20.5425 (69s)
[train] ep 1300 step 3903/8000 loss -20.8907 (72s)
[train] ep 1350 step 4053/8000 loss -19.2146 (74s)
[train] ep 1400 step 4203/8000 loss -21.4289 (77s)
[train] ep 1450 step 4353/8000 loss -21.2122 (80s)
[train] ep 1500 step 4503/8000 loss -20.6930 (82s)
[train] ep 1550 step 4653/8000 loss -22.5813 (84s)
[train] ep 1600 step 4803/8000 loss -22.5367 (87s)
[train] ep 1650 step 4953/8000 loss -22.6237 (89s)
[train] ep 1700 step 5103/8000 loss -22.7337 (92s)
[train] ep 1750 step 5253/8000 loss -22.8639 (94s)
[train] ep 1800 step 5403/8000 loss -23.2330 (97s)
[train] ep 1850 step 5553/8000 loss -22.8251 (99s)
[train] ep 1900 step 5703/8000 loss -23.8211 (101s)
[train] ep 1950 step 5853/8000 loss -23.8905 (104s)
[train] ep 2000 step 6003/8000 loss -24.1673 (107s)
[train] ep 2050 step 6153/8000 loss -24.4959 (109s)
[train] ep 2100 step 6303/8000 loss -22.9639 (112s)
[train] ep 2150 step 6453/8000 loss -24.7127 (115s)
[train] ep 2200 step 6603/8000 loss -25.1514 (117s)
[train] ep 2250 step 6753/8000 loss -24.1742 (119s)
[train] ep 2300 step 6903/8000 loss -25.3431 (122s)
[train] ep 2350 step 7053/8000 loss -24.9530 (124s)
[train] ep 2400 step 7203/8000 loss -25.4637 (127s)
[train] ep 2450 step 7353/8000 loss -25.1738 (130s)
[train] ep 2500 step 7503/8000 loss -25.7598 (132s)
[train] ep 2550 step 7653/8000 loss -25.3593 (135s)
[train] ep 2600 step 7803/8000 loss -25.3363 (138s)
[train] ep 2650 step 7953/8000 loss -25.8588 (140s)
[train] ep 2666 step 8000/8000 loss -26.0411 (141s)
[train] DONE /mnt/sdb/ljc/RoboTDA-X/runs/stage_D/D01_s102 wall=141s windows=892 loss=-25.7989
[robosuite WARNING] No private macro file found! (__init__.py:7)
[robosuite WARNING] It is recommended to use a private macro file (__init__.py:8)
[robosuite WARNING] To setup, run: python /home/ljc/miniconda/envs/robotda_x/lib/python3.12/site-packages/robosuite/scripts/setup_macros.py (__init__.py:9)
[robosuite WARNING] No private macro file found! (__init__.py:7)
[robosuite WARNING] It is recommended to use a private macro file (__init__.py:8)
[robosuite WARNING] To setup, run: python /home/ljc/miniconda/envs/robotda_x/lib/python3.12/site-packages/robosuite/scripts/setup_macros.py (__init__.py:9)
[robosuite WARNING] No private macro file found! (__init__.py:7)
[robosuite WARNING] It is recommended to use a private macro file (__init__.py:8)
[robosuite WARNING] To setup, run: python /home/ljc/miniconda/envs/robotda_x/lib/python3.12/site-packages/robosuite/scripts/setup_macros.py (__init__.py:9)
[info] using task orders [0, 1, 2, 3, 4, 5, 6, 7, 8, 9]
[info] using task orders [0, 1, 2, 3, 4, 5, 6, 7, 8, 9]
Local assets not found. Downloading from HuggingFace Hub...
Assets already downloaded at /home/ljc/.cache/libero/assets
[probe] /mnt/sdb/ljc/RoboTDA-X/runs/stage_D/D01_s102 wall=121s
  C1: succ=0.03333333333333333 (30 eps) plain=15.312 transp=15.950 inter=13.998
