[train] ep 0 step 4/8000 loss 6.5242 (2s)
[train] ep 50 step 204/8000 loss -5.7631 (5s)
[train] ep 100 step 404/8000 loss -7.5192 (9s)
[train] ep 150 step 604/8000 loss -10.2076 (12s)
[train] ep 200 step 804/8000 loss -10.9191 (15s)
[train] ep 250 step 1004/8000 loss -13.3182 (18s)
[train] ep 300 step 1204/8000 loss -12.6234 (21s)
[train] ep 350 step 1404/8000 loss -13.7178 (24s)
[train] ep 400 step 1604/8000 loss -14.0035 (27s)
[train] ep 450 step 1804/8000 loss -14.5810 (31s)
[train] ep 500 step 2004/8000 loss -14.3220 (34s)
[train] ep 550 step 2204/8000 loss -16.9315 (37s)
[train] ep 600 step 2404/8000 loss -16.3533 (40s)
[train] ep 650 step 2604/8000 loss -17.0068 (43s)
[train] ep 700 step 2804/8000 loss -16.8255 (46s)
[train] ep 750 step 3004/8000 loss -18.4694 (49s)
[train] ep 800 step 3204/8000 loss -19.1284 (52s)
[train] ep 850 step 3404/8000 loss -18.0849 (56s)
[train] ep 900 step 3604/8000 loss -19.7460 (59s)
[train] ep 950 step 3804/8000 loss -19.3745 (62s)
[train] ep 1000 step 4004/8000 loss -20.1367 (65s)
[train] ep 1050 step 4204/8000 loss -19.5895 (68s)
[train] ep 1100 step 4404/8000 loss -19.9583 (71s)
[train] ep 1150 step 4604/8000 loss -20.9740 (74s)
[train] ep 1200 step 4804/8000 loss -21.2966 (77s)
[train] ep 1250 step 5004/8000 loss -21.4813 (81s)
[train] ep 1300 step 5204/8000 loss -22.1626 (84s)
[train] ep 1350 step 5404/8000 loss -22.4190 (87s)
[train] ep 1400 step 5604/8000 loss -22.4132 (90s)
[train] ep 1450 step 5804/8000 loss -22.9332 (93s)
[train] ep 1500 step 6004/8000 loss -22.8114 (96s)
[train] ep 1550 step 6204/8000 loss -23.3513 (99s)
[train] ep 1600 step 6404/8000 loss -23.6722 (102s)
[train] ep 1650 step 6604/8000 loss -23.6704 (105s)
[train] ep 1700 step 6804/8000 loss -23.9184 (109s)
[train] ep 1750 step 7004/8000 loss -23.9901 (112s)
[train] ep 1800 step 7204/8000 loss -24.6007 (115s)
[train] ep 1850 step 7404/8000 loss -24.4449 (118s)
[train] ep 1900 step 7604/8000 loss -24.4770 (121s)
[train] ep 1950 step 7804/8000 loss -24.2501 (124s)
[train] ep 1999 step 8000/8000 loss -24.2236 (127s)
[train] DONE /mnt/sdb/ljc/RoboTDA-X/runs/stage_D/D02_s102 wall=127s windows=1134 loss=-24.2388
[robosuite WARNING] No private macro file found! (__init__.py:7)
[robosuite WARNING] It is recommended to use a private macro file (__init__.py:8)
[robosuite WARNING] To setup, run: python /home/ljc/miniconda/envs/robotda_x/lib/python3.12/site-packages/robosuite/scripts/setup_macros.py (__init__.py:9)
[robosuite WARNING] No private macro file found! (__init__.py:7)
[robosuite WARNING] It is recommended to use a private macro file (__init__.py:8)
[robosuite WARNING] To setup, run: python /home/ljc/miniconda/envs/robotda_x/lib/python3.12/site-packages/robosuite/scripts/setup_macros.py (__init__.py:9)
[robosuite WARNING] No private macro file found! (__init__.py:7)
[robosuite WARNING] It is recommended to use a private macro file (__init__.py:8)
[robosuite WARNING] To setup, run: python /home/ljc/miniconda/envs/robotda_x/lib/python3.12/site-packages/robosuite/scripts/setup_macros.py (__init__.py:9)
[info] using task orders [0, 1, 2, 3, 4, 5, 6, 7, 8, 9]
[info] using task orders [0, 1, 2, 3, 4, 5, 6, 7, 8, 9]
Local assets not found. Downloading from HuggingFace Hub...
Assets already downloaded at /home/ljc/.cache/libero/assets
[info] using task orders [0, 1, 2, 3, 4, 5, 6, 7, 8, 9]
[info] using task orders [0, 1, 2, 3, 4, 5, 6, 7, 8, 9]
Local assets not found. Downloading from HuggingFace Hub...
Assets already downloaded at /home/ljc/.cache/libero/assets
[probe] /mnt/sdb/ljc/RoboTDA-X/runs/stage_D/D02_s102 wall=113s
  C1: succ=0.03333333333333333 (30 eps) plain=32.417 transp=31.723 inter=33.845
