[train] ep 0 step 3/8000 loss 6.5044 (2s)
[train] ep 50 step 153/8000 loss -5.1748 (4s)
[train] ep 100 step 303/8000 loss -6.2240 (7s)
[train] ep 150 step 453/8000 loss -8.6934 (9s)
[train] ep 200 step 603/8000 loss -9.2899 (11s)
[train] ep 250 step 753/8000 loss -10.9205 (14s)
[train] ep 300 step 903/8000 loss -10.0781 (16s)
[train] ep 350 step 1053/8000 loss -12.1486 (18s)
[train] ep 400 step 1203/8000 loss -13.6599 (21s)
[train] ep 450 step 1353/8000 loss -13.5396 (23s)
[train] ep 500 step 1503/8000 loss -15.1202 (25s)
[train] ep 550 step 1653/8000 loss -14.5152 (28s)
[train] ep 600 step 1803/8000 loss -16.1812 (30s)
[train] ep 650 step 1953/8000 loss -15.9445 (32s)
[train] ep 700 step 2103/8000 loss -15.9473 (34s)
[train] ep 750 step 2253/8000 loss -17.9736 (37s)
[train] ep 800 step 2403/8000 loss -17.9812 (39s)
[train] ep 850 step 2553/8000 loss -16.9491 (41s)
[train] ep 900 step 2703/8000 loss -17.4095 (44s)
[train] ep 950 step 2853/8000 loss -18.6028 (46s)
[train] ep 1000 step 3003/8000 loss -18.7407 (48s)
[train] ep 1050 step 3153/8000 loss -18.7185 (50s)
[train] ep 1100 step 3303/8000 loss -19.1523 (53s)
[train] ep 1150 step 3453/8000 loss -19.3991 (56s)
[train] ep 1200 step 3603/8000 loss -20.0607 (58s)
[train] ep 1250 step 3753/8000 loss -20.2656 (61s)
[train] ep 1300 step 3903/8000 loss -21.1207 (63s)
[train] ep 1350 step 4053/8000 loss -21.1888 (65s)
[train] ep 1400 step 4203/8000 loss -20.3617 (67s)
[train] ep 1450 step 4353/8000 loss -21.1337 (70s)
[train] ep 1500 step 4503/8000 loss -21.6726 (72s)
[train] ep 1550 step 4653/8000 loss -20.4196 (74s)
[train] ep 1600 step 4803/8000 loss -22.0875 (77s)
[train] ep 1650 step 4953/8000 loss -21.5513 (79s)
[train] ep 1700 step 5103/8000 loss -22.0822 (81s)
[train] ep 1750 step 5253/8000 loss -22.2728 (84s)
[train] ep 1800 step 5403/8000 loss -22.6330 (86s)
[train] ep 1850 step 5553/8000 loss -22.8110 (88s)
[train] ep 1900 step 5703/8000 loss -23.3338 (91s)
[train] ep 1950 step 5853/8000 loss -23.0487 (93s)
[train] ep 2000 step 6003/8000 loss -23.4989 (95s)
[train] ep 2050 step 6153/8000 loss -23.9487 (97s)
[train] ep 2100 step 6303/8000 loss -23.7256 (100s)
[train] ep 2150 step 6453/8000 loss -23.9838 (102s)
[train] ep 2200 step 6603/8000 loss -24.2342 (105s)
[train] ep 2250 step 6753/8000 loss -24.4949 (107s)
[train] ep 2300 step 6903/8000 loss -24.3091 (110s)
[train] ep 2350 step 7053/8000 loss -24.9098 (112s)
[train] ep 2400 step 7203/8000 loss -24.5190 (114s)
[train] ep 2450 step 7353/8000 loss -25.0264 (116s)
[train] ep 2500 step 7503/8000 loss -24.7760 (119s)
[train] ep 2550 step 7653/8000 loss -24.7053 (121s)
[train] ep 2600 step 7803/8000 loss -25.1797 (123s)
[train] ep 2650 step 7953/8000 loss -25.1196 (126s)
[train] ep 2666 step 8000/8000 loss -25.0418 (127s)
[train] DONE /mnt/sdb/ljc/RoboTDA-X/runs/stage_D/D03_s101 wall=127s windows=944 loss=-25.1047
[robosuite WARNING] No private macro file found! (__init__.py:7)
[robosuite WARNING] It is recommended to use a private macro file (__init__.py:8)
[robosuite WARNING] To setup, run: python /home/ljc/miniconda/envs/robotda_x/lib/python3.12/site-packages/robosuite/scripts/setup_macros.py (__init__.py:9)
[robosuite WARNING] No private macro file found! (__init__.py:7)
[robosuite WARNING] It is recommended to use a private macro file (__init__.py:8)
[robosuite WARNING] To setup, run: python /home/ljc/miniconda/envs/robotda_x/lib/python3.12/site-packages/robosuite/scripts/setup_macros.py (__init__.py:9)
[robosuite WARNING] No private macro file found! (__init__.py:7)
[robosuite WARNING] It is recommended to use a private macro file (__init__.py:8)
[robosuite WARNING] To setup, run: python /home/ljc/miniconda/envs/robotda_x/lib/python3.12/site-packages/robosuite/scripts/setup_macros.py (__init__.py:9)
[info] using task orders [0, 1, 2, 3, 4, 5, 6, 7, 8, 9]
[info] using task orders [0, 1, 2, 3, 4, 5, 6, 7, 8, 9]
Local assets not found. Downloading from HuggingFace Hub...
Assets already downloaded at /home/ljc/.cache/libero/assets
[info] using task orders [0, 1, 2, 3, 4, 5, 6, 7, 8, 9]
[info] using task orders [0, 1, 2, 3, 4, 5, 6, 7, 8, 9]
Local assets not found. Downloading from HuggingFace Hub...
Assets already downloaded at /home/ljc/.cache/libero/assets
[probe] /mnt/sdb/ljc/RoboTDA-X/runs/stage_D/D03_s101 wall=123s
  C1: succ=0.0 (30 eps) plain=16.780 transp=16.885 inter=16.565
