[train] ep 0 step 3/8000 loss 6.6025 (2s)
[train] ep 50 step 153/8000 loss -4.3389 (5s)
[train] ep 100 step 303/8000 loss -5.6138 (7s)
[train] ep 150 step 453/8000 loss -6.8402 (9s)
[train] ep 200 step 603/8000 loss -7.6546 (12s)
[train] ep 250 step 753/8000 loss -10.5542 (14s)
[train] ep 300 step 903/8000 loss -9.5968 (16s)
[train] ep 350 step 1053/8000 loss -9.5147 (19s)
[train] ep 400 step 1203/8000 loss -12.0875 (21s)
[train] ep 450 step 1353/8000 loss -12.3154 (23s)
[train] ep 500 step 1503/8000 loss -13.3346 (26s)
[train] ep 550 step 1653/8000 loss -12.9188 (28s)
[train] ep 600 step 1803/8000 loss -15.1715 (31s)
[train] ep 650 step 1953/8000 loss -15.6827 (33s)
[train] ep 700 step 2103/8000 loss -14.8191 (35s)
[train] ep 750 step 2253/8000 loss -14.6622 (38s)
[train] ep 800 step 2403/8000 loss -16.5002 (40s)
[train] ep 850 step 2553/8000 loss -17.0815 (42s)
[train] ep 900 step 2703/8000 loss -16.8114 (45s)
[train] ep 950 step 2853/8000 loss -17.6029 (47s)
[train] ep 1000 step 3003/8000 loss -17.9415 (50s)
[train] ep 1050 step 3153/8000 loss -18.2177 (52s)
[train] ep 1100 step 3303/8000 loss -18.0746 (54s)
[train] ep 1150 step 3453/8000 loss -19.2293 (57s)
[train] ep 1200 step 3603/8000 loss -19.5008 (59s)
[train] ep 1250 step 3753/8000 loss -19.4491 (61s)
[train] ep 1300 step 3903/8000 loss -18.7136 (64s)
[train] ep 1350 step 4053/8000 loss -19.6646 (66s)
[train] ep 1400 step 4203/8000 loss -18.9287 (69s)
[train] ep 1450 step 4353/8000 loss -20.4994 (71s)
[train] ep 1500 step 4503/8000 loss -20.8215 (73s)
[train] ep 1550 step 4653/8000 loss -21.1425 (76s)
[train] ep 1600 step 4803/8000 loss -21.4076 (78s)
[train] ep 1650 step 4953/8000 loss -21.6551 (80s)
[train] ep 1700 step 5103/8000 loss -21.4643 (83s)
[train] ep 1750 step 5253/8000 loss -21.6754 (86s)
[train] ep 1800 step 5403/8000 loss -22.2977 (88s)
[train] ep 1850 step 5553/8000 loss -22.1835 (91s)
[train] ep 1900 step 5703/8000 loss -22.6904 (94s)
[train] ep 1950 step 5853/8000 loss -23.0202 (96s)
[train] ep 2000 step 6003/8000 loss -22.3180 (99s)
[train] ep 2050 step 6153/8000 loss -22.7890 (102s)
[train] ep 2100 step 6303/8000 loss -23.2095 (104s)
[train] ep 2150 step 6453/8000 loss -23.3765 (107s)
[train] ep 2200 step 6603/8000 loss -23.5622 (109s)
[train] ep 2250 step 6753/8000 loss -23.7396 (112s)
[train] ep 2300 step 6903/8000 loss -23.7583 (114s)
[train] ep 2350 step 7053/8000 loss -23.6400 (116s)
[train] ep 2400 step 7203/8000 loss -23.8969 (119s)
[train] ep 2450 step 7353/8000 loss -24.2209 (121s)
[train] ep 2500 step 7503/8000 loss -24.0650 (123s)
[train] ep 2550 step 7653/8000 loss -24.1213 (126s)
[train] ep 2600 step 7803/8000 loss -24.2108 (128s)
[train] ep 2650 step 7953/8000 loss -24.2120 (130s)
[train] ep 2666 step 8000/8000 loss -24.1572 (131s)
[train] DONE /mnt/sdb/ljc/RoboTDA-X/runs/stage_D/D04_s101 wall=131s windows=962 loss=-24.3050
[robosuite WARNING] No private macro file found! (__init__.py:7)
[robosuite WARNING] It is recommended to use a private macro file (__init__.py:8)
[robosuite WARNING] To setup, run: python /home/ljc/miniconda/envs/robotda_x/lib/python3.12/site-packages/robosuite/scripts/setup_macros.py (__init__.py:9)
[robosuite WARNING] No private macro file found! (__init__.py:7)
[robosuite WARNING] It is recommended to use a private macro file (__init__.py:8)
[robosuite WARNING] To setup, run: python /home/ljc/miniconda/envs/robotda_x/lib/python3.12/site-packages/robosuite/scripts/setup_macros.py (__init__.py:9)
[robosuite WARNING] No private macro file found! (__init__.py:7)
[robosuite WARNING] It is recommended to use a private macro file (__init__.py:8)
[robosuite WARNING] To setup, run: python /home/ljc/miniconda/envs/robotda_x/lib/python3.12/site-packages/robosuite/scripts/setup_macros.py (__init__.py:9)
[info] using task orders [0, 1, 2, 3, 4, 5, 6, 7, 8, 9]
[info] using task orders [0, 1, 2, 3, 4, 5, 6, 7, 8, 9]
Local assets not found. Downloading from HuggingFace Hub...
Assets already downloaded at /home/ljc/.cache/libero/assets
[info] using task orders [0, 1, 2, 3, 4, 5, 6, 7, 8, 9]
[info] using task orders [0, 1, 2, 3, 4, 5, 6, 7, 8, 9]
Local assets not found. Downloading from HuggingFace Hub...
Assets already downloaded at /home/ljc/.cache/libero/assets
[probe] /mnt/sdb/ljc/RoboTDA-X/runs/stage_D/D04_s101 wall=115s
  C1: succ=0.03333333333333333 (30 eps) plain=64.156 transp=71.195 inter=49.673
