[train] ep 0 step 3/8000 loss 6.4880 (2s)
[train] ep 50 step 153/8000 loss -5.2758 (4s)
[train] ep 100 step 303/8000 loss -7.4594 (7s)
[train] ep 150 step 453/8000 loss -7.8133 (9s)
[train] ep 200 step 603/8000 loss -9.8532 (12s)
[train] ep 250 step 753/8000 loss -11.6348 (14s)
[train] ep 300 step 903/8000 loss -13.1724 (16s)
[train] ep 350 step 1053/8000 loss -11.6745 (19s)
[train] ep 400 step 1203/8000 loss -13.7818 (21s)
[train] ep 450 step 1353/8000 loss -15.0273 (23s)
[train] ep 500 step 1503/8000 loss -14.0022 (26s)
[train] ep 550 step 1653/8000 loss -15.3880 (28s)
[train] ep 600 step 1803/8000 loss -16.5047 (30s)
[train] ep 650 step 1953/8000 loss -17.1248 (33s)
[train] ep 700 step 2103/8000 loss -14.1948 (35s)
[train] ep 750 step 2253/8000 loss -17.4881 (37s)
[train] ep 800 step 2403/8000 loss -17.9777 (40s)
[train] ep 850 step 2553/8000 loss -17.1905 (42s)
[train] ep 900 step 2703/8000 loss -18.3111 (44s)
[train] ep 950 step 2853/8000 loss -19.3323 (47s)
[train] ep 1000 step 3003/8000 loss -19.4896 (49s)
[train] ep 1050 step 3153/8000 loss -19.2870 (51s)
[train] ep 1100 step 3303/8000 loss -20.2167 (54s)
[train] ep 1150 step 3453/8000 loss -20.4216 (56s)
[train] ep 1200 step 3603/8000 loss -19.8939 (58s)
[train] ep 1250 step 3753/8000 loss -19.7919 (61s)
[train] ep 1300 step 3903/8000 loss -19.9832 (63s)
[train] ep 1350 step 4053/8000 loss -21.5107 (65s)
[train] ep 1400 step 4203/8000 loss -20.6307 (68s)
[train] ep 1450 step 4353/8000 loss -20.4457 (70s)
[train] ep 1500 step 4503/8000 loss -22.0625 (72s)
[train] ep 1550 step 4653/8000 loss -22.5163 (75s)
[train] ep 1600 step 4803/8000 loss -22.5387 (77s)
[train] ep 1650 step 4953/8000 loss -22.3787 (79s)
[train] ep 1700 step 5103/8000 loss -21.2111 (82s)
[train] ep 1750 step 5253/8000 loss -22.6988 (84s)
[train] ep 1800 step 5403/8000 loss -23.0671 (86s)
[train] ep 1850 step 5553/8000 loss -23.1842 (89s)
[train] ep 1900 step 5703/8000 loss -23.7188 (91s)
[train] ep 1950 step 5853/8000 loss -24.3015 (93s)
[train] ep 2000 step 6003/8000 loss -23.6569 (96s)
[train] ep 2050 step 6153/8000 loss -24.7810 (98s)
[train] ep 2100 step 6303/8000 loss -24.6110 (100s)
[train] ep 2150 step 6453/8000 loss -24.8653 (103s)
[train] ep 2200 step 6603/8000 loss -24.6536 (105s)
[train] ep 2250 step 6753/8000 loss -25.1120 (107s)
[train] ep 2300 step 6903/8000 loss -25.2855 (110s)
[train] ep 2350 step 7053/8000 loss -25.3640 (112s)
[train] ep 2400 step 7203/8000 loss -24.9272 (115s)
[train] ep 2450 step 7353/8000 loss -25.5794 (117s)
[train] ep 2500 step 7503/8000 loss -25.7406 (119s)
[train] ep 2550 step 7653/8000 loss -25.9222 (122s)
[train] ep 2600 step 7803/8000 loss -25.8392 (124s)
[train] ep 2650 step 7953/8000 loss -25.7241 (126s)
[train] ep 2666 step 8000/8000 loss -25.7932 (127s)
[train] DONE /mnt/sdb/ljc/RoboTDA-X/runs/stage_D/D04_s102 wall=127s windows=962 loss=-25.7132
[robosuite WARNING] No private macro file found! (__init__.py:7)
[robosuite WARNING] It is recommended to use a private macro file (__init__.py:8)
[robosuite WARNING] To setup, run: python /home/ljc/miniconda/envs/robotda_x/lib/python3.12/site-packages/robosuite/scripts/setup_macros.py (__init__.py:9)
[robosuite WARNING] No private macro file found! (__init__.py:7)
[robosuite WARNING] It is recommended to use a private macro file (__init__.py:8)
[robosuite WARNING] To setup, run: python /home/ljc/miniconda/envs/robotda_x/lib/python3.12/site-packages/robosuite/scripts/setup_macros.py (__init__.py:9)
[robosuite WARNING] No private macro file found! (__init__.py:7)
[robosuite WARNING] It is recommended to use a private macro file (__init__.py:8)
[robosuite WARNING] To setup, run: python /home/ljc/miniconda/envs/robotda_x/lib/python3.12/site-packages/robosuite/scripts/setup_macros.py (__init__.py:9)
[info] using task orders [0, 1, 2, 3, 4, 5, 6, 7, 8, 9]
[info] using task orders [0, 1, 2, 3, 4, 5, 6, 7, 8, 9]
Local assets not found. Downloading from HuggingFace Hub...
Assets already downloaded at /home/ljc/.cache/libero/assets
[info] using task orders [0, 1, 2, 3, 4, 5, 6, 7, 8, 9]
[info] using task orders [0, 1, 2, 3, 4, 5, 6, 7, 8, 9]
Local assets not found. Downloading from HuggingFace Hub...
Assets already downloaded at /home/ljc/.cache/libero/assets
[probe] /mnt/sdb/ljc/RoboTDA-X/runs/stage_D/D04_s102 wall=118s
  C1: succ=0.03333333333333333 (30 eps) plain=286.069 transp=298.366 inter=260.768
