[train] ep 0 step 4/8000 loss 6.4058 (2s)
[train] ep 50 step 204/8000 loss -6.0682 (6s)
[train] ep 100 step 404/8000 loss -7.8925 (9s)
[train] ep 150 step 604/8000 loss -10.3401 (13s)
[train] ep 200 step 804/8000 loss -10.6396 (16s)
[train] ep 250 step 1004/8000 loss -12.2605 (20s)
[train] ep 300 step 1204/8000 loss -12.8361 (23s)
[train] ep 350 step 1404/8000 loss -14.6741 (27s)
[train] ep 400 step 1604/8000 loss -14.8304 (30s)
[train] ep 450 step 1804/8000 loss -16.1971 (34s)
[train] ep 500 step 2004/8000 loss -16.9933 (37s)
[train] ep 550 step 2204/8000 loss -15.4880 (41s)
[train] ep 600 step 2404/8000 loss -17.1811 (45s)
[train] ep 650 step 2604/8000 loss -17.7817 (48s)
[train] ep 700 step 2804/8000 loss -18.2590 (52s)
[train] ep 750 step 3004/8000 loss -18.7684 (55s)
[train] ep 800 step 3204/8000 loss -18.2469 (59s)
[train] ep 850 step 3404/8000 loss -19.7014 (63s)
[train] ep 900 step 3604/8000 loss -19.1370 (66s)
[train] ep 950 step 3804/8000 loss -19.3248 (70s)
[train] ep 1000 step 4004/8000 loss -19.9153 (73s)
[train] ep 1050 step 4204/8000 loss -20.4206 (76s)
[train] ep 1100 step 4404/8000 loss -21.0436 (79s)
[train] ep 1150 step 4604/8000 loss -21.5112 (83s)
[train] ep 1200 step 4804/8000 loss -21.6722 (86s)
[train] ep 1250 step 5004/8000 loss -21.9027 (91s)
[train] ep 1300 step 5204/8000 loss -21.9844 (95s)
[train] ep 1350 step 5404/8000 loss -22.9323 (99s)
[train] ep 1400 step 5604/8000 loss -22.9238 (103s)
[train] ep 1450 step 5804/8000 loss -23.0734 (107s)
[train] ep 1500 step 6004/8000 loss -23.2780 (110s)
[train] ep 1550 step 6204/8000 loss -23.0085 (113s)
[train] ep 1600 step 6404/8000 loss -23.6976 (116s)
[train] ep 1650 step 6604/8000 loss -23.8428 (119s)
[train] ep 1700 step 6804/8000 loss -24.2283 (123s)
[train] ep 1750 step 7004/8000 loss -23.8984 (127s)
[train] ep 1800 step 7204/8000 loss -24.5652 (130s)
[train] ep 1850 step 7404/8000 loss -24.6104 (134s)
[train] ep 1900 step 7604/8000 loss -24.7941 (137s)
[train] ep 1950 step 7804/8000 loss -24.5441 (141s)
[train] ep 1999 step 8000/8000 loss -24.5916 (144s)
[train] DONE /mnt/sdb/ljc/RoboTDA-X/runs/stage_D/D05_s101 wall=144s windows=1247 loss=-24.7497
[robosuite WARNING] No private macro file found! (__init__.py:7)
[robosuite WARNING] It is recommended to use a private macro file (__init__.py:8)
[robosuite WARNING] To setup, run: python /home/ljc/miniconda/envs/robotda_x/lib/python3.12/site-packages/robosuite/scripts/setup_macros.py (__init__.py:9)
[robosuite WARNING] No private macro file found! (__init__.py:7)
[robosuite WARNING] It is recommended to use a private macro file (__init__.py:8)
[robosuite WARNING] To setup, run: python /home/ljc/miniconda/envs/robotda_x/lib/python3.12/site-packages/robosuite/scripts/setup_macros.py (__init__.py:9)
[robosuite WARNING] No private macro file found! (__init__.py:7)
[robosuite WARNING] It is recommended to use a private macro file (__init__.py:8)
[robosuite WARNING] To setup, run: python /home/ljc/miniconda/envs/robotda_x/lib/python3.12/site-packages/robosuite/scripts/setup_macros.py (__init__.py:9)
[info] using task orders [0, 1, 2, 3, 4, 5, 6, 7, 8, 9]
[info] using task orders [0, 1, 2, 3, 4, 5, 6, 7, 8, 9]
Local assets not found. Downloading from HuggingFace Hub...
Assets already downloaded at /home/ljc/.cache/libero/assets
[info] using task orders [0, 1, 2, 3, 4, 5, 6, 7, 8, 9]
[info] using task orders [0, 1, 2, 3, 4, 5, 6, 7, 8, 9]
Local assets not found. Downloading from HuggingFace Hub...
Assets already downloaded at /home/ljc/.cache/libero/assets
[info] using task orders [0, 1, 2, 3, 4, 5, 6, 7, 8, 9]
[info] using task orders [0, 1, 2, 3, 4, 5, 6, 7, 8, 9]
Local assets not found. Downloading from HuggingFace Hub...
Assets already downloaded at /home/ljc/.cache/libero/assets
[probe] /mnt/sdb/ljc/RoboTDA-X/runs/stage_D/D05_s101 wall=109s
  C1: succ=0.2 (30 eps) plain=16.079 transp=16.510 inter=15.190
