[train] ep 0 step 3/8000 loss 6.5499 (2s)
[train] ep 50 step 153/8000 loss -4.9577 (5s)
[train] ep 100 step 303/8000 loss -5.9780 (7s)
[train] ep 150 step 453/8000 loss -7.9818 (9s)
[train] ep 200 step 603/8000 loss -9.3972 (12s)
[train] ep 250 step 753/8000 loss -10.3832 (14s)
[train] ep 300 step 903/8000 loss -10.6357 (16s)
[train] ep 350 step 1053/8000 loss -11.5545 (19s)
[train] ep 400 step 1203/8000 loss -12.6930 (21s)
[train] ep 450 step 1353/8000 loss -13.7512 (23s)
[train] ep 500 step 1503/8000 loss -13.8568 (26s)
[train] ep 550 step 1653/8000 loss -13.0550 (28s)
[train] ep 600 step 1803/8000 loss -14.8559 (31s)
[train] ep 650 step 1953/8000 loss -15.7612 (33s)
[train] ep 700 step 2103/8000 loss -16.0207 (35s)
[train] ep 750 step 2253/8000 loss -17.1610 (37s)
[train] ep 800 step 2403/8000 loss -17.0808 (40s)
[train] ep 850 step 2553/8000 loss -17.9600 (42s)
[train] ep 900 step 2703/8000 loss -16.9006 (44s)
[train] ep 950 step 2853/8000 loss -18.0684 (47s)
[train] ep 1000 step 3003/8000 loss -18.4958 (49s)
[train] ep 1050 step 3153/8000 loss -18.5660 (51s)
[train] ep 1100 step 3303/8000 loss -19.1117 (54s)
[train] ep 1150 step 3453/8000 loss -18.7582 (56s)
[train] ep 1200 step 3603/8000 loss -19.2687 (59s)
[train] ep 1250 step 3753/8000 loss -19.2929 (61s)
[train] ep 1300 step 3903/8000 loss -19.8421 (63s)
[train] ep 1350 step 4053/8000 loss -20.2389 (66s)
[train] ep 1400 step 4203/8000 loss -20.1959 (68s)
[train] ep 1450 step 4353/8000 loss -20.3642 (70s)
[train] ep 1500 step 4503/8000 loss -20.9233 (73s)
[train] ep 1550 step 4653/8000 loss -21.3642 (75s)
[train] ep 1600 step 4803/8000 loss -20.9794 (77s)
[train] ep 1650 step 4953/8000 loss -21.6491 (80s)
[train] ep 1700 step 5103/8000 loss -21.7817 (83s)
[train] ep 1750 step 5253/8000 loss -22.5951 (85s)
[train] ep 1800 step 5403/8000 loss -22.3265 (87s)
[train] ep 1850 step 5553/8000 loss -22.3277 (90s)
[train] ep 1900 step 5703/8000 loss -22.6997 (92s)
[train] ep 1950 step 5853/8000 loss -22.9243 (94s)
[train] ep 2000 step 6003/8000 loss -22.9971 (97s)
[train] ep 2050 step 6153/8000 loss -23.4021 (99s)
[train] ep 2100 step 6303/8000 loss -23.4602 (101s)
[train] ep 2150 step 6453/8000 loss -23.0430 (104s)
[train] ep 2200 step 6603/8000 loss -23.4745 (106s)
[train] ep 2250 step 6753/8000 loss -23.5441 (109s)
[train] ep 2300 step 6903/8000 loss -24.1301 (111s)
[train] ep 2350 step 7053/8000 loss -24.0627 (113s)
[train] ep 2400 step 7203/8000 loss -24.1313 (116s)
[train] ep 2450 step 7353/8000 loss -24.1366 (118s)
[train] ep 2500 step 7503/8000 loss -24.3970 (120s)
[train] ep 2550 step 7653/8000 loss -24.1986 (123s)
[train] ep 2600 step 7803/8000 loss -24.3562 (125s)
[train] ep 2650 step 7953/8000 loss -24.5730 (127s)
[train] ep 2666 step 8000/8000 loss -24.5757 (128s)
[train] DONE /mnt/sdb/ljc/RoboTDA-X/runs/stage_D/D06_s101 wall=128s windows=870 loss=-24.5116
[robosuite WARNING] No private macro file found! (__init__.py:7)
[robosuite WARNING] It is recommended to use a private macro file (__init__.py:8)
[robosuite WARNING] To setup, run: python /home/ljc/miniconda/envs/robotda_x/lib/python3.12/site-packages/robosuite/scripts/setup_macros.py (__init__.py:9)
[robosuite WARNING] No private macro file found! (__init__.py:7)
[robosuite WARNING] It is recommended to use a private macro file (__init__.py:8)
[robosuite WARNING] To setup, run: python /home/ljc/miniconda/envs/robotda_x/lib/python3.12/site-packages/robosuite/scripts/setup_macros.py (__init__.py:9)
[robosuite WARNING] No private macro file found! (__init__.py:7)
[robosuite WARNING] It is recommended to use a private macro file (__init__.py:8)
[robosuite WARNING] To setup, run: python /home/ljc/miniconda/envs/robotda_x/lib/python3.12/site-packages/robosuite/scripts/setup_macros.py (__init__.py:9)
[info] using task orders [0, 1, 2, 3, 4, 5, 6, 7, 8, 9]
[info] using task orders [0, 1, 2, 3, 4, 5, 6, 7, 8, 9]
Local assets not found. Downloading from HuggingFace Hub...
Assets already downloaded at /home/ljc/.cache/libero/assets
[info] using task orders [0, 1, 2, 3, 4, 5, 6, 7, 8, 9]
[info] using task orders [0, 1, 2, 3, 4, 5, 6, 7, 8, 9]
Local assets not found. Downloading from HuggingFace Hub...
Assets already downloaded at /home/ljc/.cache/libero/assets
[probe] /mnt/sdb/ljc/RoboTDA-X/runs/stage_D/D06_s101 wall=116s
  C1: succ=0.13333333333333333 (30 eps) plain=56.074 transp=56.688 inter=54.810
