[train] ep 0 step 3/8000 loss 6.7580 (2s)
[train] ep 50 step 153/8000 loss -5.6786 (5s)
[train] ep 100 step 303/8000 loss -5.8405 (8s)
[train] ep 150 step 453/8000 loss -7.6383 (11s)
[train] ep 200 step 603/8000 loss -10.2212 (13s)
[train] ep 250 step 753/8000 loss -11.2828 (16s)
[train] ep 300 step 903/8000 loss -12.6279 (19s)
[train] ep 350 step 1053/8000 loss -14.3835 (22s)
[train] ep 400 step 1203/8000 loss -14.2795 (24s)
[train] ep 450 step 1353/8000 loss -14.1944 (27s)
[train] ep 500 step 1503/8000 loss -15.5314 (30s)
[train] ep 550 step 1653/8000 loss -16.0995 (33s)
[train] ep 600 step 1803/8000 loss -15.2699 (35s)
[train] ep 650 step 1953/8000 loss -17.2191 (38s)
[train] ep 700 step 2103/8000 loss -16.8488 (41s)
[train] ep 750 step 2253/8000 loss -15.8686 (43s)
[train] ep 800 step 2403/8000 loss -17.8118 (46s)
[train] ep 850 step 2553/8000 loss -18.1334 (49s)
[train] ep 900 step 2703/8000 loss -18.9789 (52s)
[train] ep 950 step 2853/8000 loss -19.1688 (54s)
[train] ep 1000 step 3003/8000 loss -19.8462 (57s)
[train] ep 1050 step 3153/8000 loss -19.3274 (60s)
[train] ep 1100 step 3303/8000 loss -19.9233 (63s)
[train] ep 1150 step 3453/8000 loss -20.2998 (65s)
[train] ep 1200 step 3603/8000 loss -19.3086 (68s)
[train] ep 1250 step 3753/8000 loss -20.0019 (71s)
[train] ep 1300 step 3903/8000 loss -20.8780 (73s)
[train] ep 1350 step 4053/8000 loss -20.7895 (76s)
[train] ep 1400 step 4203/8000 loss -19.9014 (79s)
[train] ep 1450 step 4353/8000 loss -21.7261 (82s)
[train] ep 1500 step 4503/8000 loss -22.4181 (84s)
[train] ep 1550 step 4653/8000 loss -22.0174 (87s)
[train] ep 1600 step 4803/8000 loss -22.5394 (90s)
[train] ep 1650 step 4953/8000 loss -23.2346 (92s)
[train] ep 1700 step 5103/8000 loss -23.1893 (95s)
[train] ep 1750 step 5253/8000 loss -23.7065 (97s)
[train] ep 1800 step 5403/8000 loss -23.8052 (99s)
[train] ep 1850 step 5553/8000 loss -24.0423 (102s)
[train] ep 1900 step 5703/8000 loss -23.1917 (104s)
[train] ep 1950 step 5853/8000 loss -23.9818 (106s)
[train] ep 2000 step 6003/8000 loss -23.2708 (109s)
[train] ep 2050 step 6153/8000 loss -24.3542 (111s)
[train] ep 2100 step 6303/8000 loss -24.4034 (113s)
[train] ep 2150 step 6453/8000 loss -24.8271 (116s)
[train] ep 2200 step 6603/8000 loss -24.7742 (118s)
[train] ep 2250 step 6753/8000 loss -25.2657 (121s)
[train] ep 2300 step 6903/8000 loss -24.9395 (123s)
[train] ep 2350 step 7053/8000 loss -23.8882 (125s)
[train] ep 2400 step 7203/8000 loss -25.5489 (128s)
[train] ep 2450 step 7353/8000 loss -25.4909 (130s)
[train] ep 2500 step 7503/8000 loss -25.3970 (132s)
[train] ep 2550 step 7653/8000 loss -25.8066 (135s)
[train] ep 2600 step 7803/8000 loss -25.6745 (137s)
[train] ep 2650 step 7953/8000 loss -25.9383 (139s)
[train] ep 2666 step 8000/8000 loss -25.8218 (140s)
[train] DONE /mnt/sdb/ljc/RoboTDA-X/runs/stage_D/D06_s102 wall=140s windows=870 loss=-25.5989
[robosuite WARNING] No private macro file found! (__init__.py:7)
[robosuite WARNING] It is recommended to use a private macro file (__init__.py:8)
[robosuite WARNING] To setup, run: python /home/ljc/miniconda/envs/robotda_x/lib/python3.12/site-packages/robosuite/scripts/setup_macros.py (__init__.py:9)
[robosuite WARNING] No private macro file found! (__init__.py:7)
[robosuite WARNING] It is recommended to use a private macro file (__init__.py:8)
[robosuite WARNING] To setup, run: python /home/ljc/miniconda/envs/robotda_x/lib/python3.12/site-packages/robosuite/scripts/setup_macros.py (__init__.py:9)
[robosuite WARNING] No private macro file found! (__init__.py:7)
[robosuite WARNING] It is recommended to use a private macro file (__init__.py:8)
[robosuite WARNING] To setup, run: python /home/ljc/miniconda/envs/robotda_x/lib/python3.12/site-packages/robosuite/scripts/setup_macros.py (__init__.py:9)
[info] using task orders [0, 1, 2, 3, 4, 5, 6, 7, 8, 9]
[info] using task orders [0, 1, 2, 3, 4, 5, 6, 7, 8, 9]
Local assets not found. Downloading from HuggingFace Hub...
Assets already downloaded at /home/ljc/.cache/libero/assets
[probe] /mnt/sdb/ljc/RoboTDA-X/runs/stage_D/D06_s102 wall=115s
  C1: succ=0.03333333333333333 (30 eps) plain=79.175 transp=77.664 inter=82.284
