[train] ep 0 step 4/8000 loss 6.6327 (2s)
[train] ep 50 step 204/8000 loss -5.9750 (6s)
[train] ep 100 step 404/8000 loss -7.9009 (9s)
[train] ep 150 step 604/8000 loss -9.7011 (12s)
[train] ep 200 step 804/8000 loss -11.8779 (15s)
[train] ep 250 step 1004/8000 loss -12.4903 (18s)
[train] ep 300 step 1204/8000 loss -11.5249 (22s)
[train] ep 350 step 1404/8000 loss -14.4236 (25s)
[train] ep 400 step 1604/8000 loss -14.8417 (28s)
[train] ep 450 step 1804/8000 loss -15.3112 (31s)
[train] ep 500 step 2004/8000 loss -16.2680 (34s)
[train] ep 550 step 2204/8000 loss -16.3285 (37s)
[train] ep 600 step 2404/8000 loss -15.6950 (40s)
[train] ep 650 step 2604/8000 loss -17.5601 (43s)
[train] ep 700 step 2804/8000 loss -18.9713 (46s)
[train] ep 750 step 3004/8000 loss -18.6128 (49s)
[train] ep 800 step 3204/8000 loss -19.3375 (52s)
[train] ep 850 step 3404/8000 loss -19.6452 (56s)
[train] ep 900 step 3604/8000 loss -19.7893 (60s)
[train] ep 950 step 3804/8000 loss -19.8912 (63s)
[train] ep 1000 step 4004/8000 loss -20.5164 (67s)
[train] ep 1050 step 4204/8000 loss -21.5769 (71s)
[train] ep 1100 step 4404/8000 loss -21.3875 (74s)
[train] ep 1150 step 4604/8000 loss -21.5149 (78s)
[train] ep 1200 step 4804/8000 loss -21.8306 (82s)
[train] ep 1250 step 5004/8000 loss -22.0521 (85s)
[train] ep 1300 step 5204/8000 loss -22.4660 (89s)
[train] ep 1350 step 5404/8000 loss -23.1553 (92s)
[train] ep 1400 step 5604/8000 loss -23.1543 (96s)
[train] ep 1450 step 5804/8000 loss -23.1321 (99s)
[train] ep 1500 step 6004/8000 loss -22.5140 (102s)
[train] ep 1550 step 6204/8000 loss -23.6409 (105s)
[train] ep 1600 step 6404/8000 loss -24.0903 (108s)
[train] ep 1650 step 6604/8000 loss -24.4151 (112s)
[train] ep 1700 step 6804/8000 loss -23.8508 (115s)
[train] ep 1750 step 7004/8000 loss -24.8697 (118s)
[train] ep 1800 step 7204/8000 loss -24.5868 (121s)
[train] ep 1850 step 7404/8000 loss -24.0021 (124s)
[train] ep 1900 step 7604/8000 loss -25.1365 (128s)
[train] ep 1950 step 7804/8000 loss -24.9946 (131s)
[train] ep 1999 step 8000/8000 loss -24.9044 (134s)
[train] DONE /mnt/sdb/ljc/RoboTDA-X/runs/stage_D/D07_s102 wall=134s windows=1123 loss=-25.1475
[robosuite WARNING] No private macro file found! (__init__.py:7)
[robosuite WARNING] It is recommended to use a private macro file (__init__.py:8)
[robosuite WARNING] To setup, run: python /home/ljc/miniconda/envs/robotda_x/lib/python3.12/site-packages/robosuite/scripts/setup_macros.py (__init__.py:9)
[robosuite WARNING] No private macro file found! (__init__.py:7)
[robosuite WARNING] It is recommended to use a private macro file (__init__.py:8)
[robosuite WARNING] To setup, run: python /home/ljc/miniconda/envs/robotda_x/lib/python3.12/site-packages/robosuite/scripts/setup_macros.py (__init__.py:9)
[robosuite WARNING] No private macro file found! (__init__.py:7)
[robosuite WARNING] It is recommended to use a private macro file (__init__.py:8)
[robosuite WARNING] To setup, run: python /home/ljc/miniconda/envs/robotda_x/lib/python3.12/site-packages/robosuite/scripts/setup_macros.py (__init__.py:9)
[info] using task orders [0, 1, 2, 3, 4, 5, 6, 7, 8, 9]
[info] using task orders [0, 1, 2, 3, 4, 5, 6, 7, 8, 9]
Local assets not found. Downloading from HuggingFace Hub...
Assets already downloaded at /home/ljc/.cache/libero/assets
[info] using task orders [0, 1, 2, 3, 4, 5, 6, 7, 8, 9]
[info] using task orders [0, 1, 2, 3, 4, 5, 6, 7, 8, 9]
Local assets not found. Downloading from HuggingFace Hub...
Assets already downloaded at /home/ljc/.cache/libero/assets
[info] using task orders [0, 1, 2, 3, 4, 5, 6, 7, 8, 9]
[info] using task orders [0, 1, 2, 3, 4, 5, 6, 7, 8, 9]
Local assets not found. Downloading from HuggingFace Hub...
Assets already downloaded at /home/ljc/.cache/libero/assets
[probe] /mnt/sdb/ljc/RoboTDA-X/runs/stage_D/D07_s102 wall=115s
  C1: succ=0.0 (30 eps) plain=133.384 transp=127.627 inter=145.226
