[train] ep 0 step 3/8000 loss 6.6810 (2s)
[train] ep 50 step 153/8000 loss -5.8102 (4s)
[train] ep 100 step 303/8000 loss -7.6361 (7s)
[train] ep 150 step 453/8000 loss -8.6192 (9s)
[train] ep 200 step 603/8000 loss -9.1551 (11s)
[train] ep 250 step 753/8000 loss -11.4331 (13s)
[train] ep 300 step 903/8000 loss -12.2885 (16s)
[train] ep 350 step 1053/8000 loss -13.3715 (18s)
[train] ep 400 step 1203/8000 loss -13.6714 (21s)
[train] ep 450 step 1353/8000 loss -14.2038 (23s)
[train] ep 500 step 1503/8000 loss -14.7215 (25s)
[train] ep 550 step 1653/8000 loss -15.7832 (28s)
[train] ep 600 step 1803/8000 loss -15.4773 (30s)
[train] ep 650 step 1953/8000 loss -16.5375 (32s)
[train] ep 700 step 2103/8000 loss -16.4902 (35s)
[train] ep 750 step 2253/8000 loss -17.6263 (37s)
[train] ep 800 step 2403/8000 loss -15.7980 (39s)
[train] ep 850 step 2553/8000 loss -17.8968 (42s)
[train] ep 900 step 2703/8000 loss -18.5733 (44s)
[train] ep 950 step 2853/8000 loss -17.2578 (46s)
[train] ep 1000 step 3003/8000 loss -19.2785 (49s)
[train] ep 1050 step 3153/8000 loss -19.0878 (51s)
[train] ep 1100 step 3303/8000 loss -16.3936 (54s)
[train] ep 1150 step 3453/8000 loss -19.5696 (56s)
[train] ep 1200 step 3603/8000 loss -19.9571 (58s)
[train] ep 1250 step 3753/8000 loss -19.4222 (61s)
[train] ep 1300 step 3903/8000 loss -20.0296 (63s)
[train] ep 1350 step 4053/8000 loss -21.1267 (65s)
[train] ep 1400 step 4203/8000 loss -20.9180 (68s)
[train] ep 1450 step 4353/8000 loss -20.4457 (70s)
[train] ep 1500 step 4503/8000 loss -21.5991 (73s)
[train] ep 1550 step 4653/8000 loss -21.3635 (75s)
[train] ep 1600 step 4803/8000 loss -22.2415 (77s)
[train] ep 1650 step 4953/8000 loss -22.5075 (80s)
[train] ep 1700 step 5103/8000 loss -22.7898 (82s)
[train] ep 1750 step 5253/8000 loss -22.6624 (85s)
[train] ep 1800 step 5403/8000 loss -21.2161 (87s)
[train] ep 1850 step 5553/8000 loss -22.6707 (89s)
[train] ep 1900 step 5703/8000 loss -23.1463 (92s)
[train] ep 1950 step 5853/8000 loss -23.7695 (94s)
[train] ep 2000 step 6003/8000 loss -23.8929 (96s)
[train] ep 2050 step 6153/8000 loss -24.0905 (99s)
[train] ep 2100 step 6303/8000 loss -24.2876 (101s)
[train] ep 2150 step 6453/8000 loss -24.4253 (104s)
[train] ep 2200 step 6603/8000 loss -24.6584 (106s)
[train] ep 2250 step 6753/8000 loss -24.2973 (108s)
[train] ep 2300 step 6903/8000 loss -24.7339 (111s)
[train] ep 2350 step 7053/8000 loss -24.9864 (113s)
[train] ep 2400 step 7203/8000 loss -24.7266 (115s)
[train] ep 2450 step 7353/8000 loss -25.1004 (118s)
[train] ep 2500 step 7503/8000 loss -25.1807 (120s)
[train] ep 2550 step 7653/8000 loss -25.3421 (122s)
[train] ep 2600 step 7803/8000 loss -25.1855 (125s)
[train] ep 2650 step 7953/8000 loss -25.2322 (127s)
[train] ep 2666 step 8000/8000 loss -25.4811 (128s)
[train] DONE /mnt/sdb/ljc/RoboTDA-X/runs/stage_D/D09_s102 wall=128s windows=875 loss=-25.2151
[robosuite WARNING] No private macro file found! (__init__.py:7)
[robosuite WARNING] It is recommended to use a private macro file (__init__.py:8)
[robosuite WARNING] To setup, run: python /home/ljc/miniconda/envs/robotda_x/lib/python3.12/site-packages/robosuite/scripts/setup_macros.py (__init__.py:9)
[robosuite WARNING] No private macro file found! (__init__.py:7)
[robosuite WARNING] It is recommended to use a private macro file (__init__.py:8)
[robosuite WARNING] To setup, run: python /home/ljc/miniconda/envs/robotda_x/lib/python3.12/site-packages/robosuite/scripts/setup_macros.py (__init__.py:9)
[robosuite WARNING] No private macro file found! (__init__.py:7)
[robosuite WARNING] It is recommended to use a private macro file (__init__.py:8)
[robosuite WARNING] To setup, run: python /home/ljc/miniconda/envs/robotda_x/lib/python3.12/site-packages/robosuite/scripts/setup_macros.py (__init__.py:9)
[info] using task orders [0, 1, 2, 3, 4, 5, 6, 7, 8, 9]
[info] using task orders [0, 1, 2, 3, 4, 5, 6, 7, 8, 9]
Local assets not found. Downloading from HuggingFace Hub...
Assets already downloaded at /home/ljc/.cache/libero/assets
[probe] /mnt/sdb/ljc/RoboTDA-X/runs/stage_D/D09_s102 wall=124s
  C1: succ=0.03333333333333333 (30 eps) plain=44.486 transp=43.497 inter=46.520
