[train] ep 0 step 3/8000 loss 6.5947 (2s)
[train] ep 50 step 153/8000 loss -5.9489 (5s)
[train] ep 100 step 303/8000 loss -8.3638 (7s)
[train] ep 150 step 453/8000 loss -8.7664 (10s)
[train] ep 200 step 603/8000 loss -10.3741 (12s)
[train] ep 250 step 753/8000 loss -11.9747 (14s)
[train] ep 300 step 903/8000 loss -11.0125 (17s)
[train] ep 350 step 1053/8000 loss -12.8419 (19s)
[train] ep 400 step 1203/8000 loss -14.6677 (21s)
[train] ep 450 step 1353/8000 loss -14.9883 (24s)
[train] ep 500 step 1503/8000 loss -16.5098 (26s)
[train] ep 550 step 1653/8000 loss -15.8299 (29s)
[train] ep 600 step 1803/8000 loss -15.8055 (31s)
[train] ep 650 step 1953/8000 loss -17.1420 (33s)
[train] ep 700 step 2103/8000 loss -17.4100 (35s)
[train] ep 750 step 2253/8000 loss -17.7467 (38s)
[train] ep 800 step 2403/8000 loss -17.0886 (40s)
[train] ep 850 step 2553/8000 loss -16.9824 (42s)
[train] ep 900 step 2703/8000 loss -17.7247 (45s)
[train] ep 950 step 2853/8000 loss -18.8792 (47s)
[train] ep 1000 step 3003/8000 loss -17.4811 (49s)
[train] ep 1050 step 3153/8000 loss -19.0547 (52s)
[train] ep 1100 step 3303/8000 loss -20.3077 (54s)
[train] ep 1150 step 3453/8000 loss -19.9157 (56s)
[train] ep 1200 step 3603/8000 loss -20.2183 (59s)
[train] ep 1250 step 3753/8000 loss -21.0490 (61s)
[train] ep 1300 step 3903/8000 loss -19.6947 (63s)
[train] ep 1350 step 4053/8000 loss -19.8750 (66s)
[train] ep 1400 step 4203/8000 loss -21.2174 (68s)
[train] ep 1450 step 4353/8000 loss -21.2371 (70s)
[train] ep 1500 step 4503/8000 loss -22.0775 (73s)
[train] ep 1550 step 4653/8000 loss -21.6312 (75s)
[train] ep 1600 step 4803/8000 loss -21.1602 (77s)
[train] ep 1650 step 4953/8000 loss -22.3372 (80s)
[train] ep 1700 step 5103/8000 loss -22.6674 (82s)
[train] ep 1750 step 5253/8000 loss -22.7878 (84s)
[train] ep 1800 step 5403/8000 loss -23.3373 (87s)
[train] ep 1850 step 5553/8000 loss -21.9301 (89s)
[train] ep 1900 step 5703/8000 loss -23.6500 (91s)
[train] ep 1950 step 5853/8000 loss -23.9525 (94s)
[train] ep 2000 step 6003/8000 loss -24.1516 (96s)
[train] ep 2050 step 6153/8000 loss -24.1568 (98s)
[train] ep 2100 step 6303/8000 loss -24.6702 (101s)
[train] ep 2150 step 6453/8000 loss -24.9763 (103s)
[train] ep 2200 step 6603/8000 loss -23.8228 (106s)
[train] ep 2250 step 6753/8000 loss -24.9126 (109s)
[train] ep 2300 step 6903/8000 loss -25.1428 (111s)
[train] ep 2350 step 7053/8000 loss -25.2947 (114s)
[train] ep 2400 step 7203/8000 loss -24.9125 (117s)
[train] ep 2450 step 7353/8000 loss -25.4514 (119s)
[train] ep 2500 step 7503/8000 loss -25.4651 (122s)
[train] ep 2550 step 7653/8000 loss -25.6387 (124s)
[train] ep 2600 step 7803/8000 loss -25.4095 (126s)
[train] ep 2650 step 7953/8000 loss -25.6664 (129s)
[train] ep 2666 step 8000/8000 loss -25.5044 (129s)
[train] DONE /mnt/sdb/ljc/RoboTDA-X/runs/stage_D/D09_s101 wall=130s windows=875 loss=-25.5413
[robosuite WARNING] No private macro file found! (__init__.py:7)
[robosuite WARNING] It is recommended to use a private macro file (__init__.py:8)
[robosuite WARNING] To setup, run: python /home/ljc/miniconda/envs/robotda_x/lib/python3.12/site-packages/robosuite/scripts/setup_macros.py (__init__.py:9)
[robosuite WARNING] No private macro file found! (__init__.py:7)
[robosuite WARNING] It is recommended to use a private macro file (__init__.py:8)
[robosuite WARNING] To setup, run: python /home/ljc/miniconda/envs/robotda_x/lib/python3.12/site-packages/robosuite/scripts/setup_macros.py (__init__.py:9)
[robosuite WARNING] No private macro file found! (__init__.py:7)
[robosuite WARNING] It is recommended to use a private macro file (__init__.py:8)
[robosuite WARNING] To setup, run: python /home/ljc/miniconda/envs/robotda_x/lib/python3.12/site-packages/robosuite/scripts/setup_macros.py (__init__.py:9)
[info] using task orders [0, 1, 2, 3, 4, 5, 6, 7, 8, 9]
[info] using task orders [0, 1, 2, 3, 4, 5, 6, 7, 8, 9]
Local assets not found. Downloading from HuggingFace Hub...
Assets already downloaded at /home/ljc/.cache/libero/assets
[info] using task orders [0, 1, 2, 3, 4, 5, 6, 7, 8, 9]
[info] using task orders [0, 1, 2, 3, 4, 5, 6, 7, 8, 9]
Local assets not found. Downloading from HuggingFace Hub...
Assets already downloaded at /home/ljc/.cache/libero/assets
[probe] /mnt/sdb/ljc/RoboTDA-X/runs/stage_D/D09_s101 wall=124s
  C1: succ=0.2 (30 eps) plain=16.267 transp=16.381 inter=16.032
