[train] ep 0 step 4/8000 loss 6.5473 (2s)
[train] ep 50 step 204/8000 loss -5.8574 (6s)
[train] ep 100 step 404/8000 loss -6.1624 (9s)
[train] ep 150 step 604/8000 loss -9.4608 (12s)
[train] ep 200 step 804/8000 loss -11.2676 (15s)
[train] ep 250 step 1004/8000 loss -11.4952 (18s)
[train] ep 300 step 1204/8000 loss -12.0932 (21s)
[train] ep 350 step 1404/8000 loss -14.1634 (24s)
[train] ep 400 step 1604/8000 loss -14.7980 (27s)
[train] ep 450 step 1804/8000 loss -16.0762 (31s)
[train] ep 500 step 2004/8000 loss -15.7410 (34s)
[train] ep 550 step 2204/8000 loss -17.7260 (37s)
[train] ep 600 step 2404/8000 loss -16.9978 (40s)
[train] ep 650 step 2604/8000 loss -16.5414 (43s)
[train] ep 700 step 2804/8000 loss -16.6647 (46s)
[train] ep 750 step 3004/8000 loss -17.0783 (49s)
[train] ep 800 step 3204/8000 loss -18.3563 (52s)
[train] ep 850 step 3404/8000 loss -19.3498 (55s)
[train] ep 900 step 3604/8000 loss -20.0433 (58s)
[train] ep 950 step 3804/8000 loss -20.7425 (62s)
[train] ep 1000 step 4004/8000 loss -20.1407 (65s)
[train] ep 1050 step 4204/8000 loss -20.2768 (68s)
[train] ep 1100 step 4404/8000 loss -21.0908 (71s)
[train] ep 1150 step 4604/8000 loss -21.5656 (74s)
[train] ep 1200 step 4804/8000 loss -21.7871 (77s)
[train] ep 1250 step 5004/8000 loss -21.6603 (80s)
[train] ep 1300 step 5204/8000 loss -22.1140 (83s)
[train] ep 1350 step 5404/8000 loss -22.2970 (87s)
[train] ep 1400 step 5604/8000 loss -22.9371 (90s)
[train] ep 1450 step 5804/8000 loss -22.4858 (93s)
[train] ep 1500 step 6004/8000 loss -23.4076 (96s)
[train] ep 1550 step 6204/8000 loss -23.6831 (99s)
[train] ep 1600 step 6404/8000 loss -23.5232 (102s)
[train] ep 1650 step 6604/8000 loss -23.8098 (106s)
[train] ep 1700 step 6804/8000 loss -24.3184 (109s)
[train] ep 1750 step 7004/8000 loss -24.3486 (112s)
[train] ep 1800 step 7204/8000 loss -24.4980 (115s)
[train] ep 1850 step 7404/8000 loss -24.7388 (118s)
[train] ep 1900 step 7604/8000 loss -24.7482 (121s)
[train] ep 1950 step 7804/8000 loss -24.6541 (124s)
[train] ep 1999 step 8000/8000 loss -25.0110 (128s)
[train] DONE /mnt/sdb/ljc/RoboTDA-X/runs/stage_D/D10_s102 wall=128s windows=1185 loss=-24.7555
[robosuite WARNING] No private macro file found! (__init__.py:7)
[robosuite WARNING] It is recommended to use a private macro file (__init__.py:8)
[robosuite WARNING] To setup, run: python /home/ljc/miniconda/envs/robotda_x/lib/python3.12/site-packages/robosuite/scripts/setup_macros.py (__init__.py:9)
[robosuite WARNING] No private macro file found! (__init__.py:7)
[robosuite WARNING] It is recommended to use a private macro file (__init__.py:8)
[robosuite WARNING] To setup, run: python /home/ljc/miniconda/envs/robotda_x/lib/python3.12/site-packages/robosuite/scripts/setup_macros.py (__init__.py:9)
[robosuite WARNING] No private macro file found! (__init__.py:7)
[robosuite WARNING] It is recommended to use a private macro file (__init__.py:8)
[robosuite WARNING] To setup, run: python /home/ljc/miniconda/envs/robotda_x/lib/python3.12/site-packages/robosuite/scripts/setup_macros.py (__init__.py:9)
[info] using task orders [0, 1, 2, 3, 4, 5, 6, 7, 8, 9]
[info] using task orders [0, 1, 2, 3, 4, 5, 6, 7, 8, 9]
Local assets not found. Downloading from HuggingFace Hub...
Assets already downloaded at /home/ljc/.cache/libero/assets
[probe] /mnt/sdb/ljc/RoboTDA-X/runs/stage_D/D10_s102 wall=129s
  C1: succ=0.2 (30 eps) plain=239.304 transp=267.345 inter=181.611
