[trainDP] ep 0 step 41/16000 loss 0.99786 (3s)
[trainDP] ep 50 step 2091/16000 loss 0.06378 (48s)
[trainDP] ep 100 step 4141/16000 loss 0.06114 (91s)
[trainDP] ep 150 step 6191/16000 loss 0.06336 (132s)
[trainDP] ep 200 step 8241/16000 loss 0.05515 (172s)
[trainDP] ep 250 step 10291/16000 loss 0.05303 (213s)
[trainDP] ep 300 step 12341/16000 loss 0.05241 (254s)
[trainDP] ep 350 step 14391/16000 loss 0.05100 (295s)
[trainDP] ep 390 step 16000/16000 loss 0.05152 (327s)
[trainDP] DONE /mnt/sdb/ljc/RoboTDA-X/phase5/runs/P15/G001_s610 wall=327s params=18.3M loss=0.05142
[robosuite WARNING] No private macro file found! (__init__.py:7)
[robosuite WARNING] It is recommended to use a private macro file (__init__.py:8)
[robosuite WARNING] To setup, run: python /home/ljc/miniconda/envs/robotda_x/lib/python3.12/site-packages/robosuite/scripts/setup_macros.py (__init__.py:9)
[robosuite WARNING] No private macro file found! (__init__.py:7)
[robosuite WARNING] It is recommended to use a private macro file (__init__.py:8)
[robosuite WARNING] To setup, run: python /home/ljc/miniconda/envs/robotda_x/lib/python3.12/site-packages/robosuite/scripts/setup_macros.py (__init__.py:9)
[robosuite WARNING] No private macro file found! (__init__.py:7)
[robosuite WARNING] It is recommended to use a private macro file (__init__.py:8)
[robosuite WARNING] To setup, run: python /home/ljc/miniconda/envs/robotda_x/lib/python3.12/site-packages/robosuite/scripts/setup_macros.py (__init__.py:9)
[info] using task orders [0, 1, 2, 3, 4, 5, 6, 7, 8, 9]
[info] using task orders [0, 1, 2, 3, 4, 5, 6, 7, 8, 9]
Local assets not found. Downloading from HuggingFace Hub...
Assets already downloaded at /home/ljc/.cache/libero/assets
[info] using task orders [0, 1, 2, 3, 4, 5, 6, 7, 8, 9]
[info] using task orders [0, 1, 2, 3, 4, 5, 6, 7, 8, 9]
Local assets not found. Downloading from HuggingFace Hub...
Assets already downloaded at /home/ljc/.cache/libero/assets
[p15eval] /mnt/sdb/ljc/RoboTDA-X/phase5/runs/P15/G001_s610 wall=286s C1 succ=0.0 C1 L2=2.379 C5 L2=2.604
