[trainDP] ep 0 step 43/16000 loss 1.00013 (3s)
[trainDP] ep 50 step 2193/16000 loss 0.04474 (51s)
[trainDP] ep 100 step 4343/16000 loss 0.02785 (99s)
[trainDP] ep 150 step 6493/16000 loss 0.02213 (147s)
[trainDP] ep 200 step 8643/16000 loss 0.01799 (194s)
[trainDP] ep 250 step 10793/16000 loss 0.01354 (238s)
[trainDP] ep 300 step 12943/16000 loss 0.01094 (280s)
[trainDP] ep 350 step 15093/16000 loss 0.00983 (324s)
[trainDP] ep 372 step 16000/16000 loss 0.00906 (342s)
[trainDP] DONE /mnt/sdb/ljc/RoboTDA-X/phase5/runs/P15/G003_s609 wall=342s params=18.3M loss=0.00955
[robosuite WARNING] No private macro file found! (__init__.py:7)
[robosuite WARNING] It is recommended to use a private macro file (__init__.py:8)
[robosuite WARNING] To setup, run: python /home/ljc/miniconda/envs/robotda_x/lib/python3.12/site-packages/robosuite/scripts/setup_macros.py (__init__.py:9)
[robosuite WARNING] No private macro file found! (__init__.py:7)
[robosuite WARNING] It is recommended to use a private macro file (__init__.py:8)
[robosuite WARNING] To setup, run: python /home/ljc/miniconda/envs/robotda_x/lib/python3.12/site-packages/robosuite/scripts/setup_macros.py (__init__.py:9)
[robosuite WARNING] No private macro file found! (__init__.py:7)
[robosuite WARNING] It is recommended to use a private macro file (__init__.py:8)
[robosuite WARNING] To setup, run: python /home/ljc/miniconda/envs/robotda_x/lib/python3.12/site-packages/robosuite/scripts/setup_macros.py (__init__.py:9)
[info] using task orders [0, 1, 2, 3, 4, 5, 6, 7, 8, 9]
[info] using task orders [0, 1, 2, 3, 4, 5, 6, 7, 8, 9]
Local assets not found. Downloading from HuggingFace Hub...
Assets already downloaded at /home/ljc/.cache/libero/assets
[info] using task orders [0, 1, 2, 3, 4, 5, 6, 7, 8, 9]
[info] using task orders [0, 1, 2, 3, 4, 5, 6, 7, 8, 9]
Local assets not found. Downloading from HuggingFace Hub...
Assets already downloaded at /home/ljc/.cache/libero/assets
[p15eval] /mnt/sdb/ljc/RoboTDA-X/phase5/runs/P15/G003_s609 wall=281s C1 succ=0.2 C1 L2=0.995 C5 L2=0.609
