[trainDP] ep 0 step 45/16000 loss 0.99971 (3s)
[trainDP] ep 50 step 2295/16000 loss 0.04513 (48s)
[trainDP] ep 100 step 4545/16000 loss 0.02628 (95s)
[trainDP] ep 150 step 6795/16000 loss 0.02064 (140s)
[trainDP] ep 200 step 9045/16000 loss 0.01630 (188s)
[trainDP] ep 250 step 11295/16000 loss 0.01348 (237s)
[trainDP] ep 300 step 13545/16000 loss 0.01042 (284s)
[trainDP] ep 350 step 15795/16000 loss 0.00929 (328s)
[trainDP] ep 355 step 16000/16000 loss 0.00929 (333s)
[trainDP] DONE /mnt/sdb/ljc/RoboTDA-X/phase5/runs/P15/G004_s609 wall=333s params=18.3M loss=0.00940
[robosuite WARNING] No private macro file found! (__init__.py:7)
[robosuite WARNING] It is recommended to use a private macro file (__init__.py:8)
[robosuite WARNING] To setup, run: python /home/ljc/miniconda/envs/robotda_x/lib/python3.12/site-packages/robosuite/scripts/setup_macros.py (__init__.py:9)
[robosuite WARNING] No private macro file found! (__init__.py:7)
[robosuite WARNING] It is recommended to use a private macro file (__init__.py:8)
[robosuite WARNING] To setup, run: python /home/ljc/miniconda/envs/robotda_x/lib/python3.12/site-packages/robosuite/scripts/setup_macros.py (__init__.py:9)
[robosuite WARNING] No private macro file found! (__init__.py:7)
[robosuite WARNING] It is recommended to use a private macro file (__init__.py:8)
[robosuite WARNING] To setup, run: python /home/ljc/miniconda/envs/robotda_x/lib/python3.12/site-packages/robosuite/scripts/setup_macros.py (__init__.py:9)
[info] using task orders [0, 1, 2, 3, 4, 5, 6, 7, 8, 9]
[info] using task orders [0, 1, 2, 3, 4, 5, 6, 7, 8, 9]
Local assets not found. Downloading from HuggingFace Hub...
Assets already downloaded at /home/ljc/.cache/libero/assets
[info] using task orders [0, 1, 2, 3, 4, 5, 6, 7, 8, 9]
[info] using task orders [0, 1, 2, 3, 4, 5, 6, 7, 8, 9]
Local assets not found. Downloading from HuggingFace Hub...
Assets already downloaded at /home/ljc/.cache/libero/assets
[p15eval] /mnt/sdb/ljc/RoboTDA-X/phase5/runs/P15/G004_s609 wall=289s C1 succ=0.13333333333333333 C1 L2=0.524 C5 L2=0.422
