[trainDP] ep 0 step 41/16000 loss 0.99788 (3s)
[trainDP] ep 50 step 2091/16000 loss 0.05094 (47s)
[trainDP] ep 100 step 4141/16000 loss 0.02979 (92s)
[trainDP] ep 150 step 6191/16000 loss 0.02259 (134s)
[trainDP] ep 200 step 8241/16000 loss 0.01887 (175s)
[trainDP] ep 250 step 10291/16000 loss 0.01544 (217s)
[trainDP] ep 300 step 12341/16000 loss 0.01247 (258s)
[trainDP] ep 350 step 14391/16000 loss 0.01037 (299s)
[trainDP] ep 390 step 16000/16000 loss 0.00999 (332s)
[trainDP] DONE /mnt/sdb/ljc/RoboTDA-X/phase5/runs/P15/G005_s610 wall=332s params=18.3M loss=0.00993
[robosuite WARNING] No private macro file found! (__init__.py:7)
[robosuite WARNING] It is recommended to use a private macro file (__init__.py:8)
[robosuite WARNING] To setup, run: python /home/ljc/miniconda/envs/robotda_x/lib/python3.12/site-packages/robosuite/scripts/setup_macros.py (__init__.py:9)
[robosuite WARNING] No private macro file found! (__init__.py:7)
[robosuite WARNING] It is recommended to use a private macro file (__init__.py:8)
[robosuite WARNING] To setup, run: python /home/ljc/miniconda/envs/robotda_x/lib/python3.12/site-packages/robosuite/scripts/setup_macros.py (__init__.py:9)
[robosuite WARNING] No private macro file found! (__init__.py:7)
[robosuite WARNING] It is recommended to use a private macro file (__init__.py:8)
[robosuite WARNING] To setup, run: python /home/ljc/miniconda/envs/robotda_x/lib/python3.12/site-packages/robosuite/scripts/setup_macros.py (__init__.py:9)
[info] using task orders [0, 1, 2, 3, 4, 5, 6, 7, 8, 9]
[info] using task orders [0, 1, 2, 3, 4, 5, 6, 7, 8, 9]
Local assets not found. Downloading from HuggingFace Hub...
Assets already downloaded at /home/ljc/.cache/libero/assets
[info] using task orders [0, 1, 2, 3, 4, 5, 6, 7, 8, 9]
[info] using task orders [0, 1, 2, 3, 4, 5, 6, 7, 8, 9]
Local assets not found. Downloading from HuggingFace Hub...
Assets already downloaded at /home/ljc/.cache/libero/assets
[p15eval] /mnt/sdb/ljc/RoboTDA-X/phase5/runs/P15/G005_s610 wall=280s C1 succ=0.1 C1 L2=0.550 C5 L2=0.473
