[trainDP] ep 0 step 41/16000 loss 1.00026 (3s)
[trainDP] ep 50 step 2091/16000 loss 0.06457 (44s)
[trainDP] ep 100 step 4141/16000 loss 0.05909 (85s)
[trainDP] ep 150 step 6191/16000 loss 0.05207 (127s)
[trainDP] ep 200 step 8241/16000 loss 0.04928 (168s)
[trainDP] ep 250 step 10291/16000 loss 0.04701 (209s)
[trainDP] ep 300 step 12341/16000 loss 0.04504 (251s)
[trainDP] ep 350 step 14391/16000 loss 0.04213 (292s)
[trainDP] ep 390 step 16000/16000 loss 0.04085 (324s)
[trainDP] DONE /mnt/sdb/ljc/RoboTDA-X/phase5/runs/P15/G005_s609 wall=325s params=18.3M loss=0.04281
[robosuite WARNING] No private macro file found! (__init__.py:7)
[robosuite WARNING] It is recommended to use a private macro file (__init__.py:8)
[robosuite WARNING] To setup, run: python /home/ljc/miniconda/envs/robotda_x/lib/python3.12/site-packages/robosuite/scripts/setup_macros.py (__init__.py:9)
[robosuite WARNING] No private macro file found! (__init__.py:7)
[robosuite WARNING] No private macro file found! (__init__.py:7)
[robosuite WARNING] It is recommended to use a private macro file (__init__.py:8)
[robosuite WARNING] It is recommended to use a private macro file (__init__.py:8)
[robosuite WARNING] To setup, run: python /home/ljc/miniconda/envs/robotda_x/lib/python3.12/site-packages/robosuite/scripts/setup_macros.py (__init__.py:9)
[robosuite WARNING] To setup, run: python /home/ljc/miniconda/envs/robotda_x/lib/python3.12/site-packages/robosuite/scripts/setup_macros.py (__init__.py:9)
[info] using task orders [0, 1, 2, 3, 4, 5, 6, 7, 8, 9]
[info] using task orders [0, 1, 2, 3, 4, 5, 6, 7, 8, 9]
Local assets not found. Downloading from HuggingFace Hub...
Assets already downloaded at /home/ljc/.cache/libero/assets
[info] using task orders [0, 1, 2, 3, 4, 5, 6, 7, 8, 9]
[info] using task orders [0, 1, 2, 3, 4, 5, 6, 7, 8, 9]
Local assets not found. Downloading from HuggingFace Hub...
Assets already downloaded at /home/ljc/.cache/libero/assets
[p15eval] /mnt/sdb/ljc/RoboTDA-X/phase5/runs/P15/G005_s609 wall=288s C1 succ=0.0 C1 L2=1.522 C5 L2=1.168
