[trainDP] ep 0 step 44/16000 loss 0.99600 (3s)
[trainDP] ep 50 step 2244/16000 loss 0.04734 (48s)
[trainDP] ep 100 step 4444/16000 loss 0.02942 (93s)
[trainDP] ep 150 step 6644/16000 loss 0.02279 (138s)
[trainDP] ep 200 step 8844/16000 loss 0.01780 (182s)
[trainDP] ep 250 step 11044/16000 loss 0.01502 (227s)
[trainDP] ep 300 step 13244/16000 loss 0.01199 (272s)
[trainDP] ep 350 step 15444/16000 loss 0.00957 (318s)
[trainDP] ep 363 step 16000/16000 loss 0.01033 (329s)
[trainDP] DONE /mnt/sdb/ljc/RoboTDA-X/phase5/runs/P15/G010_s610 wall=329s params=18.3M loss=0.00983
[robosuite WARNING] No private macro file found! (__init__.py:7)
[robosuite WARNING] It is recommended to use a private macro file (__init__.py:8)
[robosuite WARNING] To setup, run: python /home/ljc/miniconda/envs/robotda_x/lib/python3.12/site-packages/robosuite/scripts/setup_macros.py (__init__.py:9)
[robosuite WARNING] No private macro file found! (__init__.py:7)
[robosuite WARNING] It is recommended to use a private macro file (__init__.py:8)
[robosuite WARNING] To setup, run: python /home/ljc/miniconda/envs/robotda_x/lib/python3.12/site-packages/robosuite/scripts/setup_macros.py (__init__.py:9)
[robosuite WARNING] No private macro file found! (__init__.py:7)
[robosuite WARNING] It is recommended to use a private macro file (__init__.py:8)
[robosuite WARNING] To setup, run: python /home/ljc/miniconda/envs/robotda_x/lib/python3.12/site-packages/robosuite/scripts/setup_macros.py (__init__.py:9)
[info] using task orders [0, 1, 2, 3, 4, 5, 6, 7, 8, 9]
[info] using task orders [0, 1, 2, 3, 4, 5, 6, 7, 8, 9]
Local assets not found. Downloading from HuggingFace Hub...
Assets already downloaded at /home/ljc/.cache/libero/assets
[info] using task orders [0, 1, 2, 3, 4, 5, 6, 7, 8, 9]
[info] using task orders [0, 1, 2, 3, 4, 5, 6, 7, 8, 9]
Local assets not found. Downloading from HuggingFace Hub...
Assets already downloaded at /home/ljc/.cache/libero/assets
[info] using task orders [0, 1, 2, 3, 4, 5, 6, 7, 8, 9]
[info] using task orders [0, 1, 2, 3, 4, 5, 6, 7, 8, 9]
Local assets not found. Downloading from HuggingFace Hub...
Assets already downloaded at /home/ljc/.cache/libero/assets
[p15eval] /mnt/sdb/ljc/RoboTDA-X/phase5/runs/P15/G010_s610 wall=292s C1 succ=0.3 C1 L2=0.866 C5 L2=0.399
