[trainDP] ep 0 step 42/16000 loss 0.99732 (3s)
[trainDP] ep 50 step 2142/16000 loss 0.06317 (49s)
[trainDP] ep 100 step 4242/16000 loss 0.06088 (94s)
[trainDP] ep 150 step 6342/16000 loss 0.05563 (137s)
[trainDP] ep 200 step 8442/16000 loss 0.05334 (180s)
[trainDP] ep 250 step 10542/16000 loss 0.05262 (223s)
[trainDP] ep 300 step 12642/16000 loss 0.05292 (265s)
[trainDP] ep 350 step 14742/16000 loss 0.05317 (308s)
[trainDP] ep 380 step 16000/16000 loss 0.05449 (334s)
[trainDP] DONE /mnt/sdb/ljc/RoboTDA-X/phase5/runs/P15/G016_s610 wall=334s params=18.3M loss=0.05310
[robosuite WARNING] No private macro file found! (__init__.py:7)
[robosuite WARNING] It is recommended to use a private macro file (__init__.py:8)
[robosuite WARNING] To setup, run: python /home/ljc/miniconda/envs/robotda_x/lib/python3.12/site-packages/robosuite/scripts/setup_macros.py (__init__.py:9)
[robosuite WARNING] No private macro file found! (__init__.py:7)
[robosuite WARNING] It is recommended to use a private macro file (__init__.py:8)
[robosuite WARNING] To setup, run: python /home/ljc/miniconda/envs/robotda_x/lib/python3.12/site-packages/robosuite/scripts/setup_macros.py (__init__.py:9)
[robosuite WARNING] No private macro file found! (__init__.py:7)
[robosuite WARNING] It is recommended to use a private macro file (__init__.py:8)
[robosuite WARNING] To setup, run: python /home/ljc/miniconda/envs/robotda_x/lib/python3.12/site-packages/robosuite/scripts/setup_macros.py (__init__.py:9)
[info] using task orders [0, 1, 2, 3, 4, 5, 6, 7, 8, 9]
[info] using task orders [0, 1, 2, 3, 4, 5, 6, 7, 8, 9]
Local assets not found. Downloading from HuggingFace Hub...
Assets already downloaded at /home/ljc/.cache/libero/assets
[info] using task orders [0, 1, 2, 3, 4, 5, 6, 7, 8, 9]
[info] using task orders [0, 1, 2, 3, 4, 5, 6, 7, 8, 9]
Local assets not found. Downloading from HuggingFace Hub...
Assets already downloaded at /home/ljc/.cache/libero/assets
[p15eval] /mnt/sdb/ljc/RoboTDA-X/phase5/runs/P15/G016_s610 wall=286s C1 succ=0.0 C1 L2=2.295 C5 L2=2.530
