[trainDP] ep 0 step 45/16000 loss 0.99955 (3s)
[trainDP] ep 50 step 2295/16000 loss 0.05241 (52s)
[trainDP] ep 100 step 4545/16000 loss 0.02992 (102s)
[trainDP] ep 150 step 6795/16000 loss 0.02239 (150s)
[trainDP] ep 200 step 9045/16000 loss 0.01812 (196s)
[trainDP] ep 250 step 11295/16000 loss 0.01453 (242s)
[trainDP] ep 300 step 13545/16000 loss 0.01194 (288s)
[trainDP] ep 350 step 15795/16000 loss 0.01037 (335s)
[trainDP] ep 355 step 16000/16000 loss 0.00986 (340s)
[trainDP] DONE /mnt/sdb/ljc/RoboTDA-X/phase5/runs/P15/G019_s609 wall=340s params=18.3M loss=0.01031
[robosuite WARNING] No private macro file found! (__init__.py:7)
[robosuite WARNING] It is recommended to use a private macro file (__init__.py:8)
[robosuite WARNING] To setup, run: python /home/ljc/miniconda/envs/robotda_x/lib/python3.12/site-packages/robosuite/scripts/setup_macros.py (__init__.py:9)
[robosuite WARNING] No private macro file found! (__init__.py:7)
[robosuite WARNING] It is recommended to use a private macro file (__init__.py:8)
[robosuite WARNING] To setup, run: python /home/ljc/miniconda/envs/robotda_x/lib/python3.12/site-packages/robosuite/scripts/setup_macros.py (__init__.py:9)
[robosuite WARNING] No private macro file found! (__init__.py:7)
[robosuite WARNING] It is recommended to use a private macro file (__init__.py:8)
[robosuite WARNING] To setup, run: python /home/ljc/miniconda/envs/robotda_x/lib/python3.12/site-packages/robosuite/scripts/setup_macros.py (__init__.py:9)
[info] using task orders [0, 1, 2, 3, 4, 5, 6, 7, 8, 9]
[info] using task orders [0, 1, 2, 3, 4, 5, 6, 7, 8, 9]
Local assets not found. Downloading from HuggingFace Hub...
Assets already downloaded at /home/ljc/.cache/libero/assets
[info] using task orders [0, 1, 2, 3, 4, 5, 6, 7, 8, 9]
[info] using task orders [0, 1, 2, 3, 4, 5, 6, 7, 8, 9]
Local assets not found. Downloading from HuggingFace Hub...
Assets already downloaded at /home/ljc/.cache/libero/assets
[p15eval] /mnt/sdb/ljc/RoboTDA-X/phase5/runs/P15/G019_s609 wall=268s C1 succ=0.26666666666666666 C1 L2=0.675 C5 L2=0.481
