[bootstrap] CUDA_VISIBLE_DEVICES unset -> pinned to GPU 4 (allowed (4, 5, 6, 7); idle=[])
[attr] 10 ensemble members: ['ens_s201', 'ens_s202', 'ens_s203', 'ens_s204', 'ens_s205', 'ens_s206', 'ens_s207', 'ens_s208', 'ens_s209', 'ens_s210']
[attr] TracIn ens_s201: 5 ckpts (51s)
[attr] TRAK+IF ens_s201 done (59s)
[attr] TracIn ens_s202: 5 ckpts (126s)
[attr] TRAK+IF ens_s202 done (143s)
[attr] TracIn ens_s203: 5 ckpts (234s)
[attr] TRAK+IF ens_s203 done (252s)
[attr] TracIn ens_s204: 5 ckpts (335s)
[attr] TRAK+IF ens_s204 done (350s)
[attr] TracIn ens_s205: 5 ckpts (423s)
[attr] TRAK+IF ens_s205 done (436s)
[attr] TracIn ens_s206: 5 ckpts (502s)
[attr] TRAK+IF ens_s206 done (513s)
[attr] TracIn ens_s207: 5 ckpts (563s)
[attr] TRAK+IF ens_s207 done (572s)
[attr] TracIn ens_s208: 5 ckpts (643s)
[attr] TRAK+IF ens_s208 done (661s)
[attr] TracIn ens_s209: 5 ckpts (751s)
[attr] TRAK+IF ens_s209 done (769s)
[attr] TracIn ens_s210: 5 ckpts (851s)
[attr] TRAK+IF ens_s210 done (864s)
[attr] wrote /mnt/sdb/ljc/RoboTDA-X/results/influence_table.parquet: 10935 rows (10 ensemble members; per-member scores -> /mnt/sdb/ljc/RoboTDA-X/results/influence_table_per_member.parquet), 864s
