[bootstrap] CUDA_VISIBLE_DEVICES unset -> pinned to GPU 4 (allowed (4, 5, 6, 7); idle=[])
[attr] 10 ensemble members: ['ens_s201', 'ens_s202', 'ens_s203', 'ens_s204', 'ens_s205', 'ens_s206', 'ens_s207', 'ens_s208', 'ens_s209', 'ens_s210']
[attr] TracIn ens_s201: 5 ckpts (50s)
[attr] TRAK+IF ens_s201 done (60s)
[attr] TracIn ens_s202: 5 ckpts (108s)
[attr] TRAK+IF ens_s202 done (117s)
[attr] TracIn ens_s203: 5 ckpts (162s)
[attr] TRAK+IF ens_s203 done (170s)
[attr] TracIn ens_s204: 5 ckpts (212s)
[attr] TRAK+IF ens_s204 done (220s)
[attr] TracIn ens_s205: 5 ckpts (262s)
[attr] TRAK+IF ens_s205 done (270s)
[attr] TracIn ens_s206: 5 ckpts (312s)
[attr] TRAK+IF ens_s206 done (320s)
[attr] TracIn ens_s207: 5 ckpts (362s)
[attr] TRAK+IF ens_s207 done (371s)
[attr] TracIn ens_s208: 5 ckpts (413s)
[attr] TRAK+IF ens_s208 done (421s)
[attr] TracIn ens_s209: 5 ckpts (463s)
[attr] TRAK+IF ens_s209 done (471s)
[attr] TracIn ens_s210: 5 ckpts (514s)
[attr] TRAK+IF ens_s210 done (522s)
[attr] wrote /mnt/sdb/ljc/RoboTDA-X/results/influence_table.parquet: 10935 rows (10 ensemble members; per-member scores -> /mnt/sdb/ljc/RoboTDA-X/results/influence_table_per_member.parquet), 522s
