[bootstrap] CUDA_VISIBLE_DEVICES unset -> pinned to GPU 4 (allowed (4, 5, 6, 7); idle=[4, 5, 6, 7])

cluster-mean DTW (rows=from, cols=to):
          C1     C2     C3     C4     C5     C6     C7     C8     C9
   C1  0.112  0.121  0.520  0.208  0.110  0.106  0.105  0.126  0.110
   C2  0.121  0.081  0.491  0.202  0.107  0.123  0.102  0.110  0.117
   C3  0.520  0.491  0.051  0.435  0.517  0.534  0.491  0.503  0.506
   C4  0.208  0.202  0.435  0.196  0.210  0.200  0.186  0.198  0.202
   C5  0.110  0.107  0.517  0.210  0.094  0.095  0.101  0.105  0.103
   C6  0.106  0.123  0.534  0.200  0.095  0.069  0.099  0.103  0.094
   C7  0.105  0.102  0.491  0.186  0.101  0.099  0.086  0.114  0.094
   C8  0.126  0.110  0.503  0.198  0.105  0.103  0.114  0.095  0.121
   C9  0.110  0.117  0.506  0.202  0.103  0.094  0.094  0.121  0.091

within-target redundancy (mean pairwise in-target DTW):
  C1: 0.1118
  C2: 0.0809
  C3: 0.0509
  C4: 0.1965
  C5: 0.0940
  C6: 0.0690
  C7: 0.0863
  C8: 0.0954
  C9: 0.0907
