=== [07:15] START stage_E ===
=== [07:15] END stage_E (rc=0) ===
=== [07:15] START attribution ===
=== [07:23] END attribution (rc=0) ===
=== [07:23] START stage_D ===
=== [07:46] END stage_D (rc=0) ===
=== [07:46] START stage_C ===
=== [08:21] END stage_C (rc=0) ===
=== [08:21] START stage_F ===
=== [13:40] END stage_F (rc=0) ===
=== [13:40] START stage_G ===
=== [15:13] END stage_G (rc=0) ===
=== [15:13] START moderators ===
=== [15:13] END moderators (rc=0) ===
=== [15:13] START stage_H ===
=== [15:27] END stage_H (rc=0) ===
=== [15:27] START stage_I ===
=== [16:06] END stage_I (rc=0) ===
=== [16:06] START figures ===
=== [16:06] END figures (rc=0) ===
=== pipeline complete ===
