[train] ep 0 step 4/8000 loss 6.8664 (2s)
[train] ep 50 step 204/8000 loss -5.5553 (5s)
[train] ep 100 step 404/8000 loss -7.9266 (8s)
[train] ep 150 step 604/8000 loss -9.2560 (11s)
[train] ep 200 step 804/8000 loss -11.4595 (15s)
[train] ep 250 step 1004/8000 loss -12.1320 (18s)
[train] ep 300 step 1204/8000 loss -13.2941 (21s)
[train] ep 350 step 1404/8000 loss -14.3182 (24s)
[train] ep 400 step 1604/8000 loss -14.4140 (27s)
[train] ep 450 step 1804/8000 loss -15.9266 (30s)
[train] ep 500 step 2004/8000 loss -15.4203 (34s)
[train] ep 550 step 2204/8000 loss -14.8292 (37s)
[train] ep 600 step 2404/8000 loss -16.8585 (40s)
[train] ep 650 step 2604/8000 loss -17.6449 (43s)
[train] ep 700 step 2804/8000 loss -17.8955 (46s)
[train] ep 750 step 3004/8000 loss -17.7755 (49s)
[train] ep 800 step 3204/8000 loss -17.9653 (52s)
[train] ep 850 step 3404/8000 loss -18.2446 (55s)
[train] ep 900 step 3604/8000 loss -19.5600 (58s)
[train] ep 950 step 3804/8000 loss -19.1598 (61s)
[train] ep 1000 step 4004/8000 loss -19.2059 (64s)
[train] ep 1050 step 4204/8000 loss -20.3503 (67s)
[train] ep 1100 step 4404/8000 loss -20.8975 (70s)
[train] ep 1150 step 4604/8000 loss -21.1251 (73s)
[train] ep 1200 step 4804/8000 loss -20.3614 (77s)
[train] ep 1250 step 5004/8000 loss -21.3958 (80s)
[train] ep 1300 step 5204/8000 loss -20.5045 (84s)
[train] ep 1350 step 5404/8000 loss -21.8766 (88s)
[train] ep 1400 step 5604/8000 loss -22.3946 (91s)
[train] ep 1450 step 5804/8000 loss -22.2520 (95s)
[train] ep 1500 step 6004/8000 loss -23.0034 (99s)
[train] ep 1550 step 6204/8000 loss -23.0877 (102s)
[train] ep 1600 step 6404/8000 loss -23.0038 (106s)
[train] ep 1650 step 6604/8000 loss -23.3642 (110s)
[train] ep 1700 step 6804/8000 loss -23.7140 (113s)
[train] ep 1750 step 7004/8000 loss -23.7524 (117s)
[train] ep 1800 step 7204/8000 loss -23.8294 (121s)
[train] ep 1850 step 7404/8000 loss -23.9227 (124s)
[train] ep 1900 step 7604/8000 loss -23.8442 (127s)
[train] ep 1950 step 7804/8000 loss -24.0626 (130s)
[train] ep 1999 step 8000/8000 loss -24.0237 (133s)
[train] DONE /mnt/sdb/ljc/RoboTDA-X/phase2/runs/P3/Q15M00_s601 wall=134s windows=1097 loss=-24.0801
[heldout] /mnt/sdb/ljc/RoboTDA-X/phase2/runs/P3/Q15M00_s601: C1 plain_loss=1.0828
[robosuite WARNING] No private macro file found! (__init__.py:7)
[robosuite WARNING] It is recommended to use a private macro file (__init__.py:8)
[robosuite WARNING] To setup, run: python /home/ljc/miniconda/envs/robotda_x/lib/python3.12/site-packages/robosuite/scripts/setup_macros.py (__init__.py:9)
[robosuite WARNING] No private macro file found! (__init__.py:7)
[robosuite WARNING] It is recommended to use a private macro file (__init__.py:8)
[robosuite WARNING] To setup, run: python /home/ljc/miniconda/envs/robotda_x/lib/python3.12/site-packages/robosuite/scripts/setup_macros.py (__init__.py:9)
[robosuite WARNING] No private macro file found! (__init__.py:7)
[robosuite WARNING] It is recommended to use a private macro file (__init__.py:8)
[robosuite WARNING] To setup, run: python /home/ljc/miniconda/envs/robotda_x/lib/python3.12/site-packages/robosuite/scripts/setup_macros.py (__init__.py:9)
[robosuite WARNING] No private macro file found! (__init__.py:7)
[robosuite WARNING] It is recommended to use a private macro file (__init__.py:8)
[robosuite WARNING] To setup, run: python /home/ljc/miniconda/envs/robotda_x/lib/python3.12/site-packages/robosuite/scripts/setup_macros.py (__init__.py:9)
[robosuite WARNING] No private macro file found! (__init__.py:7)
[robosuite WARNING] It is recommended to use a private macro file (__init__.py:8)
[robosuite WARNING] To setup, run: python /home/ljc/miniconda/envs/robotda_x/lib/python3.12/site-packages/robosuite/scripts/setup_macros.py (__init__.py:9)
[robosuite WARNING] No private macro file found! (__init__.py:7)
[robosuite WARNING] It is recommended to use a private macro file (__init__.py:8)
[robosuite WARNING] To setup, run: python /home/ljc/miniconda/envs/robotda_x/lib/python3.12/site-packages/robosuite/scripts/setup_macros.py (__init__.py:9)
[robosuite WARNING] No private macro file found! (__init__.py:7)
[robosuite WARNING] It is recommended to use a private macro file (__init__.py:8)
[robosuite WARNING] To setup, run: python /home/ljc/miniconda/envs/robotda_x/lib/python3.12/site-packages/robosuite/scripts/setup_macros.py (__init__.py:9)
[robosuite WARNING] No private macro file found! (__init__.py:7)
[robosuite WARNING] It is recommended to use a private macro file (__init__.py:8)
[robosuite WARNING] To setup, run: python /home/ljc/miniconda/envs/robotda_x/lib/python3.12/site-packages/robosuite/scripts/setup_macros.py (__init__.py:9)
[robosuite WARNING] No private macro file found! (__init__.py:7)
[robosuite WARNING] It is recommended to use a private macro file (__init__.py:8)
[robosuite WARNING] To setup, run: python /home/ljc/miniconda/envs/robotda_x/lib/python3.12/site-packages/robosuite/scripts/setup_macros.py (__init__.py:9)
[robosuite WARNING] No private macro file found! (__init__.py:7)
[robosuite WARNING] It is recommended to use a private macro file (__init__.py:8)
[robosuite WARNING] To setup, run: python /home/ljc/miniconda/envs/robotda_x/lib/python3.12/site-packages/robosuite/scripts/setup_macros.py (__init__.py:9)
[info] using task orders [0, 1, 2, 3, 4, 5, 6, 7, 8, 9]
[info] using task orders [0, 1, 2, 3, 4, 5, 6, 7, 8, 9]
Local assets not found. Downloading from HuggingFace Hub...
Assets already downloaded at /home/ljc/.cache/libero/assets
[info] using task orders [0, 1, 2, 3, 4, 5, 6, 7, 8, 9]
[info] using task orders [0, 1, 2, 3, 4, 5, 6, 7, 8, 9]
Local assets not found. Downloading from HuggingFace Hub...
Assets already downloaded at /home/ljc/.cache/libero/assets
[info] using task orders [0, 1, 2, 3, 4, 5, 6, 7, 8, 9]
[info] using task orders [0, 1, 2, 3, 4, 5, 6, 7, 8, 9]
Local assets not found. Downloading from HuggingFace Hub...
Assets already downloaded at /home/ljc/.cache/libero/assets
[info] using task orders [0, 1, 2, 3, 4, 5, 6, 7, 8, 9]
[info] using task orders [0, 1, 2, 3, 4, 5, 6, 7, 8, 9]
Local assets not found. Downloading from HuggingFace Hub...
Assets already downloaded at /home/ljc/.cache/libero/assets
[clustereval] /mnt/sdb/ljc/RoboTDA-X/phase2/runs/P3/Q15M00_s601 C1 success=0.1450 (200 eps, 258s)
