[train] ep 0 step 4/8000 loss 6.1025 (3s)
[train] ep 50 step 204/8000 loss -2.5046 (6s)
[train] ep 100 step 404/8000 loss -5.8959 (9s)
[train] ep 150 step 604/8000 loss -7.1467 (12s)
[train] ep 200 step 804/8000 loss -10.9123 (15s)
[train] ep 250 step 1004/8000 loss -11.5708 (19s)
[train] ep 300 step 1204/8000 loss -12.9603 (22s)
[train] ep 350 step 1404/8000 loss -13.1771 (25s)
[train] ep 400 step 1604/8000 loss -14.4824 (28s)
[train] ep 450 step 1804/8000 loss -14.9099 (31s)
[train] ep 500 step 2004/8000 loss -13.9008 (34s)
[train] ep 550 step 2204/8000 loss -16.7442 (37s)
[train] ep 600 step 2404/8000 loss -16.8538 (40s)
[train] ep 650 step 2604/8000 loss -17.8055 (44s)
[train] ep 700 step 2804/8000 loss -17.9889 (47s)
[train] ep 750 step 3004/8000 loss -18.4282 (50s)
[train] ep 800 step 3204/8000 loss -17.8656 (53s)
[train] ep 850 step 3404/8000 loss -18.7316 (56s)
[train] ep 900 step 3604/8000 loss -19.1282 (59s)
[train] ep 950 step 3804/8000 loss -17.4040 (62s)
[train] ep 1000 step 4004/8000 loss -20.5771 (66s)
[train] ep 1050 step 4204/8000 loss -19.9659 (69s)
[train] ep 1100 step 4404/8000 loss -20.7362 (72s)
[train] ep 1150 step 4604/8000 loss -20.5404 (75s)
[train] ep 1200 step 4804/8000 loss -21.3564 (78s)
[train] ep 1250 step 5004/8000 loss -19.7524 (81s)
[train] ep 1300 step 5204/8000 loss -22.1579 (84s)
[train] ep 1350 step 5404/8000 loss -22.0847 (88s)
[train] ep 1400 step 5604/8000 loss -22.7868 (91s)
[train] ep 1450 step 5804/8000 loss -22.5114 (94s)
[train] ep 1500 step 6004/8000 loss -23.0099 (97s)
[train] ep 1550 step 6204/8000 loss -23.6187 (100s)
[train] ep 1600 step 6404/8000 loss -23.4199 (103s)
[train] ep 1650 step 6604/8000 loss -23.0966 (106s)
[train] ep 1700 step 6804/8000 loss -23.9024 (110s)
[train] ep 1750 step 7004/8000 loss -23.7341 (113s)
[train] ep 1800 step 7204/8000 loss -23.9545 (116s)
[train] ep 1850 step 7404/8000 loss -24.1606 (119s)
[train] ep 1900 step 7604/8000 loss -24.4232 (122s)
[train] ep 1950 step 7804/8000 loss -24.1814 (125s)
[train] ep 1999 step 8000/8000 loss -24.0551 (128s)
[train] DONE /mnt/sdb/ljc/RoboTDA-X/phase2/runs/P3/Q15M05_s603 wall=129s windows=1056 loss=-24.2695
[heldout] /mnt/sdb/ljc/RoboTDA-X/phase2/runs/P3/Q15M05_s603: C1 plain_loss=1.0983
[robosuite WARNING] No private macro file found! (__init__.py:7)
[robosuite WARNING] It is recommended to use a private macro file (__init__.py:8)
[robosuite WARNING] To setup, run: python /home/ljc/miniconda/envs/robotda_x/lib/python3.12/site-packages/robosuite/scripts/setup_macros.py (__init__.py:9)
[robosuite WARNING] No private macro file found! (__init__.py:7)
[robosuite WARNING] It is recommended to use a private macro file (__init__.py:8)
[robosuite WARNING] To setup, run: python /home/ljc/miniconda/envs/robotda_x/lib/python3.12/site-packages/robosuite/scripts/setup_macros.py (__init__.py:9)
[robosuite WARNING] No private macro file found! (__init__.py:7)
[robosuite WARNING] It is recommended to use a private macro file (__init__.py:8)
[robosuite WARNING] To setup, run: python /home/ljc/miniconda/envs/robotda_x/lib/python3.12/site-packages/robosuite/scripts/setup_macros.py (__init__.py:9)
[robosuite WARNING] No private macro file found! (__init__.py:7)
[robosuite WARNING] It is recommended to use a private macro file (__init__.py:8)
[robosuite WARNING] To setup, run: python /home/ljc/miniconda/envs/robotda_x/lib/python3.12/site-packages/robosuite/scripts/setup_macros.py (__init__.py:9)
[robosuite WARNING] No private macro file found! (__init__.py:7)
[robosuite WARNING] It is recommended to use a private macro file (__init__.py:8)
[robosuite WARNING] To setup, run: python /home/ljc/miniconda/envs/robotda_x/lib/python3.12/site-packages/robosuite/scripts/setup_macros.py (__init__.py:9)
[robosuite WARNING] No private macro file found! (__init__.py:7)
[robosuite WARNING] It is recommended to use a private macro file (__init__.py:8)
[robosuite WARNING] To setup, run: python /home/ljc/miniconda/envs/robotda_x/lib/python3.12/site-packages/robosuite/scripts/setup_macros.py (__init__.py:9)
[robosuite WARNING] No private macro file found! (__init__.py:7)
[robosuite WARNING] It is recommended to use a private macro file (__init__.py:8)
[robosuite WARNING] To setup, run: python /home/ljc/miniconda/envs/robotda_x/lib/python3.12/site-packages/robosuite/scripts/setup_macros.py (__init__.py:9)
[robosuite WARNING] No private macro file found! (__init__.py:7)
[robosuite WARNING] It is recommended to use a private macro file (__init__.py:8)
[robosuite WARNING] To setup, run: python /home/ljc/miniconda/envs/robotda_x/lib/python3.12/site-packages/robosuite/scripts/setup_macros.py (__init__.py:9)
[robosuite WARNING] No private macro file found! (__init__.py:7)
[robosuite WARNING] It is recommended to use a private macro file (__init__.py:8)
[robosuite WARNING] To setup, run: python /home/ljc/miniconda/envs/robotda_x/lib/python3.12/site-packages/robosuite/scripts/setup_macros.py (__init__.py:9)
[robosuite WARNING] No private macro file found! (__init__.py:7)
[robosuite WARNING] It is recommended to use a private macro file (__init__.py:8)
[robosuite WARNING] To setup, run: python /home/ljc/miniconda/envs/robotda_x/lib/python3.12/site-packages/robosuite/scripts/setup_macros.py (__init__.py:9)
[info] using task orders [0, 1, 2, 3, 4, 5, 6, 7, 8, 9]
[info] using task orders [0, 1, 2, 3, 4, 5, 6, 7, 8, 9]
Local assets not found. Downloading from HuggingFace Hub...
Assets already downloaded at /home/ljc/.cache/libero/assets
[info] using task orders [0, 1, 2, 3, 4, 5, 6, 7, 8, 9]
[info] using task orders [0, 1, 2, 3, 4, 5, 6, 7, 8, 9]
Local assets not found. Downloading from HuggingFace Hub...
Assets already downloaded at /home/ljc/.cache/libero/assets
[info] using task orders [0, 1, 2, 3, 4, 5, 6, 7, 8, 9]
[info] using task orders [0, 1, 2, 3, 4, 5, 6, 7, 8, 9]
Local assets not found. Downloading from HuggingFace Hub...
Assets already downloaded at /home/ljc/.cache/libero/assets
[info] using task orders [0, 1, 2, 3, 4, 5, 6, 7, 8, 9]
[info] using task orders [0, 1, 2, 3, 4, 5, 6, 7, 8, 9]
Local assets not found. Downloading from HuggingFace Hub...
Assets already downloaded at /home/ljc/.cache/libero/assets
[info] using task orders [0, 1, 2, 3, 4, 5, 6, 7, 8, 9]
[info] using task orders [0, 1, 2, 3, 4, 5, 6, 7, 8, 9]
Local assets not found. Downloading from HuggingFace Hub...
Assets already downloaded at /home/ljc/.cache/libero/assets
[info] using task orders [0, 1, 2, 3, 4, 5, 6, 7, 8, 9]
[info] using task orders [0, 1, 2, 3, 4, 5, 6, 7, 8, 9]
Local assets not found. Downloading from HuggingFace Hub...
Assets already downloaded at /home/ljc/.cache/libero/assets
[info] using task orders [0, 1, 2, 3, 4, 5, 6, 7, 8, 9]
[info] using task orders [0, 1, 2, 3, 4, 5, 6, 7, 8, 9]
Local assets not found. Downloading from HuggingFace Hub...
Assets already downloaded at /home/ljc/.cache/libero/assets
[info] using task orders [0, 1, 2, 3, 4, 5, 6, 7, 8, 9]
[info] using task orders [0, 1, 2, 3, 4, 5, 6, 7, 8, 9]
Local assets not found. Downloading from HuggingFace Hub...
Assets already downloaded at /home/ljc/.cache/libero/assets
[info] using task orders [0, 1, 2, 3, 4, 5, 6, 7, 8, 9]
[info] using task orders [0, 1, 2, 3, 4, 5, 6, 7, 8, 9]
Local assets not found. Downloading from HuggingFace Hub...
Assets already downloaded at /home/ljc/.cache/libero/assets
[clustereval] /mnt/sdb/ljc/RoboTDA-X/phase2/runs/P3/Q15M05_s603 C1 success=0.2300 (200 eps, 240s)
