[train] ep 0 step 4/8000 loss 6.9444 (2s)
[train] ep 50 step 204/8000 loss -6.1934 (6s)
[train] ep 100 step 404/8000 loss -8.0951 (9s)
[train] ep 150 step 604/8000 loss -9.5709 (13s)
[train] ep 200 step 804/8000 loss -11.9474 (16s)
[train] ep 250 step 1004/8000 loss -11.5932 (19s)
[train] ep 300 step 1204/8000 loss -13.4110 (22s)
[train] ep 350 step 1404/8000 loss -13.3209 (25s)
[train] ep 400 step 1604/8000 loss -15.6282 (28s)
[train] ep 450 step 1804/8000 loss -16.2780 (31s)
[train] ep 500 step 2004/8000 loss -14.9710 (35s)
[train] ep 550 step 2204/8000 loss -16.8547 (38s)
[train] ep 600 step 2404/8000 loss -17.6593 (41s)
[train] ep 650 step 2604/8000 loss -17.8104 (44s)
[train] ep 700 step 2804/8000 loss -18.7744 (47s)
[train] ep 750 step 3004/8000 loss -19.4061 (50s)
[train] ep 800 step 3204/8000 loss -18.6063 (53s)
[train] ep 850 step 3404/8000 loss -19.1738 (56s)
[train] ep 900 step 3604/8000 loss -18.3788 (60s)
[train] ep 950 step 3804/8000 loss -20.1192 (64s)
[train] ep 1000 step 4004/8000 loss -21.2724 (67s)
[train] ep 1050 step 4204/8000 loss -20.8679 (71s)
[train] ep 1100 step 4404/8000 loss -21.0718 (75s)
[train] ep 1150 step 4604/8000 loss -21.7519 (78s)
[train] ep 1200 step 4804/8000 loss -21.1571 (81s)
[train] ep 1250 step 5004/8000 loss -21.9576 (85s)
[train] ep 1300 step 5204/8000 loss -22.7239 (89s)
[train] ep 1350 step 5404/8000 loss -22.2752 (92s)
[train] ep 1400 step 5604/8000 loss -23.0997 (95s)
[train] ep 1450 step 5804/8000 loss -23.2660 (98s)
[train] ep 1500 step 6004/8000 loss -23.4063 (101s)
[train] ep 1550 step 6204/8000 loss -23.7444 (104s)
[train] ep 1600 step 6404/8000 loss -24.6229 (107s)
[train] ep 1650 step 6604/8000 loss -24.3717 (111s)
[train] ep 1700 step 6804/8000 loss -24.6345 (114s)
[train] ep 1750 step 7004/8000 loss -23.5068 (117s)
[train] ep 1800 step 7204/8000 loss -24.8707 (120s)
[train] ep 1850 step 7404/8000 loss -25.0777 (123s)
[train] ep 1900 step 7604/8000 loss -24.8213 (126s)
[train] ep 1950 step 7804/8000 loss -24.7632 (129s)
[train] ep 1999 step 8000/8000 loss -25.3890 (132s)
[train] DONE /mnt/sdb/ljc/RoboTDA-X/phase2/runs/P3/Q15M03_s604 wall=132s windows=1103 loss=-25.3328
[heldout] /mnt/sdb/ljc/RoboTDA-X/phase2/runs/P3/Q15M03_s604: C1 plain_loss=0.7713
[robosuite WARNING] No private macro file found! (__init__.py:7)
[robosuite WARNING] It is recommended to use a private macro file (__init__.py:8)
[robosuite WARNING] To setup, run: python /home/ljc/miniconda/envs/robotda_x/lib/python3.12/site-packages/robosuite/scripts/setup_macros.py (__init__.py:9)
[robosuite WARNING] No private macro file found! (__init__.py:7)
[robosuite WARNING] It is recommended to use a private macro file (__init__.py:8)
[robosuite WARNING] To setup, run: python /home/ljc/miniconda/envs/robotda_x/lib/python3.12/site-packages/robosuite/scripts/setup_macros.py (__init__.py:9)
[robosuite WARNING] No private macro file found! (__init__.py:7)
[robosuite WARNING] It is recommended to use a private macro file (__init__.py:8)
[robosuite WARNING] To setup, run: python /home/ljc/miniconda/envs/robotda_x/lib/python3.12/site-packages/robosuite/scripts/setup_macros.py (__init__.py:9)
[robosuite WARNING] No private macro file found! (__init__.py:7)
[robosuite WARNING] It is recommended to use a private macro file (__init__.py:8)
[robosuite WARNING] To setup, run: python /home/ljc/miniconda/envs/robotda_x/lib/python3.12/site-packages/robosuite/scripts/setup_macros.py (__init__.py:9)
[robosuite WARNING] No private macro file found! (__init__.py:7)
[robosuite WARNING] It is recommended to use a private macro file (__init__.py:8)
[robosuite WARNING] To setup, run: python /home/ljc/miniconda/envs/robotda_x/lib/python3.12/site-packages/robosuite/scripts/setup_macros.py (__init__.py:9)
[robosuite WARNING] No private macro file found! (__init__.py:7)
[robosuite WARNING] It is recommended to use a private macro file (__init__.py:8)
[robosuite WARNING] To setup, run: python /home/ljc/miniconda/envs/robotda_x/lib/python3.12/site-packages/robosuite/scripts/setup_macros.py (__init__.py:9)
[robosuite WARNING] No private macro file found! (__init__.py:7)
[robosuite WARNING] It is recommended to use a private macro file (__init__.py:8)
[robosuite WARNING] To setup, run: python /home/ljc/miniconda/envs/robotda_x/lib/python3.12/site-packages/robosuite/scripts/setup_macros.py (__init__.py:9)
[robosuite WARNING] No private macro file found! (__init__.py:7)
[robosuite WARNING] It is recommended to use a private macro file (__init__.py:8)
[robosuite WARNING] To setup, run: python /home/ljc/miniconda/envs/robotda_x/lib/python3.12/site-packages/robosuite/scripts/setup_macros.py (__init__.py:9)
[robosuite WARNING] No private macro file found! (__init__.py:7)
[robosuite WARNING] It is recommended to use a private macro file (__init__.py:8)
[robosuite WARNING] To setup, run: python /home/ljc/miniconda/envs/robotda_x/lib/python3.12/site-packages/robosuite/scripts/setup_macros.py (__init__.py:9)
[robosuite WARNING] No private macro file found! (__init__.py:7)
[robosuite WARNING] It is recommended to use a private macro file (__init__.py:8)
[robosuite WARNING] To setup, run: python /home/ljc/miniconda/envs/robotda_x/lib/python3.12/site-packages/robosuite/scripts/setup_macros.py (__init__.py:9)
[info] using task orders [0, 1, 2, 3, 4, 5, 6, 7, 8, 9]
[info] using task orders [0, 1, 2, 3, 4, 5, 6, 7, 8, 9]
Local assets not found. Downloading from HuggingFace Hub...
Assets already downloaded at /home/ljc/.cache/libero/assets
[info] using task orders [0, 1, 2, 3, 4, 5, 6, 7, 8, 9]
[info] using task orders [0, 1, 2, 3, 4, 5, 6, 7, 8, 9]
Local assets not found. Downloading from HuggingFace Hub...
Assets already downloaded at /home/ljc/.cache/libero/assets
[info] using task orders [0, 1, 2, 3, 4, 5, 6, 7, 8, 9]
[info] using task orders [0, 1, 2, 3, 4, 5, 6, 7, 8, 9]
Local assets not found. Downloading from HuggingFace Hub...
Assets already downloaded at /home/ljc/.cache/libero/assets
[info] using task orders [0, 1, 2, 3, 4, 5, 6, 7, 8, 9]
[info] using task orders [0, 1, 2, 3, 4, 5, 6, 7, 8, 9]
Local assets not found. Downloading from HuggingFace Hub...
Assets already downloaded at /home/ljc/.cache/libero/assets
[info] using task orders [0, 1, 2, 3, 4, 5, 6, 7, 8, 9]
[info] using task orders [0, 1, 2, 3, 4, 5, 6, 7, 8, 9]
Local assets not found. Downloading from HuggingFace Hub...
Assets already downloaded at /home/ljc/.cache/libero/assets
[info] using task orders [0, 1, 2, 3, 4, 5, 6, 7, 8, 9]
[info] using task orders [0, 1, 2, 3, 4, 5, 6, 7, 8, 9]
Local assets not found. Downloading from HuggingFace Hub...
Assets already downloaded at /home/ljc/.cache/libero/assets
[info] using task orders [0, 1, 2, 3, 4, 5, 6, 7, 8, 9]
[info] using task orders [0, 1, 2, 3, 4, 5, 6, 7, 8, 9]
Local assets not found. Downloading from HuggingFace Hub...
Assets already downloaded at /home/ljc/.cache/libero/assets
[info] using task orders [0, 1, 2, 3, 4, 5, 6, 7, 8, 9]
[info] using task orders [0, 1, 2, 3, 4, 5, 6, 7, 8, 9]
Local assets not found. Downloading from HuggingFace Hub...
Assets already downloaded at /home/ljc/.cache/libero/assets
[info] using task orders [0, 1, 2, 3, 4, 5, 6, 7, 8, 9]
[info] using task orders [0, 1, 2, 3, 4, 5, 6, 7, 8, 9]
Local assets not found. Downloading from HuggingFace Hub...
Assets already downloaded at /home/ljc/.cache/libero/assets
[clustereval] /mnt/sdb/ljc/RoboTDA-X/phase2/runs/P3/Q15M03_s604 C1 success=0.1350 (200 eps, 260s)
