[train] ep 0 step 4/8000 loss 6.8804 (2s)
[train] ep 50 step 204/8000 loss -6.1210 (6s)
[train] ep 100 step 404/8000 loss -8.3831 (9s)
[train] ep 150 step 604/8000 loss -9.9407 (12s)
[train] ep 200 step 804/8000 loss -10.8702 (16s)
[train] ep 250 step 1004/8000 loss -12.0655 (19s)
[train] ep 300 step 1204/8000 loss -13.3019 (22s)
[train] ep 350 step 1404/8000 loss -13.1327 (25s)
[train] ep 400 step 1604/8000 loss -13.1153 (28s)
[train] ep 450 step 1804/8000 loss -12.6399 (31s)
[train] ep 500 step 2004/8000 loss -16.3454 (35s)
[train] ep 550 step 2204/8000 loss -14.8162 (38s)
[train] ep 600 step 2404/8000 loss -17.2558 (41s)
[train] ep 650 step 2604/8000 loss -16.8731 (44s)
[train] ep 700 step 2804/8000 loss -17.3105 (47s)
[train] ep 750 step 3004/8000 loss -17.3704 (50s)
[train] ep 800 step 3204/8000 loss -16.7564 (53s)
[train] ep 850 step 3404/8000 loss -19.1500 (56s)
[train] ep 900 step 3604/8000 loss -19.2881 (60s)
[train] ep 950 step 3804/8000 loss -19.3935 (63s)
[train] ep 1000 step 4004/8000 loss -19.6981 (66s)
[train] ep 1050 step 4204/8000 loss -20.2956 (69s)
[train] ep 1100 step 4404/8000 loss -21.2801 (72s)
[train] ep 1150 step 4604/8000 loss -20.7049 (75s)
[train] ep 1200 step 4804/8000 loss -20.9621 (78s)
[train] ep 1250 step 5004/8000 loss -21.3162 (81s)
[train] ep 1300 step 5204/8000 loss -22.0298 (85s)
[train] ep 1350 step 5404/8000 loss -21.0983 (88s)
[train] ep 1400 step 5604/8000 loss -22.8297 (91s)
[train] ep 1450 step 5804/8000 loss -22.4426 (94s)
[train] ep 1500 step 6004/8000 loss -22.8505 (97s)
[train] ep 1550 step 6204/8000 loss -22.6001 (100s)
[train] ep 1600 step 6404/8000 loss -23.5427 (103s)
[train] ep 1650 step 6604/8000 loss -23.8539 (106s)
[train] ep 1700 step 6804/8000 loss -23.9187 (110s)
[train] ep 1750 step 7004/8000 loss -23.9882 (113s)
[train] ep 1800 step 7204/8000 loss -24.2530 (116s)
[train] ep 1850 step 7404/8000 loss -24.3995 (119s)
[train] ep 1900 step 7604/8000 loss -24.3585 (122s)
[train] ep 1950 step 7804/8000 loss -24.4212 (125s)
[train] ep 1999 step 8000/8000 loss -24.2988 (128s)
[train] DONE /mnt/sdb/ljc/RoboTDA-X/phase2/runs/P3/Q15M05_s601 wall=128s windows=1056 loss=-24.4789
[heldout] /mnt/sdb/ljc/RoboTDA-X/phase2/runs/P3/Q15M05_s601: C1 plain_loss=0.9048
[robosuite WARNING] No private macro file found! (__init__.py:7)
[robosuite WARNING] It is recommended to use a private macro file (__init__.py:8)
[robosuite WARNING] To setup, run: python /home/ljc/miniconda/envs/robotda_x/lib/python3.12/site-packages/robosuite/scripts/setup_macros.py (__init__.py:9)
[robosuite WARNING] No private macro file found! (__init__.py:7)
[robosuite WARNING] It is recommended to use a private macro file (__init__.py:8)
[robosuite WARNING] To setup, run: python /home/ljc/miniconda/envs/robotda_x/lib/python3.12/site-packages/robosuite/scripts/setup_macros.py (__init__.py:9)
[robosuite WARNING] No private macro file found! (__init__.py:7)
[robosuite WARNING] It is recommended to use a private macro file (__init__.py:8)
[robosuite WARNING] To setup, run: python /home/ljc/miniconda/envs/robotda_x/lib/python3.12/site-packages/robosuite/scripts/setup_macros.py (__init__.py:9)
[robosuite WARNING] No private macro file found! (__init__.py:7)
[robosuite WARNING] It is recommended to use a private macro file (__init__.py:8)
[robosuite WARNING] To setup, run: python /home/ljc/miniconda/envs/robotda_x/lib/python3.12/site-packages/robosuite/scripts/setup_macros.py (__init__.py:9)
[robosuite WARNING] No private macro file found! (__init__.py:7)
[robosuite WARNING] It is recommended to use a private macro file (__init__.py:8)
[robosuite WARNING] To setup, run: python /home/ljc/miniconda/envs/robotda_x/lib/python3.12/site-packages/robosuite/scripts/setup_macros.py (__init__.py:9)
[robosuite WARNING] No private macro file found! (__init__.py:7)
[robosuite WARNING] It is recommended to use a private macro file (__init__.py:8)
[robosuite WARNING] To setup, run: python /home/ljc/miniconda/envs/robotda_x/lib/python3.12/site-packages/robosuite/scripts/setup_macros.py (__init__.py:9)
[robosuite WARNING] No private macro file found! (__init__.py:7)
[robosuite WARNING] It is recommended to use a private macro file (__init__.py:8)
[robosuite WARNING] To setup, run: python /home/ljc/miniconda/envs/robotda_x/lib/python3.12/site-packages/robosuite/scripts/setup_macros.py (__init__.py:9)
[robosuite WARNING] No private macro file found! (__init__.py:7)
[robosuite WARNING] It is recommended to use a private macro file (__init__.py:8)
[robosuite WARNING] To setup, run: python /home/ljc/miniconda/envs/robotda_x/lib/python3.12/site-packages/robosuite/scripts/setup_macros.py (__init__.py:9)
[robosuite WARNING] No private macro file found! (__init__.py:7)
[robosuite WARNING] It is recommended to use a private macro file (__init__.py:8)
[robosuite WARNING] To setup, run: python /home/ljc/miniconda/envs/robotda_x/lib/python3.12/site-packages/robosuite/scripts/setup_macros.py (__init__.py:9)
[robosuite WARNING] No private macro file found! (__init__.py:7)
[robosuite WARNING] It is recommended to use a private macro file (__init__.py:8)
[robosuite WARNING] To setup, run: python /home/ljc/miniconda/envs/robotda_x/lib/python3.12/site-packages/robosuite/scripts/setup_macros.py (__init__.py:9)
[info] using task orders [0, 1, 2, 3, 4, 5, 6, 7, 8, 9]
[info] using task orders [0, 1, 2, 3, 4, 5, 6, 7, 8, 9]
Local assets not found. Downloading from HuggingFace Hub...
Assets already downloaded at /home/ljc/.cache/libero/assets
[info] using task orders [0, 1, 2, 3, 4, 5, 6, 7, 8, 9]
[info] using task orders [0, 1, 2, 3, 4, 5, 6, 7, 8, 9]
Local assets not found. Downloading from HuggingFace Hub...
Assets already downloaded at /home/ljc/.cache/libero/assets
[info] using task orders [0, 1, 2, 3, 4, 5, 6, 7, 8, 9]
[info] using task orders [0, 1, 2, 3, 4, 5, 6, 7, 8, 9]
Local assets not found. Downloading from HuggingFace Hub...
Assets already downloaded at /home/ljc/.cache/libero/assets
[info] using task orders [0, 1, 2, 3, 4, 5, 6, 7, 8, 9]
[info] using task orders [0, 1, 2, 3, 4, 5, 6, 7, 8, 9]
Local assets not found. Downloading from HuggingFace Hub...
Assets already downloaded at /home/ljc/.cache/libero/assets
[info] using task orders [0, 1, 2, 3, 4, 5, 6, 7, 8, 9]
[info] using task orders [0, 1, 2, 3, 4, 5, 6, 7, 8, 9]
Local assets not found. Downloading from HuggingFace Hub...
Assets already downloaded at /home/ljc/.cache/libero/assets
[info] using task orders [0, 1, 2, 3, 4, 5, 6, 7, 8, 9]
[info] using task orders [0, 1, 2, 3, 4, 5, 6, 7, 8, 9]
Local assets not found. Downloading from HuggingFace Hub...
Assets already downloaded at /home/ljc/.cache/libero/assets
[info] using task orders [0, 1, 2, 3, 4, 5, 6, 7, 8, 9]
[info] using task orders [0, 1, 2, 3, 4, 5, 6, 7, 8, 9]
Local assets not found. Downloading from HuggingFace Hub...
Assets already downloaded at /home/ljc/.cache/libero/assets
[info] using task orders [0, 1, 2, 3, 4, 5, 6, 7, 8, 9]
[info] using task orders [0, 1, 2, 3, 4, 5, 6, 7, 8, 9]
Local assets not found. Downloading from HuggingFace Hub...
Assets already downloaded at /home/ljc/.cache/libero/assets
[info] using task orders [0, 1, 2, 3, 4, 5, 6, 7, 8, 9]
[info] using task orders [0, 1, 2, 3, 4, 5, 6, 7, 8, 9]
Local assets not found. Downloading from HuggingFace Hub...
Assets already downloaded at /home/ljc/.cache/libero/assets
[info] using task orders [0, 1, 2, 3, 4, 5, 6, 7, 8, 9]
[info] using task orders [0, 1, 2, 3, 4, 5, 6, 7, 8, 9]
Local assets not found. Downloading from HuggingFace Hub...
Assets already downloaded at /home/ljc/.cache/libero/assets
[clustereval] /mnt/sdb/ljc/RoboTDA-X/phase2/runs/P3/Q15M05_s601 C1 success=0.1600 (200 eps, 243s)
