[train] ep 0 step 4/8000 loss 6.5401 (2s)
[train] ep 50 step 204/8000 loss -6.6880 (6s)
[train] ep 100 step 404/8000 loss -7.8981 (9s)
[train] ep 150 step 604/8000 loss -10.5329 (12s)
[train] ep 200 step 804/8000 loss -11.7751 (15s)
[train] ep 250 step 1004/8000 loss -12.9821 (18s)
[train] ep 300 step 1204/8000 loss -13.5453 (21s)
[train] ep 350 step 1404/8000 loss -14.7167 (24s)
[train] ep 400 step 1604/8000 loss -15.2033 (28s)
[train] ep 450 step 1804/8000 loss -15.8044 (31s)
[train] ep 500 step 2004/8000 loss -16.2045 (34s)
[train] ep 550 step 2204/8000 loss -17.4124 (37s)
[train] ep 600 step 2404/8000 loss -17.4516 (40s)
[train] ep 650 step 2604/8000 loss -16.4275 (43s)
[train] ep 700 step 2804/8000 loss -18.4525 (46s)
[train] ep 750 step 3004/8000 loss -18.8313 (49s)
[train] ep 800 step 3204/8000 loss -19.3494 (53s)
[train] ep 850 step 3404/8000 loss -19.2743 (56s)
[train] ep 900 step 3604/8000 loss -19.7667 (59s)
[train] ep 950 step 3804/8000 loss -19.4198 (62s)
[train] ep 1000 step 4004/8000 loss -19.7955 (65s)
[train] ep 1050 step 4204/8000 loss -20.9185 (69s)
[train] ep 1100 step 4404/8000 loss -20.4364 (72s)
[train] ep 1150 step 4604/8000 loss -21.7867 (75s)
[train] ep 1200 step 4804/8000 loss -21.7996 (78s)
[train] ep 1250 step 5004/8000 loss -22.1063 (81s)
[train] ep 1300 step 5204/8000 loss -22.1810 (84s)
[train] ep 1350 step 5404/8000 loss -21.9866 (88s)
[train] ep 1400 step 5604/8000 loss -23.0918 (91s)
[train] ep 1450 step 5804/8000 loss -22.9238 (94s)
[train] ep 1500 step 6004/8000 loss -23.2943 (97s)
[train] ep 1550 step 6204/8000 loss -23.4359 (100s)
[train] ep 1600 step 6404/8000 loss -23.9400 (103s)
[train] ep 1650 step 6604/8000 loss -23.7741 (107s)
[train] ep 1700 step 6804/8000 loss -24.1253 (110s)
[train] ep 1750 step 7004/8000 loss -23.9718 (113s)
[train] ep 1800 step 7204/8000 loss -24.3293 (116s)
[train] ep 1850 step 7404/8000 loss -24.5339 (119s)
[train] ep 1900 step 7604/8000 loss -24.3944 (122s)
[train] ep 1950 step 7804/8000 loss -24.6914 (125s)
[train] ep 1999 step 8000/8000 loss -24.5442 (129s)
[train] DONE /mnt/sdb/ljc/RoboTDA-X/phase2/runs/P3/Q15M05_s602 wall=129s windows=1056 loss=-24.6982
[heldout] /mnt/sdb/ljc/RoboTDA-X/phase2/runs/P3/Q15M05_s602: C1 plain_loss=0.9251
[robosuite WARNING] No private macro file found! (__init__.py:7)
[robosuite WARNING] It is recommended to use a private macro file (__init__.py:8)
[robosuite WARNING] To setup, run: python /home/ljc/miniconda/envs/robotda_x/lib/python3.12/site-packages/robosuite/scripts/setup_macros.py (__init__.py:9)
[robosuite WARNING] No private macro file found! (__init__.py:7)
[robosuite WARNING] It is recommended to use a private macro file (__init__.py:8)
[robosuite WARNING] To setup, run: python /home/ljc/miniconda/envs/robotda_x/lib/python3.12/site-packages/robosuite/scripts/setup_macros.py (__init__.py:9)
[robosuite WARNING] No private macro file found! (__init__.py:7)
[robosuite WARNING] It is recommended to use a private macro file (__init__.py:8)
[robosuite WARNING] To setup, run: python /home/ljc/miniconda/envs/robotda_x/lib/python3.12/site-packages/robosuite/scripts/setup_macros.py (__init__.py:9)
[robosuite WARNING] No private macro file found! (__init__.py:7)
[robosuite WARNING] It is recommended to use a private macro file (__init__.py:8)
[robosuite WARNING] To setup, run: python /home/ljc/miniconda/envs/robotda_x/lib/python3.12/site-packages/robosuite/scripts/setup_macros.py (__init__.py:9)
[robosuite WARNING] No private macro file found! (__init__.py:7)
[robosuite WARNING] It is recommended to use a private macro file (__init__.py:8)
[robosuite WARNING] To setup, run: python /home/ljc/miniconda/envs/robotda_x/lib/python3.12/site-packages/robosuite/scripts/setup_macros.py (__init__.py:9)
[robosuite WARNING] No private macro file found! (__init__.py:7)
[robosuite WARNING] It is recommended to use a private macro file (__init__.py:8)
[robosuite WARNING] To setup, run: python /home/ljc/miniconda/envs/robotda_x/lib/python3.12/site-packages/robosuite/scripts/setup_macros.py (__init__.py:9)
[robosuite WARNING] No private macro file found! (__init__.py:7)
[robosuite WARNING] It is recommended to use a private macro file (__init__.py:8)
[robosuite WARNING] To setup, run: python /home/ljc/miniconda/envs/robotda_x/lib/python3.12/site-packages/robosuite/scripts/setup_macros.py (__init__.py:9)
[robosuite WARNING] No private macro file found! (__init__.py:7)
[robosuite WARNING] It is recommended to use a private macro file (__init__.py:8)
[robosuite WARNING] To setup, run: python /home/ljc/miniconda/envs/robotda_x/lib/python3.12/site-packages/robosuite/scripts/setup_macros.py (__init__.py:9)
[robosuite WARNING] No private macro file found! (__init__.py:7)
[robosuite WARNING] It is recommended to use a private macro file (__init__.py:8)
[robosuite WARNING] To setup, run: python /home/ljc/miniconda/envs/robotda_x/lib/python3.12/site-packages/robosuite/scripts/setup_macros.py (__init__.py:9)
[robosuite WARNING] No private macro file found! (__init__.py:7)
[robosuite WARNING] It is recommended to use a private macro file (__init__.py:8)
[robosuite WARNING] To setup, run: python /home/ljc/miniconda/envs/robotda_x/lib/python3.12/site-packages/robosuite/scripts/setup_macros.py (__init__.py:9)
[info] using task orders [0, 1, 2, 3, 4, 5, 6, 7, 8, 9]
[info] using task orders [0, 1, 2, 3, 4, 5, 6, 7, 8, 9]
Local assets not found. Downloading from HuggingFace Hub...
Assets already downloaded at /home/ljc/.cache/libero/assets
[info] using task orders [0, 1, 2, 3, 4, 5, 6, 7, 8, 9]
[info] using task orders [0, 1, 2, 3, 4, 5, 6, 7, 8, 9]
Local assets not found. Downloading from HuggingFace Hub...
Assets already downloaded at /home/ljc/.cache/libero/assets
[info] using task orders [0, 1, 2, 3, 4, 5, 6, 7, 8, 9]
[info] using task orders [0, 1, 2, 3, 4, 5, 6, 7, 8, 9]
Local assets not found. Downloading from HuggingFace Hub...
Assets already downloaded at /home/ljc/.cache/libero/assets
[info] using task orders [0, 1, 2, 3, 4, 5, 6, 7, 8, 9]
[info] using task orders [0, 1, 2, 3, 4, 5, 6, 7, 8, 9]
Local assets not found. Downloading from HuggingFace Hub...
Assets already downloaded at /home/ljc/.cache/libero/assets
[info] using task orders [0, 1, 2, 3, 4, 5, 6, 7, 8, 9]
[info] using task orders [0, 1, 2, 3, 4, 5, 6, 7, 8, 9]
Local assets not found. Downloading from HuggingFace Hub...
Assets already downloaded at /home/ljc/.cache/libero/assets
[info] using task orders [0, 1, 2, 3, 4, 5, 6, 7, 8, 9]
[info] using task orders [0, 1, 2, 3, 4, 5, 6, 7, 8, 9]
Local assets not found. Downloading from HuggingFace Hub...
Assets already downloaded at /home/ljc/.cache/libero/assets
[info] using task orders [0, 1, 2, 3, 4, 5, 6, 7, 8, 9]
[info] using task orders [0, 1, 2, 3, 4, 5, 6, 7, 8, 9]
Local assets not found. Downloading from HuggingFace Hub...
Assets already downloaded at /home/ljc/.cache/libero/assets
[info] using task orders [0, 1, 2, 3, 4, 5, 6, 7, 8, 9]
[info] using task orders [0, 1, 2, 3, 4, 5, 6, 7, 8, 9]
Local assets not found. Downloading from HuggingFace Hub...
Assets already downloaded at /home/ljc/.cache/libero/assets
[info] using task orders [0, 1, 2, 3, 4, 5, 6, 7, 8, 9]
[info] using task orders [0, 1, 2, 3, 4, 5, 6, 7, 8, 9]
Local assets not found. Downloading from HuggingFace Hub...
Assets already downloaded at /home/ljc/.cache/libero/assets
[clustereval] /mnt/sdb/ljc/RoboTDA-X/phase2/runs/P3/Q15M05_s602 C1 success=0.1550 (200 eps, 253s)
