[train] ep 0 step 5/8000 loss 5.9027 (2s)
[train] ep 50 step 255/8000 loss -6.0287 (7s)
[train] ep 100 step 505/8000 loss -8.0833 (11s)
[train] ep 150 step 755/8000 loss -9.8415 (15s)
[train] ep 200 step 1005/8000 loss -11.9198 (18s)
[train] ep 250 step 1255/8000 loss -10.1235 (22s)
[train] ep 300 step 1505/8000 loss -14.9422 (26s)
[train] ep 350 step 1755/8000 loss -15.9119 (30s)
[train] ep 400 step 2005/8000 loss -16.1955 (34s)
[train] ep 450 step 2255/8000 loss -16.9273 (38s)
[train] ep 500 step 2505/8000 loss -18.6094 (42s)
[train] ep 550 step 2755/8000 loss -18.8040 (46s)
[train] ep 600 step 3005/8000 loss -17.9336 (49s)
[train] ep 650 step 3255/8000 loss -17.5549 (53s)
[train] ep 700 step 3505/8000 loss -19.3270 (58s)
[train] ep 750 step 3755/8000 loss -20.5067 (62s)
[train] ep 800 step 4005/8000 loss -20.4486 (66s)
[train] ep 850 step 4255/8000 loss -21.4073 (69s)
[train] ep 900 step 4505/8000 loss -21.4261 (73s)
[train] ep 950 step 4755/8000 loss -21.8285 (77s)
[train] ep 1000 step 5005/8000 loss -21.5840 (81s)
[train] ep 1050 step 5255/8000 loss -23.1959 (85s)
[train] ep 1100 step 5505/8000 loss -23.5730 (89s)
[train] ep 1150 step 5755/8000 loss -23.5079 (93s)
[train] ep 1200 step 6005/8000 loss -23.9813 (97s)
[train] ep 1250 step 6255/8000 loss -24.4148 (101s)
[train] ep 1300 step 6505/8000 loss -24.4933 (105s)
[train] ep 1350 step 6755/8000 loss -23.9469 (109s)
[train] ep 1400 step 7005/8000 loss -24.8862 (112s)
[train] ep 1450 step 7255/8000 loss -24.1013 (116s)
[train] ep 1500 step 7505/8000 loss -24.8972 (120s)
[train] ep 1550 step 7755/8000 loss -25.3947 (124s)
[train] ep 1599 step 8000/8000 loss -24.8066 (128s)
[train] DONE /mnt/sdb/ljc/RoboTDA-X/phase2/runs/P3/Q15M06_s603 wall=128s windows=1355 loss=-24.7418
[heldout] /mnt/sdb/ljc/RoboTDA-X/phase2/runs/P3/Q15M06_s603: C1 plain_loss=0.8050
[robosuite WARNING] No private macro file found! (__init__.py:7)
[robosuite WARNING] It is recommended to use a private macro file (__init__.py:8)
[robosuite WARNING] To setup, run: python /home/ljc/miniconda/envs/robotda_x/lib/python3.12/site-packages/robosuite/scripts/setup_macros.py (__init__.py:9)
[robosuite WARNING] No private macro file found! (__init__.py:7)
[robosuite WARNING] It is recommended to use a private macro file (__init__.py:8)
[robosuite WARNING] To setup, run: python /home/ljc/miniconda/envs/robotda_x/lib/python3.12/site-packages/robosuite/scripts/setup_macros.py (__init__.py:9)
[robosuite WARNING] No private macro file found! (__init__.py:7)
[robosuite WARNING] It is recommended to use a private macro file (__init__.py:8)
[robosuite WARNING] To setup, run: python /home/ljc/miniconda/envs/robotda_x/lib/python3.12/site-packages/robosuite/scripts/setup_macros.py (__init__.py:9)
[robosuite WARNING] No private macro file found! (__init__.py:7)
[robosuite WARNING] It is recommended to use a private macro file (__init__.py:8)
[robosuite WARNING] To setup, run: python /home/ljc/miniconda/envs/robotda_x/lib/python3.12/site-packages/robosuite/scripts/setup_macros.py (__init__.py:9)
[robosuite WARNING] No private macro file found! (__init__.py:7)
[robosuite WARNING] It is recommended to use a private macro file (__init__.py:8)
[robosuite WARNING] To setup, run: python /home/ljc/miniconda/envs/robotda_x/lib/python3.12/site-packages/robosuite/scripts/setup_macros.py (__init__.py:9)
[robosuite WARNING] No private macro file found! (__init__.py:7)
[robosuite WARNING] It is recommended to use a private macro file (__init__.py:8)
[robosuite WARNING] To setup, run: python /home/ljc/miniconda/envs/robotda_x/lib/python3.12/site-packages/robosuite/scripts/setup_macros.py (__init__.py:9)
[robosuite WARNING] No private macro file found! (__init__.py:7)
[robosuite WARNING] It is recommended to use a private macro file (__init__.py:8)
[robosuite WARNING] To setup, run: python /home/ljc/miniconda/envs/robotda_x/lib/python3.12/site-packages/robosuite/scripts/setup_macros.py (__init__.py:9)
[robosuite WARNING] No private macro file found! (__init__.py:7)
[robosuite WARNING] It is recommended to use a private macro file (__init__.py:8)
[robosuite WARNING] To setup, run: python /home/ljc/miniconda/envs/robotda_x/lib/python3.12/site-packages/robosuite/scripts/setup_macros.py (__init__.py:9)
[robosuite WARNING] No private macro file found! (__init__.py:7)
[robosuite WARNING] It is recommended to use a private macro file (__init__.py:8)
[robosuite WARNING] To setup, run: python /home/ljc/miniconda/envs/robotda_x/lib/python3.12/site-packages/robosuite/scripts/setup_macros.py (__init__.py:9)
[robosuite WARNING] No private macro file found! (__init__.py:7)
[robosuite WARNING] It is recommended to use a private macro file (__init__.py:8)
[robosuite WARNING] To setup, run: python /home/ljc/miniconda/envs/robotda_x/lib/python3.12/site-packages/robosuite/scripts/setup_macros.py (__init__.py:9)
[info] using task orders [0, 1, 2, 3, 4, 5, 6, 7, 8, 9]
[info] using task orders [0, 1, 2, 3, 4, 5, 6, 7, 8, 9]
Local assets not found. Downloading from HuggingFace Hub...
Assets already downloaded at /home/ljc/.cache/libero/assets
[info] using task orders [0, 1, 2, 3, 4, 5, 6, 7, 8, 9]
[info] using task orders [0, 1, 2, 3, 4, 5, 6, 7, 8, 9]
Local assets not found. Downloading from HuggingFace Hub...
Assets already downloaded at /home/ljc/.cache/libero/assets
[info] using task orders [0, 1, 2, 3, 4, 5, 6, 7, 8, 9]
[info] using task orders [0, 1, 2, 3, 4, 5, 6, 7, 8, 9]
Local assets not found. Downloading from HuggingFace Hub...
Assets already downloaded at /home/ljc/.cache/libero/assets
[info] using task orders [0, 1, 2, 3, 4, 5, 6, 7, 8, 9]
[info] using task orders [0, 1, 2, 3, 4, 5, 6, 7, 8, 9]
Local assets not found. Downloading from HuggingFace Hub...
Assets already downloaded at /home/ljc/.cache/libero/assets
[info] using task orders [0, 1, 2, 3, 4, 5, 6, 7, 8, 9]
[info] using task orders [0, 1, 2, 3, 4, 5, 6, 7, 8, 9]
Local assets not found. Downloading from HuggingFace Hub...
Assets already downloaded at /home/ljc/.cache/libero/assets
[info] using task orders [0, 1, 2, 3, 4, 5, 6, 7, 8, 9]
[info] using task orders [0, 1, 2, 3, 4, 5, 6, 7, 8, 9]
Local assets not found. Downloading from HuggingFace Hub...
Assets already downloaded at /home/ljc/.cache/libero/assets
[info] using task orders [0, 1, 2, 3, 4, 5, 6, 7, 8, 9]
[info] using task orders [0, 1, 2, 3, 4, 5, 6, 7, 8, 9]
Local assets not found. Downloading from HuggingFace Hub...
Assets already downloaded at /home/ljc/.cache/libero/assets
[info] using task orders [0, 1, 2, 3, 4, 5, 6, 7, 8, 9]
[info] using task orders [0, 1, 2, 3, 4, 5, 6, 7, 8, 9]
Local assets not found. Downloading from HuggingFace Hub...
Assets already downloaded at /home/ljc/.cache/libero/assets
[info] using task orders [0, 1, 2, 3, 4, 5, 6, 7, 8, 9]
[info] using task orders [0, 1, 2, 3, 4, 5, 6, 7, 8, 9]
Local assets not found. Downloading from HuggingFace Hub...
Assets already downloaded at /home/ljc/.cache/libero/assets
[info] using task orders [0, 1, 2, 3, 4, 5, 6, 7, 8, 9]
[info] using task orders [0, 1, 2, 3, 4, 5, 6, 7, 8, 9]
Local assets not found. Downloading from HuggingFace Hub...
Assets already downloaded at /home/ljc/.cache/libero/assets
[clustereval] /mnt/sdb/ljc/RoboTDA-X/phase2/runs/P3/Q15M06_s603 C1 success=0.0400 (200 eps, 266s)
