[train] ep 0 step 4/8000 loss 6.4678 (2s)
[train] ep 50 step 204/8000 loss -6.3850 (5s)
[train] ep 100 step 404/8000 loss -8.4826 (8s)
[train] ep 150 step 604/8000 loss -9.8428 (12s)
[train] ep 200 step 804/8000 loss -12.2775 (15s)
[train] ep 250 step 1004/8000 loss -12.9200 (18s)
[train] ep 300 step 1204/8000 loss -13.5169 (21s)
[train] ep 350 step 1404/8000 loss -13.8188 (24s)
[train] ep 400 step 1604/8000 loss -16.2040 (28s)
[train] ep 450 step 1804/8000 loss -16.5686 (31s)
[train] ep 500 step 2004/8000 loss -16.9081 (34s)
[train] ep 550 step 2204/8000 loss -17.3156 (37s)
[train] ep 600 step 2404/8000 loss -16.8531 (40s)
[train] ep 650 step 2604/8000 loss -17.7865 (43s)
[train] ep 700 step 2804/8000 loss -18.6247 (46s)
[train] ep 750 step 3004/8000 loss -18.7799 (50s)
[train] ep 800 step 3204/8000 loss -19.5152 (53s)
[train] ep 850 step 3404/8000 loss -20.2477 (56s)
[train] ep 900 step 3604/8000 loss -19.9400 (59s)
[train] ep 950 step 3804/8000 loss -20.4740 (62s)
[train] ep 1000 step 4004/8000 loss -20.8705 (65s)
[train] ep 1050 step 4204/8000 loss -21.2312 (69s)
[train] ep 1100 step 4404/8000 loss -21.4798 (72s)
[train] ep 1150 step 4604/8000 loss -21.2895 (75s)
[train] ep 1200 step 4804/8000 loss -21.3891 (78s)
[train] ep 1250 step 5004/8000 loss -21.7949 (81s)
[train] ep 1300 step 5204/8000 loss -22.5330 (84s)
[train] ep 1350 step 5404/8000 loss -22.5604 (88s)
[train] ep 1400 step 5604/8000 loss -22.9808 (91s)
[train] ep 1450 step 5804/8000 loss -23.2690 (94s)
[train] ep 1500 step 6004/8000 loss -23.5718 (97s)
[train] ep 1550 step 6204/8000 loss -23.4408 (100s)
[train] ep 1600 step 6404/8000 loss -23.9190 (104s)
[train] ep 1650 step 6604/8000 loss -23.9954 (107s)
[train] ep 1700 step 6804/8000 loss -24.2373 (110s)
[train] ep 1750 step 7004/8000 loss -24.4158 (113s)
[train] ep 1800 step 7204/8000 loss -24.2414 (116s)
[train] ep 1850 step 7404/8000 loss -24.7030 (119s)
[train] ep 1900 step 7604/8000 loss -24.8206 (123s)
[train] ep 1950 step 7804/8000 loss -24.8250 (126s)
[train] ep 1999 step 8000/8000 loss -24.7282 (129s)
[train] DONE /mnt/sdb/ljc/RoboTDA-X/phase2/runs/P3/Q15M03_s602 wall=129s windows=1103 loss=-24.7902
[heldout] /mnt/sdb/ljc/RoboTDA-X/phase2/runs/P3/Q15M03_s602: C1 plain_loss=0.8249
[robosuite WARNING] No private macro file found! (__init__.py:7)
[robosuite WARNING] It is recommended to use a private macro file (__init__.py:8)
[robosuite WARNING] To setup, run: python /home/ljc/miniconda/envs/robotda_x/lib/python3.12/site-packages/robosuite/scripts/setup_macros.py (__init__.py:9)
[robosuite WARNING] No private macro file found! (__init__.py:7)
[robosuite WARNING] It is recommended to use a private macro file (__init__.py:8)
[robosuite WARNING] To setup, run: python /home/ljc/miniconda/envs/robotda_x/lib/python3.12/site-packages/robosuite/scripts/setup_macros.py (__init__.py:9)
[robosuite WARNING] No private macro file found! (__init__.py:7)
[robosuite WARNING] It is recommended to use a private macro file (__init__.py:8)
[robosuite WARNING] To setup, run: python /home/ljc/miniconda/envs/robotda_x/lib/python3.12/site-packages/robosuite/scripts/setup_macros.py (__init__.py:9)
[robosuite WARNING] No private macro file found! (__init__.py:7)
[robosuite WARNING] It is recommended to use a private macro file (__init__.py:8)
[robosuite WARNING] To setup, run: python /home/ljc/miniconda/envs/robotda_x/lib/python3.12/site-packages/robosuite/scripts/setup_macros.py (__init__.py:9)
[robosuite WARNING] No private macro file found! (__init__.py:7)
[robosuite WARNING] It is recommended to use a private macro file (__init__.py:8)
[robosuite WARNING] To setup, run: python /home/ljc/miniconda/envs/robotda_x/lib/python3.12/site-packages/robosuite/scripts/setup_macros.py (__init__.py:9)
[robosuite WARNING] No private macro file found! (__init__.py:7)
[robosuite WARNING] It is recommended to use a private macro file (__init__.py:8)
[robosuite WARNING] To setup, run: python /home/ljc/miniconda/envs/robotda_x/lib/python3.12/site-packages/robosuite/scripts/setup_macros.py (__init__.py:9)
[robosuite WARNING] No private macro file found! (__init__.py:7)
[robosuite WARNING] It is recommended to use a private macro file (__init__.py:8)
[robosuite WARNING] To setup, run: python /home/ljc/miniconda/envs/robotda_x/lib/python3.12/site-packages/robosuite/scripts/setup_macros.py (__init__.py:9)
[robosuite WARNING] No private macro file found! (__init__.py:7)
[robosuite WARNING] It is recommended to use a private macro file (__init__.py:8)
[robosuite WARNING] To setup, run: python /home/ljc/miniconda/envs/robotda_x/lib/python3.12/site-packages/robosuite/scripts/setup_macros.py (__init__.py:9)
[robosuite WARNING] No private macro file found! (__init__.py:7)
[robosuite WARNING] It is recommended to use a private macro file (__init__.py:8)
[robosuite WARNING] To setup, run: python /home/ljc/miniconda/envs/robotda_x/lib/python3.12/site-packages/robosuite/scripts/setup_macros.py (__init__.py:9)
[robosuite WARNING] No private macro file found! (__init__.py:7)
[robosuite WARNING] It is recommended to use a private macro file (__init__.py:8)
[robosuite WARNING] To setup, run: python /home/ljc/miniconda/envs/robotda_x/lib/python3.12/site-packages/robosuite/scripts/setup_macros.py (__init__.py:9)
[info] using task orders [0, 1, 2, 3, 4, 5, 6, 7, 8, 9]
[info] using task orders [0, 1, 2, 3, 4, 5, 6, 7, 8, 9]
Local assets not found. Downloading from HuggingFace Hub...
Assets already downloaded at /home/ljc/.cache/libero/assets
[info] using task orders [0, 1, 2, 3, 4, 5, 6, 7, 8, 9]
[info] using task orders [0, 1, 2, 3, 4, 5, 6, 7, 8, 9]
Local assets not found. Downloading from HuggingFace Hub...
Assets already downloaded at /home/ljc/.cache/libero/assets
[info] using task orders [0, 1, 2, 3, 4, 5, 6, 7, 8, 9]
[info] using task orders [0, 1, 2, 3, 4, 5, 6, 7, 8, 9]
Local assets not found. Downloading from HuggingFace Hub...
Assets already downloaded at /home/ljc/.cache/libero/assets
[info] using task orders [0, 1, 2, 3, 4, 5, 6, 7, 8, 9]
[info] using task orders [0, 1, 2, 3, 4, 5, 6, 7, 8, 9]
Local assets not found. Downloading from HuggingFace Hub...
Assets already downloaded at /home/ljc/.cache/libero/assets
[info] using task orders [0, 1, 2, 3, 4, 5, 6, 7, 8, 9]
[info] using task orders [0, 1, 2, 3, 4, 5, 6, 7, 8, 9]
Local assets not found. Downloading from HuggingFace Hub...
Assets already downloaded at /home/ljc/.cache/libero/assets
[info] using task orders [0, 1, 2, 3, 4, 5, 6, 7, 8, 9]
[info] using task orders [0, 1, 2, 3, 4, 5, 6, 7, 8, 9]
Local assets not found. Downloading from HuggingFace Hub...
Assets already downloaded at /home/ljc/.cache/libero/assets
[info] using task orders [0, 1, 2, 3, 4, 5, 6, 7, 8, 9]
[info] using task orders [0, 1, 2, 3, 4, 5, 6, 7, 8, 9]
Local assets not found. Downloading from HuggingFace Hub...
Assets already downloaded at /home/ljc/.cache/libero/assets
[info] using task orders [0, 1, 2, 3, 4, 5, 6, 7, 8, 9]
[info] using task orders [0, 1, 2, 3, 4, 5, 6, 7, 8, 9]
Local assets not found. Downloading from HuggingFace Hub...
Assets already downloaded at /home/ljc/.cache/libero/assets
[info] using task orders [0, 1, 2, 3, 4, 5, 6, 7, 8, 9]
[info] using task orders [0, 1, 2, 3, 4, 5, 6, 7, 8, 9]
Local assets not found. Downloading from HuggingFace Hub...
Assets already downloaded at /home/ljc/.cache/libero/assets
[info] using task orders [0, 1, 2, 3, 4, 5, 6, 7, 8, 9]
[info] using task orders [0, 1, 2, 3, 4, 5, 6, 7, 8, 9]
Local assets not found. Downloading from HuggingFace Hub...
Assets already downloaded at /home/ljc/.cache/libero/assets
[clustereval] /mnt/sdb/ljc/RoboTDA-X/phase2/runs/P3/Q15M03_s602 C1 success=0.1850 (200 eps, 251s)
