[train] ep 0 step 4/8000 loss 6.1461 (2s)
[train] ep 50 step 204/8000 loss -4.4977 (6s)
[train] ep 100 step 404/8000 loss -5.8928 (9s)
[train] ep 150 step 604/8000 loss -8.4210 (12s)
[train] ep 200 step 804/8000 loss -8.8544 (15s)
[train] ep 250 step 1004/8000 loss -9.4020 (18s)
[train] ep 300 step 1204/8000 loss -12.6979 (21s)
[train] ep 350 step 1404/8000 loss -11.2053 (24s)
[train] ep 400 step 1604/8000 loss -14.6733 (28s)
[train] ep 450 step 1804/8000 loss -13.5455 (31s)
[train] ep 500 step 2004/8000 loss -13.4165 (35s)
[train] ep 550 step 2204/8000 loss -16.2463 (38s)
[train] ep 600 step 2404/8000 loss -16.1708 (42s)
[train] ep 650 step 2604/8000 loss -16.8898 (45s)
[train] ep 700 step 2804/8000 loss -15.1946 (48s)
[train] ep 750 step 3004/8000 loss -16.9063 (51s)
[train] ep 800 step 3204/8000 loss -18.6929 (54s)
[train] ep 850 step 3404/8000 loss -19.1045 (58s)
[train] ep 900 step 3604/8000 loss -18.9520 (62s)
[train] ep 950 step 3804/8000 loss -19.6938 (65s)
[train] ep 1000 step 4004/8000 loss -19.9442 (68s)
[train] ep 1050 step 4204/8000 loss -20.5000 (71s)
[train] ep 1100 step 4404/8000 loss -20.7537 (74s)
[train] ep 1150 step 4604/8000 loss -20.7303 (77s)
[train] ep 1200 step 4804/8000 loss -20.6059 (80s)
[train] ep 1250 step 5004/8000 loss -20.6433 (84s)
[train] ep 1300 step 5204/8000 loss -21.5792 (87s)
[train] ep 1350 step 5404/8000 loss -22.2969 (91s)
[train] ep 1400 step 5604/8000 loss -22.5768 (95s)
[train] ep 1450 step 5804/8000 loss -22.6374 (98s)
[train] ep 1500 step 6004/8000 loss -22.0192 (102s)
[train] ep 1550 step 6204/8000 loss -22.9904 (105s)
[train] ep 1600 step 6404/8000 loss -23.4224 (109s)
[train] ep 1650 step 6604/8000 loss -23.5325 (113s)
[train] ep 1700 step 6804/8000 loss -23.3508 (116s)
[train] ep 1750 step 7004/8000 loss -23.6329 (120s)
[train] ep 1800 step 7204/8000 loss -23.8365 (124s)
[train] ep 1850 step 7404/8000 loss -23.9067 (127s)
[train] ep 1900 step 7604/8000 loss -23.8951 (131s)
[train] ep 1950 step 7804/8000 loss -23.6303 (134s)
[train] ep 1999 step 8000/8000 loss -24.0986 (137s)
[train] DONE /mnt/sdb/ljc/RoboTDA-X/phase2/runs/P3/Q15M00_s603 wall=137s windows=1097 loss=-23.9772
[heldout] /mnt/sdb/ljc/RoboTDA-X/phase2/runs/P3/Q15M00_s603: C1 plain_loss=1.1569
[robosuite WARNING] No private macro file found! (__init__.py:7)
[robosuite WARNING] It is recommended to use a private macro file (__init__.py:8)
[robosuite WARNING] To setup, run: python /home/ljc/miniconda/envs/robotda_x/lib/python3.12/site-packages/robosuite/scripts/setup_macros.py (__init__.py:9)
[robosuite WARNING] No private macro file found! (__init__.py:7)
[robosuite WARNING] It is recommended to use a private macro file (__init__.py:8)
[robosuite WARNING] To setup, run: python /home/ljc/miniconda/envs/robotda_x/lib/python3.12/site-packages/robosuite/scripts/setup_macros.py (__init__.py:9)
[robosuite WARNING] No private macro file found! (__init__.py:7)
[robosuite WARNING] It is recommended to use a private macro file (__init__.py:8)
[robosuite WARNING] To setup, run: python /home/ljc/miniconda/envs/robotda_x/lib/python3.12/site-packages/robosuite/scripts/setup_macros.py (__init__.py:9)
[robosuite WARNING] No private macro file found! (__init__.py:7)
[robosuite WARNING] It is recommended to use a private macro file (__init__.py:8)
[robosuite WARNING] To setup, run: python /home/ljc/miniconda/envs/robotda_x/lib/python3.12/site-packages/robosuite/scripts/setup_macros.py (__init__.py:9)
[robosuite WARNING] No private macro file found! (__init__.py:7)
[robosuite WARNING] It is recommended to use a private macro file (__init__.py:8)
[robosuite WARNING] To setup, run: python /home/ljc/miniconda/envs/robotda_x/lib/python3.12/site-packages/robosuite/scripts/setup_macros.py (__init__.py:9)
[robosuite WARNING] No private macro file found! (__init__.py:7)
[robosuite WARNING] It is recommended to use a private macro file (__init__.py:8)
[robosuite WARNING] To setup, run: python /home/ljc/miniconda/envs/robotda_x/lib/python3.12/site-packages/robosuite/scripts/setup_macros.py (__init__.py:9)
[robosuite WARNING] No private macro file found! (__init__.py:7)
[robosuite WARNING] It is recommended to use a private macro file (__init__.py:8)
[robosuite WARNING] To setup, run: python /home/ljc/miniconda/envs/robotda_x/lib/python3.12/site-packages/robosuite/scripts/setup_macros.py (__init__.py:9)
[robosuite WARNING] No private macro file found! (__init__.py:7)
[robosuite WARNING] It is recommended to use a private macro file (__init__.py:8)
[robosuite WARNING] To setup, run: python /home/ljc/miniconda/envs/robotda_x/lib/python3.12/site-packages/robosuite/scripts/setup_macros.py (__init__.py:9)
[robosuite WARNING] No private macro file found! (__init__.py:7)
[robosuite WARNING] It is recommended to use a private macro file (__init__.py:8)
[robosuite WARNING] To setup, run: python /home/ljc/miniconda/envs/robotda_x/lib/python3.12/site-packages/robosuite/scripts/setup_macros.py (__init__.py:9)
[robosuite WARNING] No private macro file found! (__init__.py:7)
[robosuite WARNING] It is recommended to use a private macro file (__init__.py:8)
[robosuite WARNING] To setup, run: python /home/ljc/miniconda/envs/robotda_x/lib/python3.12/site-packages/robosuite/scripts/setup_macros.py (__init__.py:9)
[info] using task orders [0, 1, 2, 3, 4, 5, 6, 7, 8, 9]
[info] using task orders [0, 1, 2, 3, 4, 5, 6, 7, 8, 9]
Local assets not found. Downloading from HuggingFace Hub...
Assets already downloaded at /home/ljc/.cache/libero/assets
[info] using task orders [0, 1, 2, 3, 4, 5, 6, 7, 8, 9]
[info] using task orders [0, 1, 2, 3, 4, 5, 6, 7, 8, 9]
Local assets not found. Downloading from HuggingFace Hub...
Assets already downloaded at /home/ljc/.cache/libero/assets
[info] using task orders [0, 1, 2, 3, 4, 5, 6, 7, 8, 9]
[info] using task orders [0, 1, 2, 3, 4, 5, 6, 7, 8, 9]
Local assets not found. Downloading from HuggingFace Hub...
Assets already downloaded at /home/ljc/.cache/libero/assets
[info] using task orders [0, 1, 2, 3, 4, 5, 6, 7, 8, 9]
[info] using task orders [0, 1, 2, 3, 4, 5, 6, 7, 8, 9]
Local assets not found. Downloading from HuggingFace Hub...
Assets already downloaded at /home/ljc/.cache/libero/assets
[info] using task orders [0, 1, 2, 3, 4, 5, 6, 7, 8, 9]
[info] using task orders [0, 1, 2, 3, 4, 5, 6, 7, 8, 9]
Local assets not found. Downloading from HuggingFace Hub...
Assets already downloaded at /home/ljc/.cache/libero/assets
[info] using task orders [0, 1, 2, 3, 4, 5, 6, 7, 8, 9]
[info] using task orders [0, 1, 2, 3, 4, 5, 6, 7, 8, 9]
Local assets not found. Downloading from HuggingFace Hub...
Assets already downloaded at /home/ljc/.cache/libero/assets
[info] using task orders [0, 1, 2, 3, 4, 5, 6, 7, 8, 9]
[info] using task orders [0, 1, 2, 3, 4, 5, 6, 7, 8, 9]
Local assets not found. Downloading from HuggingFace Hub...
Assets already downloaded at /home/ljc/.cache/libero/assets
[info] using task orders [0, 1, 2, 3, 4, 5, 6, 7, 8, 9]
[info] using task orders [0, 1, 2, 3, 4, 5, 6, 7, 8, 9]
Local assets not found. Downloading from HuggingFace Hub...
Assets already downloaded at /home/ljc/.cache/libero/assets
[info] using task orders [0, 1, 2, 3, 4, 5, 6, 7, 8, 9]
[info] using task orders [0, 1, 2, 3, 4, 5, 6, 7, 8, 9]
Local assets not found. Downloading from HuggingFace Hub...
Assets already downloaded at /home/ljc/.cache/libero/assets
[info] using task orders [0, 1, 2, 3, 4, 5, 6, 7, 8, 9]
[info] using task orders [0, 1, 2, 3, 4, 5, 6, 7, 8, 9]
Local assets not found. Downloading from HuggingFace Hub...
Assets already downloaded at /home/ljc/.cache/libero/assets
[clustereval] /mnt/sdb/ljc/RoboTDA-X/phase2/runs/P3/Q15M00_s603 C1 success=0.1150 (200 eps, 255s)
