[train] ep 0 step 4/8000 loss 6.8303 (2s)
[train] ep 50 step 204/8000 loss -6.0373 (6s)
[train] ep 100 step 404/8000 loss -7.1251 (9s)
[train] ep 150 step 604/8000 loss -8.9372 (13s)
[train] ep 200 step 804/8000 loss -10.4204 (17s)
[train] ep 250 step 1004/8000 loss -12.4455 (20s)
[train] ep 300 step 1204/8000 loss -12.6132 (24s)
[train] ep 350 step 1404/8000 loss -11.9199 (27s)
[train] ep 400 step 1604/8000 loss -8.4419 (31s)
[train] ep 450 step 1804/8000 loss -15.0800 (35s)
[train] ep 500 step 2004/8000 loss -16.1773 (38s)
[train] ep 550 step 2204/8000 loss -15.7395 (42s)
[train] ep 600 step 2404/8000 loss -11.8231 (45s)
[train] ep 650 step 2604/8000 loss -18.1620 (49s)
[train] ep 700 step 2804/8000 loss -18.1854 (53s)
[train] ep 750 step 3004/8000 loss -16.7367 (56s)
[train] ep 800 step 3204/8000 loss -19.0919 (60s)
[train] ep 850 step 3404/8000 loss -18.5147 (63s)
[train] ep 900 step 3604/8000 loss -20.1130 (67s)
[train] ep 950 step 3804/8000 loss -20.3088 (70s)
[train] ep 1000 step 4004/8000 loss -17.6878 (74s)
[train] ep 1050 step 4204/8000 loss -19.5066 (77s)
[train] ep 1100 step 4404/8000 loss -21.3529 (81s)
[train] ep 1150 step 4604/8000 loss -21.3476 (85s)
[train] ep 1200 step 4804/8000 loss -21.8484 (88s)
[train] ep 1250 step 5004/8000 loss -22.3101 (92s)
[train] ep 1300 step 5204/8000 loss -20.6418 (96s)
[train] ep 1350 step 5404/8000 loss -22.9219 (99s)
[train] ep 1400 step 5604/8000 loss -23.4030 (103s)
[train] ep 1450 step 5804/8000 loss -23.1661 (106s)
[train] ep 1500 step 6004/8000 loss -23.6007 (110s)
[train] ep 1550 step 6204/8000 loss -22.7098 (114s)
[train] ep 1600 step 6404/8000 loss -23.5841 (118s)
[train] ep 1650 step 6604/8000 loss -23.8364 (121s)
[train] ep 1700 step 6804/8000 loss -23.9855 (125s)
[train] ep 1750 step 7004/8000 loss -23.9235 (129s)
[train] ep 1800 step 7204/8000 loss -24.8631 (132s)
[train] ep 1850 step 7404/8000 loss -25.0933 (136s)
[train] ep 1900 step 7604/8000 loss -25.1940 (140s)
[train] ep 1950 step 7804/8000 loss -24.7811 (143s)
[train] ep 1999 step 8000/8000 loss -24.9665 (147s)
[train] DONE /mnt/sdb/ljc/RoboTDA-X/phase2/runs/P3/Q15M07_s604 wall=147s windows=1057 loss=-25.0050
[heldout] /mnt/sdb/ljc/RoboTDA-X/phase2/runs/P3/Q15M07_s604: C1 plain_loss=0.8950
[robosuite WARNING] No private macro file found! (__init__.py:7)
[robosuite WARNING] It is recommended to use a private macro file (__init__.py:8)
[robosuite WARNING] To setup, run: python /home/ljc/miniconda/envs/robotda_x/lib/python3.12/site-packages/robosuite/scripts/setup_macros.py (__init__.py:9)
[robosuite WARNING] No private macro file found! (__init__.py:7)
[robosuite WARNING] It is recommended to use a private macro file (__init__.py:8)
[robosuite WARNING] To setup, run: python /home/ljc/miniconda/envs/robotda_x/lib/python3.12/site-packages/robosuite/scripts/setup_macros.py (__init__.py:9)
[robosuite WARNING] No private macro file found! (__init__.py:7)
[robosuite WARNING] It is recommended to use a private macro file (__init__.py:8)
[robosuite WARNING] To setup, run: python /home/ljc/miniconda/envs/robotda_x/lib/python3.12/site-packages/robosuite/scripts/setup_macros.py (__init__.py:9)
[robosuite WARNING] No private macro file found! (__init__.py:7)
[robosuite WARNING] It is recommended to use a private macro file (__init__.py:8)
[robosuite WARNING] To setup, run: python /home/ljc/miniconda/envs/robotda_x/lib/python3.12/site-packages/robosuite/scripts/setup_macros.py (__init__.py:9)
[robosuite WARNING] No private macro file found! (__init__.py:7)
[robosuite WARNING] It is recommended to use a private macro file (__init__.py:8)
[robosuite WARNING] To setup, run: python /home/ljc/miniconda/envs/robotda_x/lib/python3.12/site-packages/robosuite/scripts/setup_macros.py (__init__.py:9)
[robosuite WARNING] No private macro file found! (__init__.py:7)
[robosuite WARNING] It is recommended to use a private macro file (__init__.py:8)
[robosuite WARNING] To setup, run: python /home/ljc/miniconda/envs/robotda_x/lib/python3.12/site-packages/robosuite/scripts/setup_macros.py (__init__.py:9)
[robosuite WARNING] No private macro file found! (__init__.py:7)
[robosuite WARNING] It is recommended to use a private macro file (__init__.py:8)
[robosuite WARNING] To setup, run: python /home/ljc/miniconda/envs/robotda_x/lib/python3.12/site-packages/robosuite/scripts/setup_macros.py (__init__.py:9)
[robosuite WARNING] No private macro file found! (__init__.py:7)
[robosuite WARNING] It is recommended to use a private macro file (__init__.py:8)
[robosuite WARNING] To setup, run: python /home/ljc/miniconda/envs/robotda_x/lib/python3.12/site-packages/robosuite/scripts/setup_macros.py (__init__.py:9)
[robosuite WARNING] No private macro file found! (__init__.py:7)
[robosuite WARNING] It is recommended to use a private macro file (__init__.py:8)
[robosuite WARNING] To setup, run: python /home/ljc/miniconda/envs/robotda_x/lib/python3.12/site-packages/robosuite/scripts/setup_macros.py (__init__.py:9)
[robosuite WARNING] No private macro file found! (__init__.py:7)
[robosuite WARNING] It is recommended to use a private macro file (__init__.py:8)
[robosuite WARNING] To setup, run: python /home/ljc/miniconda/envs/robotda_x/lib/python3.12/site-packages/robosuite/scripts/setup_macros.py (__init__.py:9)
[info] using task orders [0, 1, 2, 3, 4, 5, 6, 7, 8, 9]
[info] using task orders [0, 1, 2, 3, 4, 5, 6, 7, 8, 9]
Local assets not found. Downloading from HuggingFace Hub...
Assets already downloaded at /home/ljc/.cache/libero/assets
[info] using task orders [0, 1, 2, 3, 4, 5, 6, 7, 8, 9]
[info] using task orders [0, 1, 2, 3, 4, 5, 6, 7, 8, 9]
Local assets not found. Downloading from HuggingFace Hub...
Assets already downloaded at /home/ljc/.cache/libero/assets
[info] using task orders [0, 1, 2, 3, 4, 5, 6, 7, 8, 9]
[info] using task orders [0, 1, 2, 3, 4, 5, 6, 7, 8, 9]
Local assets not found. Downloading from HuggingFace Hub...
Assets already downloaded at /home/ljc/.cache/libero/assets
[info] using task orders [0, 1, 2, 3, 4, 5, 6, 7, 8, 9]
[info] using task orders [0, 1, 2, 3, 4, 5, 6, 7, 8, 9]
Local assets not found. Downloading from HuggingFace Hub...
Assets already downloaded at /home/ljc/.cache/libero/assets
[info] using task orders [0, 1, 2, 3, 4, 5, 6, 7, 8, 9]
[info] using task orders [0, 1, 2, 3, 4, 5, 6, 7, 8, 9]
Local assets not found. Downloading from HuggingFace Hub...
Assets already downloaded at /home/ljc/.cache/libero/assets
[info] using task orders [0, 1, 2, 3, 4, 5, 6, 7, 8, 9]
[info] using task orders [0, 1, 2, 3, 4, 5, 6, 7, 8, 9]
Local assets not found. Downloading from HuggingFace Hub...
Assets already downloaded at /home/ljc/.cache/libero/assets
[info] using task orders [0, 1, 2, 3, 4, 5, 6, 7, 8, 9]
[info] using task orders [0, 1, 2, 3, 4, 5, 6, 7, 8, 9]
Local assets not found. Downloading from HuggingFace Hub...
Assets already downloaded at /home/ljc/.cache/libero/assets
[info] using task orders [0, 1, 2, 3, 4, 5, 6, 7, 8, 9]
[info] using task orders [0, 1, 2, 3, 4, 5, 6, 7, 8, 9]
Local assets not found. Downloading from HuggingFace Hub...
Assets already downloaded at /home/ljc/.cache/libero/assets
[info] using task orders [0, 1, 2, 3, 4, 5, 6, 7, 8, 9]
[info] using task orders [0, 1, 2, 3, 4, 5, 6, 7, 8, 9]
Local assets not found. Downloading from HuggingFace Hub...
Assets already downloaded at /home/ljc/.cache/libero/assets
[info] using task orders [0, 1, 2, 3, 4, 5, 6, 7, 8, 9]
[info] using task orders [0, 1, 2, 3, 4, 5, 6, 7, 8, 9]
Local assets not found. Downloading from HuggingFace Hub...
Assets already downloaded at /home/ljc/.cache/libero/assets
[clustereval] /mnt/sdb/ljc/RoboTDA-X/phase2/runs/P3/Q15M07_s604 C1 success=0.2200 (200 eps, 259s)
