[train] ep 0 step 5/8000 loss 6.2558 (3s)
[train] ep 50 step 255/8000 loss -4.8885 (7s)
[train] ep 100 step 505/8000 loss -7.6297 (11s)
[train] ep 150 step 755/8000 loss -9.1115 (15s)
[train] ep 200 step 1005/8000 loss -11.7811 (19s)
[train] ep 250 step 1255/8000 loss -11.6971 (23s)
[train] ep 300 step 1505/8000 loss -14.2567 (27s)
[train] ep 350 step 1755/8000 loss -14.5804 (31s)
[train] ep 400 step 2005/8000 loss -15.4672 (34s)
[train] ep 450 step 2255/8000 loss -16.1346 (38s)
[train] ep 500 step 2505/8000 loss -17.3233 (42s)
[train] ep 550 step 2755/8000 loss -17.0223 (46s)
[train] ep 600 step 3005/8000 loss -17.0794 (50s)
[train] ep 650 step 3255/8000 loss -18.6252 (54s)
[train] ep 700 step 3505/8000 loss -19.2708 (58s)
[train] ep 750 step 3755/8000 loss -18.8123 (62s)
[train] ep 800 step 4005/8000 loss -19.7272 (66s)
[train] ep 850 step 4255/8000 loss -20.1586 (70s)
[train] ep 900 step 4505/8000 loss -20.0695 (74s)
[train] ep 950 step 4755/8000 loss -20.5166 (77s)
[train] ep 1000 step 5005/8000 loss -21.2158 (81s)
[train] ep 1050 step 5255/8000 loss -21.7393 (85s)
[train] ep 1100 step 5505/8000 loss -21.8621 (89s)
[train] ep 1150 step 5755/8000 loss -22.3881 (93s)
[train] ep 1200 step 6005/8000 loss -22.5971 (97s)
[train] ep 1250 step 6255/8000 loss -22.6784 (101s)
[train] ep 1300 step 6505/8000 loss -22.7206 (106s)
[train] ep 1350 step 6755/8000 loss -22.9834 (109s)
[train] ep 1400 step 7005/8000 loss -23.1943 (113s)
[train] ep 1450 step 7255/8000 loss -23.4792 (117s)
[train] ep 1500 step 7505/8000 loss -23.6671 (121s)
[train] ep 1550 step 7755/8000 loss -23.7448 (125s)
[train] ep 1599 step 8000/8000 loss -23.6375 (129s)
[train] DONE /mnt/sdb/ljc/RoboTDA-X/phase2/runs/P3/Q15M02_s602 wall=129s windows=1334 loss=-23.6737
[heldout] /mnt/sdb/ljc/RoboTDA-X/phase2/runs/P3/Q15M02_s602: C1 plain_loss=0.7318
[robosuite WARNING] No private macro file found! (__init__.py:7)
[robosuite WARNING] It is recommended to use a private macro file (__init__.py:8)
[robosuite WARNING] To setup, run: python /home/ljc/miniconda/envs/robotda_x/lib/python3.12/site-packages/robosuite/scripts/setup_macros.py (__init__.py:9)
[robosuite WARNING] No private macro file found! (__init__.py:7)
[robosuite WARNING] It is recommended to use a private macro file (__init__.py:8)
[robosuite WARNING] To setup, run: python /home/ljc/miniconda/envs/robotda_x/lib/python3.12/site-packages/robosuite/scripts/setup_macros.py (__init__.py:9)
[robosuite WARNING] No private macro file found! (__init__.py:7)
[robosuite WARNING] It is recommended to use a private macro file (__init__.py:8)
[robosuite WARNING] To setup, run: python /home/ljc/miniconda/envs/robotda_x/lib/python3.12/site-packages/robosuite/scripts/setup_macros.py (__init__.py:9)
[robosuite WARNING] No private macro file found! (__init__.py:7)
[robosuite WARNING] It is recommended to use a private macro file (__init__.py:8)
[robosuite WARNING] To setup, run: python /home/ljc/miniconda/envs/robotda_x/lib/python3.12/site-packages/robosuite/scripts/setup_macros.py (__init__.py:9)
[robosuite WARNING] No private macro file found! (__init__.py:7)
[robosuite WARNING] It is recommended to use a private macro file (__init__.py:8)
[robosuite WARNING] To setup, run: python /home/ljc/miniconda/envs/robotda_x/lib/python3.12/site-packages/robosuite/scripts/setup_macros.py (__init__.py:9)
[robosuite WARNING] No private macro file found! (__init__.py:7)
[robosuite WARNING] It is recommended to use a private macro file (__init__.py:8)
[robosuite WARNING] To setup, run: python /home/ljc/miniconda/envs/robotda_x/lib/python3.12/site-packages/robosuite/scripts/setup_macros.py (__init__.py:9)
[robosuite WARNING] No private macro file found! (__init__.py:7)
[robosuite WARNING] It is recommended to use a private macro file (__init__.py:8)
[robosuite WARNING] To setup, run: python /home/ljc/miniconda/envs/robotda_x/lib/python3.12/site-packages/robosuite/scripts/setup_macros.py (__init__.py:9)
[robosuite WARNING] No private macro file found! (__init__.py:7)
[robosuite WARNING] It is recommended to use a private macro file (__init__.py:8)
[robosuite WARNING] To setup, run: python /home/ljc/miniconda/envs/robotda_x/lib/python3.12/site-packages/robosuite/scripts/setup_macros.py (__init__.py:9)
[robosuite WARNING] No private macro file found! (__init__.py:7)
[robosuite WARNING] It is recommended to use a private macro file (__init__.py:8)
[robosuite WARNING] To setup, run: python /home/ljc/miniconda/envs/robotda_x/lib/python3.12/site-packages/robosuite/scripts/setup_macros.py (__init__.py:9)
[robosuite WARNING] No private macro file found! (__init__.py:7)
[robosuite WARNING] It is recommended to use a private macro file (__init__.py:8)
[robosuite WARNING] To setup, run: python /home/ljc/miniconda/envs/robotda_x/lib/python3.12/site-packages/robosuite/scripts/setup_macros.py (__init__.py:9)
[info] using task orders [0, 1, 2, 3, 4, 5, 6, 7, 8, 9]
[info] using task orders [0, 1, 2, 3, 4, 5, 6, 7, 8, 9]
Local assets not found. Downloading from HuggingFace Hub...
Assets already downloaded at /home/ljc/.cache/libero/assets
[clustereval] /mnt/sdb/ljc/RoboTDA-X/phase2/runs/P3/Q15M02_s602 C1 success=0.1100 (200 eps, 252s)
