[train] ep 0 step 4/8000 loss 6.8277 (2s)
[train] ep 50 step 204/8000 loss -5.6745 (6s)
[train] ep 100 step 404/8000 loss -7.1127 (9s)
[train] ep 150 step 604/8000 loss -8.7802 (12s)
[train] ep 200 step 804/8000 loss -11.0826 (16s)
[train] ep 250 step 1004/8000 loss -12.8175 (19s)
[train] ep 300 step 1204/8000 loss -13.5997 (22s)
[train] ep 350 step 1404/8000 loss -13.8996 (25s)
[train] ep 400 step 1604/8000 loss -15.7064 (28s)
[train] ep 450 step 1804/8000 loss -15.3515 (31s)
[train] ep 500 step 2004/8000 loss -15.1066 (34s)
[train] ep 550 step 2204/8000 loss -17.5825 (38s)
[train] ep 600 step 2404/8000 loss -17.0659 (41s)
[train] ep 650 step 2604/8000 loss -16.9317 (44s)
[train] ep 700 step 2804/8000 loss -17.5240 (47s)
[train] ep 750 step 3004/8000 loss -18.5685 (50s)
[train] ep 800 step 3204/8000 loss -18.8182 (53s)
[train] ep 850 step 3404/8000 loss -19.0055 (57s)
[train] ep 900 step 3604/8000 loss -19.6813 (60s)
[train] ep 950 step 3804/8000 loss -20.0715 (63s)
[train] ep 1000 step 4004/8000 loss -20.2832 (66s)
[train] ep 1050 step 4204/8000 loss -20.0135 (69s)
[train] ep 1100 step 4404/8000 loss -20.4464 (72s)
[train] ep 1150 step 4604/8000 loss -21.4561 (75s)
[train] ep 1200 step 4804/8000 loss -21.5377 (79s)
[train] ep 1250 step 5004/8000 loss -21.6224 (82s)
[train] ep 1300 step 5204/8000 loss -22.0006 (85s)
[train] ep 1350 step 5404/8000 loss -22.0994 (88s)
[train] ep 1400 step 5604/8000 loss -22.4520 (91s)
[train] ep 1450 step 5804/8000 loss -22.2670 (95s)
[train] ep 1500 step 6004/8000 loss -22.6349 (98s)
[train] ep 1550 step 6204/8000 loss -23.2708 (101s)
[train] ep 1600 step 6404/8000 loss -23.1691 (104s)
[train] ep 1650 step 6604/8000 loss -23.2628 (108s)
[train] ep 1700 step 6804/8000 loss -23.6870 (111s)
[train] ep 1750 step 7004/8000 loss -23.9515 (114s)
[train] ep 1800 step 7204/8000 loss -23.8445 (118s)
[train] ep 1850 step 7404/8000 loss -24.3221 (121s)
[train] ep 1900 step 7604/8000 loss -23.9512 (124s)
[train] ep 1950 step 7804/8000 loss -24.2054 (127s)
[train] ep 1999 step 8000/8000 loss -24.1064 (130s)
[train] DONE /mnt/sdb/ljc/RoboTDA-X/phase2/runs/P3/Q15M03_s601 wall=130s windows=1103 loss=-24.1579
[heldout] /mnt/sdb/ljc/RoboTDA-X/phase2/runs/P3/Q15M03_s601: C1 plain_loss=0.8394
[robosuite WARNING] No private macro file found! (__init__.py:7)
[robosuite WARNING] It is recommended to use a private macro file (__init__.py:8)
[robosuite WARNING] To setup, run: python /home/ljc/miniconda/envs/robotda_x/lib/python3.12/site-packages/robosuite/scripts/setup_macros.py (__init__.py:9)
[robosuite WARNING] No private macro file found! (__init__.py:7)
[robosuite WARNING] It is recommended to use a private macro file (__init__.py:8)
[robosuite WARNING] To setup, run: python /home/ljc/miniconda/envs/robotda_x/lib/python3.12/site-packages/robosuite/scripts/setup_macros.py (__init__.py:9)
[robosuite WARNING] No private macro file found! (__init__.py:7)
[robosuite WARNING] It is recommended to use a private macro file (__init__.py:8)
[robosuite WARNING] To setup, run: python /home/ljc/miniconda/envs/robotda_x/lib/python3.12/site-packages/robosuite/scripts/setup_macros.py (__init__.py:9)
[robosuite WARNING] No private macro file found! (__init__.py:7)
[robosuite WARNING] It is recommended to use a private macro file (__init__.py:8)
[robosuite WARNING] To setup, run: python /home/ljc/miniconda/envs/robotda_x/lib/python3.12/site-packages/robosuite/scripts/setup_macros.py (__init__.py:9)
[robosuite WARNING] No private macro file found! (__init__.py:7)
[robosuite WARNING] It is recommended to use a private macro file (__init__.py:8)
[robosuite WARNING] To setup, run: python /home/ljc/miniconda/envs/robotda_x/lib/python3.12/site-packages/robosuite/scripts/setup_macros.py (__init__.py:9)
[robosuite WARNING] No private macro file found! (__init__.py:7)
[robosuite WARNING] It is recommended to use a private macro file (__init__.py:8)
[robosuite WARNING] To setup, run: python /home/ljc/miniconda/envs/robotda_x/lib/python3.12/site-packages/robosuite/scripts/setup_macros.py (__init__.py:9)
[robosuite WARNING] No private macro file found! (__init__.py:7)
[robosuite WARNING] It is recommended to use a private macro file (__init__.py:8)
[robosuite WARNING] To setup, run: python /home/ljc/miniconda/envs/robotda_x/lib/python3.12/site-packages/robosuite/scripts/setup_macros.py (__init__.py:9)
[robosuite WARNING] No private macro file found! (__init__.py:7)
[robosuite WARNING] It is recommended to use a private macro file (__init__.py:8)
[robosuite WARNING] To setup, run: python /home/ljc/miniconda/envs/robotda_x/lib/python3.12/site-packages/robosuite/scripts/setup_macros.py (__init__.py:9)
[robosuite WARNING] No private macro file found! (__init__.py:7)
[robosuite WARNING] It is recommended to use a private macro file (__init__.py:8)
[robosuite WARNING] To setup, run: python /home/ljc/miniconda/envs/robotda_x/lib/python3.12/site-packages/robosuite/scripts/setup_macros.py (__init__.py:9)
[robosuite WARNING] No private macro file found! (__init__.py:7)
[robosuite WARNING] It is recommended to use a private macro file (__init__.py:8)
[robosuite WARNING] To setup, run: python /home/ljc/miniconda/envs/robotda_x/lib/python3.12/site-packages/robosuite/scripts/setup_macros.py (__init__.py:9)
[info] using task orders [0, 1, 2, 3, 4, 5, 6, 7, 8, 9]
[info] using task orders [0, 1, 2, 3, 4, 5, 6, 7, 8, 9]
Local assets not found. Downloading from HuggingFace Hub...
Assets already downloaded at /home/ljc/.cache/libero/assets
[info] using task orders [0, 1, 2, 3, 4, 5, 6, 7, 8, 9]
[info] using task orders [0, 1, 2, 3, 4, 5, 6, 7, 8, 9]
Local assets not found. Downloading from HuggingFace Hub...
Assets already downloaded at /home/ljc/.cache/libero/assets
[info] using task orders [0, 1, 2, 3, 4, 5, 6, 7, 8, 9]
[info] using task orders [0, 1, 2, 3, 4, 5, 6, 7, 8, 9]
Local assets not found. Downloading from HuggingFace Hub...
Assets already downloaded at /home/ljc/.cache/libero/assets
[info] using task orders [0, 1, 2, 3, 4, 5, 6, 7, 8, 9]
[info] using task orders [0, 1, 2, 3, 4, 5, 6, 7, 8, 9]
Local assets not found. Downloading from HuggingFace Hub...
Assets already downloaded at /home/ljc/.cache/libero/assets
[info] using task orders [0, 1, 2, 3, 4, 5, 6, 7, 8, 9]
[info] using task orders [0, 1, 2, 3, 4, 5, 6, 7, 8, 9]
Local assets not found. Downloading from HuggingFace Hub...
Assets already downloaded at /home/ljc/.cache/libero/assets
[info] using task orders [0, 1, 2, 3, 4, 5, 6, 7, 8, 9]
[info] using task orders [0, 1, 2, 3, 4, 5, 6, 7, 8, 9]
Local assets not found. Downloading from HuggingFace Hub...
Assets already downloaded at /home/ljc/.cache/libero/assets
[info] using task orders [0, 1, 2, 3, 4, 5, 6, 7, 8, 9]
[info] using task orders [0, 1, 2, 3, 4, 5, 6, 7, 8, 9]
Local assets not found. Downloading from HuggingFace Hub...
Assets already downloaded at /home/ljc/.cache/libero/assets
[info] using task orders [0, 1, 2, 3, 4, 5, 6, 7, 8, 9]
[info] using task orders [0, 1, 2, 3, 4, 5, 6, 7, 8, 9]
Local assets not found. Downloading from HuggingFace Hub...
Assets already downloaded at /home/ljc/.cache/libero/assets
[info] using task orders [0, 1, 2, 3, 4, 5, 6, 7, 8, 9]
[info] using task orders [0, 1, 2, 3, 4, 5, 6, 7, 8, 9]
Local assets not found. Downloading from HuggingFace Hub...
Assets already downloaded at /home/ljc/.cache/libero/assets
[info] using task orders [0, 1, 2, 3, 4, 5, 6, 7, 8, 9]
[info] using task orders [0, 1, 2, 3, 4, 5, 6, 7, 8, 9]
Local assets not found. Downloading from HuggingFace Hub...
Assets already downloaded at /home/ljc/.cache/libero/assets
[clustereval] /mnt/sdb/ljc/RoboTDA-X/phase2/runs/P3/Q15M03_s601 C1 success=0.2300 (200 eps, 251s)
