[train] ep 0 step 4/8000 loss 6.0624 (2s)
[train] ep 50 step 204/8000 loss -4.4173 (5s)
[train] ep 100 step 404/8000 loss -7.2258 (8s)
[train] ep 150 step 604/8000 loss -8.8480 (12s)
[train] ep 200 step 804/8000 loss -10.7793 (15s)
[train] ep 250 step 1004/8000 loss -11.6604 (18s)
[train] ep 300 step 1204/8000 loss -11.0675 (21s)
[train] ep 350 step 1404/8000 loss -11.6304 (24s)
[train] ep 400 step 1604/8000 loss -14.6919 (27s)
[train] ep 450 step 1804/8000 loss -14.6115 (31s)
[train] ep 500 step 2004/8000 loss -16.0772 (34s)
[train] ep 550 step 2204/8000 loss -16.6800 (37s)
[train] ep 600 step 2404/8000 loss -17.3426 (40s)
[train] ep 650 step 2604/8000 loss -17.7193 (43s)
[train] ep 700 step 2804/8000 loss -18.1818 (46s)
[train] ep 750 step 3004/8000 loss -17.9061 (49s)
[train] ep 800 step 3204/8000 loss -18.1418 (52s)
[train] ep 850 step 3404/8000 loss -16.1287 (56s)
[train] ep 900 step 3604/8000 loss -19.6096 (59s)
[train] ep 950 step 3804/8000 loss -20.3309 (62s)
[train] ep 1000 step 4004/8000 loss -20.3426 (65s)
[train] ep 1050 step 4204/8000 loss -20.6563 (68s)
[train] ep 1100 step 4404/8000 loss -20.3620 (71s)
[train] ep 1150 step 4604/8000 loss -21.2346 (74s)
[train] ep 1200 step 4804/8000 loss -20.0418 (77s)
[train] ep 1250 step 5004/8000 loss -21.5013 (81s)
[train] ep 1300 step 5204/8000 loss -21.8482 (84s)
[train] ep 1350 step 5404/8000 loss -22.1719 (87s)
[train] ep 1400 step 5604/8000 loss -22.5283 (90s)
[train] ep 1450 step 5804/8000 loss -22.9924 (93s)
[train] ep 1500 step 6004/8000 loss -22.9096 (96s)
[train] ep 1550 step 6204/8000 loss -22.9691 (99s)
[train] ep 1600 step 6404/8000 loss -22.6653 (102s)
[train] ep 1650 step 6604/8000 loss -23.5025 (105s)
[train] ep 1700 step 6804/8000 loss -23.6221 (109s)
[train] ep 1750 step 7004/8000 loss -23.8556 (112s)
[train] ep 1800 step 7204/8000 loss -23.9783 (115s)
[train] ep 1850 step 7404/8000 loss -23.7634 (118s)
[train] ep 1900 step 7604/8000 loss -23.6684 (121s)
[train] ep 1950 step 7804/8000 loss -23.9234 (124s)
[train] ep 1999 step 8000/8000 loss -23.5994 (127s)
[train] DONE /mnt/sdb/ljc/RoboTDA-X/phase2/runs/P3/Q15M04_s603 wall=128s windows=1122 loss=-23.9160
[heldout] /mnt/sdb/ljc/RoboTDA-X/phase2/runs/P3/Q15M04_s603: C1 plain_loss=0.8210
[robosuite WARNING] No private macro file found! (__init__.py:7)
[robosuite WARNING] It is recommended to use a private macro file (__init__.py:8)
[robosuite WARNING] To setup, run: python /home/ljc/miniconda/envs/robotda_x/lib/python3.12/site-packages/robosuite/scripts/setup_macros.py (__init__.py:9)
[robosuite WARNING] No private macro file found! (__init__.py:7)
[robosuite WARNING] It is recommended to use a private macro file (__init__.py:8)
[robosuite WARNING] To setup, run: python /home/ljc/miniconda/envs/robotda_x/lib/python3.12/site-packages/robosuite/scripts/setup_macros.py (__init__.py:9)
[robosuite WARNING] No private macro file found! (__init__.py:7)
[robosuite WARNING] It is recommended to use a private macro file (__init__.py:8)
[robosuite WARNING] To setup, run: python /home/ljc/miniconda/envs/robotda_x/lib/python3.12/site-packages/robosuite/scripts/setup_macros.py (__init__.py:9)
[robosuite WARNING] No private macro file found! (__init__.py:7)
[robosuite WARNING] It is recommended to use a private macro file (__init__.py:8)
[robosuite WARNING] To setup, run: python /home/ljc/miniconda/envs/robotda_x/lib/python3.12/site-packages/robosuite/scripts/setup_macros.py (__init__.py:9)
[robosuite WARNING] No private macro file found! (__init__.py:7)
[robosuite WARNING] It is recommended to use a private macro file (__init__.py:8)
[robosuite WARNING] To setup, run: python /home/ljc/miniconda/envs/robotda_x/lib/python3.12/site-packages/robosuite/scripts/setup_macros.py (__init__.py:9)
[robosuite WARNING] No private macro file found! (__init__.py:7)
[robosuite WARNING] It is recommended to use a private macro file (__init__.py:8)
[robosuite WARNING] To setup, run: python /home/ljc/miniconda/envs/robotda_x/lib/python3.12/site-packages/robosuite/scripts/setup_macros.py (__init__.py:9)
[robosuite WARNING] No private macro file found! (__init__.py:7)
[robosuite WARNING] It is recommended to use a private macro file (__init__.py:8)
[robosuite WARNING] To setup, run: python /home/ljc/miniconda/envs/robotda_x/lib/python3.12/site-packages/robosuite/scripts/setup_macros.py (__init__.py:9)
[robosuite WARNING] No private macro file found! (__init__.py:7)
[robosuite WARNING] It is recommended to use a private macro file (__init__.py:8)
[robosuite WARNING] To setup, run: python /home/ljc/miniconda/envs/robotda_x/lib/python3.12/site-packages/robosuite/scripts/setup_macros.py (__init__.py:9)
[robosuite WARNING] No private macro file found! (__init__.py:7)
[robosuite WARNING] It is recommended to use a private macro file (__init__.py:8)
[robosuite WARNING] To setup, run: python /home/ljc/miniconda/envs/robotda_x/lib/python3.12/site-packages/robosuite/scripts/setup_macros.py (__init__.py:9)
[robosuite WARNING] No private macro file found! (__init__.py:7)
[robosuite WARNING] It is recommended to use a private macro file (__init__.py:8)
[robosuite WARNING] To setup, run: python /home/ljc/miniconda/envs/robotda_x/lib/python3.12/site-packages/robosuite/scripts/setup_macros.py (__init__.py:9)
[info] using task orders [0, 1, 2, 3, 4, 5, 6, 7, 8, 9]
[info] using task orders [0, 1, 2, 3, 4, 5, 6, 7, 8, 9]
Local assets not found. Downloading from HuggingFace Hub...
Assets already downloaded at /home/ljc/.cache/libero/assets
[info] using task orders [0, 1, 2, 3, 4, 5, 6, 7, 8, 9]
[info] using task orders [0, 1, 2, 3, 4, 5, 6, 7, 8, 9]
Local assets not found. Downloading from HuggingFace Hub...
Assets already downloaded at /home/ljc/.cache/libero/assets
[info] using task orders [0, 1, 2, 3, 4, 5, 6, 7, 8, 9]
[info] using task orders [0, 1, 2, 3, 4, 5, 6, 7, 8, 9]
Local assets not found. Downloading from HuggingFace Hub...
Assets already downloaded at /home/ljc/.cache/libero/assets
[info] using task orders [0, 1, 2, 3, 4, 5, 6, 7, 8, 9]
[info] using task orders [0, 1, 2, 3, 4, 5, 6, 7, 8, 9]
Local assets not found. Downloading from HuggingFace Hub...
Assets already downloaded at /home/ljc/.cache/libero/assets
[info] using task orders [0, 1, 2, 3, 4, 5, 6, 7, 8, 9]
[info] using task orders [0, 1, 2, 3, 4, 5, 6, 7, 8, 9]
Local assets not found. Downloading from HuggingFace Hub...
Assets already downloaded at /home/ljc/.cache/libero/assets
[info] using task orders [0, 1, 2, 3, 4, 5, 6, 7, 8, 9]
[info] using task orders [0, 1, 2, 3, 4, 5, 6, 7, 8, 9]
Local assets not found. Downloading from HuggingFace Hub...
Assets already downloaded at /home/ljc/.cache/libero/assets
[info] using task orders [0, 1, 2, 3, 4, 5, 6, 7, 8, 9]
[info] using task orders [0, 1, 2, 3, 4, 5, 6, 7, 8, 9]
Local assets not found. Downloading from HuggingFace Hub...
Assets already downloaded at /home/ljc/.cache/libero/assets
[info] using task orders [0, 1, 2, 3, 4, 5, 6, 7, 8, 9]
[info] using task orders [0, 1, 2, 3, 4, 5, 6, 7, 8, 9]
Local assets not found. Downloading from HuggingFace Hub...
Assets already downloaded at /home/ljc/.cache/libero/assets
[info] using task orders [0, 1, 2, 3, 4, 5, 6, 7, 8, 9]
[info] using task orders [0, 1, 2, 3, 4, 5, 6, 7, 8, 9]
Local assets not found. Downloading from HuggingFace Hub...
Assets already downloaded at /home/ljc/.cache/libero/assets
[info] using task orders [0, 1, 2, 3, 4, 5, 6, 7, 8, 9]
[info] using task orders [0, 1, 2, 3, 4, 5, 6, 7, 8, 9]
Local assets not found. Downloading from HuggingFace Hub...
Assets already downloaded at /home/ljc/.cache/libero/assets
[clustereval] /mnt/sdb/ljc/RoboTDA-X/phase2/runs/P3/Q15M04_s603 C1 success=0.3150 (200 eps, 241s)
