[train] ep 0 step 4/8000 loss 6.9217 (2s)
[train] ep 50 step 204/8000 loss -5.5568 (6s)
[train] ep 100 step 404/8000 loss -6.9959 (9s)
[train] ep 150 step 604/8000 loss -8.4568 (13s)
[train] ep 200 step 804/8000 loss -10.7632 (17s)
[train] ep 250 step 1004/8000 loss -12.6743 (20s)
[train] ep 300 step 1204/8000 loss -13.3294 (24s)
[train] ep 350 step 1404/8000 loss -13.8897 (27s)
[train] ep 400 step 1604/8000 loss -13.4248 (31s)
[train] ep 450 step 1804/8000 loss -13.9208 (34s)
[train] ep 500 step 2004/8000 loss -16.2446 (38s)
[train] ep 550 step 2204/8000 loss -16.4947 (41s)
[train] ep 600 step 2404/8000 loss -14.5363 (44s)
[train] ep 650 step 2604/8000 loss -16.0172 (48s)
[train] ep 700 step 2804/8000 loss -15.5876 (51s)
[train] ep 750 step 3004/8000 loss -18.0278 (55s)
[train] ep 800 step 3204/8000 loss -18.7809 (59s)
[train] ep 850 step 3404/8000 loss -18.9087 (62s)
[train] ep 900 step 3604/8000 loss -19.9308 (66s)
[train] ep 950 step 3804/8000 loss -19.5217 (69s)
[train] ep 1000 step 4004/8000 loss -19.5210 (73s)
[train] ep 1050 step 4204/8000 loss -19.8769 (76s)
[train] ep 1100 step 4404/8000 loss -20.0581 (80s)
[train] ep 1150 step 4604/8000 loss -21.1438 (84s)
[train] ep 1200 step 4804/8000 loss -20.9886 (87s)
[train] ep 1250 step 5004/8000 loss -21.6405 (91s)
[train] ep 1300 step 5204/8000 loss -21.9473 (95s)
[train] ep 1350 step 5404/8000 loss -20.9135 (98s)
[train] ep 1400 step 5604/8000 loss -22.8855 (101s)
[train] ep 1450 step 5804/8000 loss -23.1678 (104s)
[train] ep 1500 step 6004/8000 loss -22.1475 (108s)
[train] ep 1550 step 6204/8000 loss -22.8356 (111s)
[train] ep 1600 step 6404/8000 loss -23.4700 (114s)
[train] ep 1650 step 6604/8000 loss -24.0054 (117s)
[train] ep 1700 step 6804/8000 loss -24.0531 (120s)
[train] ep 1750 step 7004/8000 loss -23.9326 (124s)
[train] ep 1800 step 7204/8000 loss -24.0717 (127s)
[train] ep 1850 step 7404/8000 loss -23.7968 (130s)
[train] ep 1900 step 7604/8000 loss -24.1112 (133s)
[train] ep 1950 step 7804/8000 loss -24.4970 (136s)
[train] ep 1999 step 8000/8000 loss -23.9437 (140s)
[train] DONE /mnt/sdb/ljc/RoboTDA-X/phase2/runs/P3/Q15M07_s601 wall=140s windows=1057 loss=-24.4490
[heldout] /mnt/sdb/ljc/RoboTDA-X/phase2/runs/P3/Q15M07_s601: C1 plain_loss=0.6890
[robosuite WARNING] No private macro file found! (__init__.py:7)
[robosuite WARNING] It is recommended to use a private macro file (__init__.py:8)
[robosuite WARNING] To setup, run: python /home/ljc/miniconda/envs/robotda_x/lib/python3.12/site-packages/robosuite/scripts/setup_macros.py (__init__.py:9)
[robosuite WARNING] No private macro file found! (__init__.py:7)
[robosuite WARNING] It is recommended to use a private macro file (__init__.py:8)
[robosuite WARNING] To setup, run: python /home/ljc/miniconda/envs/robotda_x/lib/python3.12/site-packages/robosuite/scripts/setup_macros.py (__init__.py:9)
[robosuite WARNING] No private macro file found! (__init__.py:7)
[robosuite WARNING] It is recommended to use a private macro file (__init__.py:8)
[robosuite WARNING] To setup, run: python /home/ljc/miniconda/envs/robotda_x/lib/python3.12/site-packages/robosuite/scripts/setup_macros.py (__init__.py:9)
[robosuite WARNING] No private macro file found! (__init__.py:7)
[robosuite WARNING] It is recommended to use a private macro file (__init__.py:8)
[robosuite WARNING] To setup, run: python /home/ljc/miniconda/envs/robotda_x/lib/python3.12/site-packages/robosuite/scripts/setup_macros.py (__init__.py:9)
[robosuite WARNING] No private macro file found! (__init__.py:7)
[robosuite WARNING] It is recommended to use a private macro file (__init__.py:8)
[robosuite WARNING] To setup, run: python /home/ljc/miniconda/envs/robotda_x/lib/python3.12/site-packages/robosuite/scripts/setup_macros.py (__init__.py:9)
[robosuite WARNING] No private macro file found! (__init__.py:7)
[robosuite WARNING] It is recommended to use a private macro file (__init__.py:8)
[robosuite WARNING] To setup, run: python /home/ljc/miniconda/envs/robotda_x/lib/python3.12/site-packages/robosuite/scripts/setup_macros.py (__init__.py:9)
[robosuite WARNING] No private macro file found! (__init__.py:7)
[robosuite WARNING] It is recommended to use a private macro file (__init__.py:8)
[robosuite WARNING] To setup, run: python /home/ljc/miniconda/envs/robotda_x/lib/python3.12/site-packages/robosuite/scripts/setup_macros.py (__init__.py:9)
[robosuite WARNING] No private macro file found! (__init__.py:7)
[robosuite WARNING] It is recommended to use a private macro file (__init__.py:8)
[robosuite WARNING] To setup, run: python /home/ljc/miniconda/envs/robotda_x/lib/python3.12/site-packages/robosuite/scripts/setup_macros.py (__init__.py:9)
[robosuite WARNING] No private macro file found! (__init__.py:7)
[robosuite WARNING] It is recommended to use a private macro file (__init__.py:8)
[robosuite WARNING] To setup, run: python /home/ljc/miniconda/envs/robotda_x/lib/python3.12/site-packages/robosuite/scripts/setup_macros.py (__init__.py:9)
[robosuite WARNING] No private macro file found! (__init__.py:7)
[robosuite WARNING] It is recommended to use a private macro file (__init__.py:8)
[robosuite WARNING] To setup, run: python /home/ljc/miniconda/envs/robotda_x/lib/python3.12/site-packages/robosuite/scripts/setup_macros.py (__init__.py:9)
[info] using task orders [0, 1, 2, 3, 4, 5, 6, 7, 8, 9]
[info] using task orders [0, 1, 2, 3, 4, 5, 6, 7, 8, 9]
Local assets not found. Downloading from HuggingFace Hub...
Assets already downloaded at /home/ljc/.cache/libero/assets
[info] using task orders [0, 1, 2, 3, 4, 5, 6, 7, 8, 9]
[info] using task orders [0, 1, 2, 3, 4, 5, 6, 7, 8, 9]
Local assets not found. Downloading from HuggingFace Hub...
Assets already downloaded at /home/ljc/.cache/libero/assets
[info] using task orders [0, 1, 2, 3, 4, 5, 6, 7, 8, 9]
[info] using task orders [0, 1, 2, 3, 4, 5, 6, 7, 8, 9]
Local assets not found. Downloading from HuggingFace Hub...
Assets already downloaded at /home/ljc/.cache/libero/assets
[info] using task orders [0, 1, 2, 3, 4, 5, 6, 7, 8, 9]
[info] using task orders [0, 1, 2, 3, 4, 5, 6, 7, 8, 9]
Local assets not found. Downloading from HuggingFace Hub...
Assets already downloaded at /home/ljc/.cache/libero/assets
[info] using task orders [0, 1, 2, 3, 4, 5, 6, 7, 8, 9]
[info] using task orders [0, 1, 2, 3, 4, 5, 6, 7, 8, 9]
Local assets not found. Downloading from HuggingFace Hub...
Assets already downloaded at /home/ljc/.cache/libero/assets
[info] using task orders [0, 1, 2, 3, 4, 5, 6, 7, 8, 9]
[info] using task orders [0, 1, 2, 3, 4, 5, 6, 7, 8, 9]
Local assets not found. Downloading from HuggingFace Hub...
Assets already downloaded at /home/ljc/.cache/libero/assets
[info] using task orders [0, 1, 2, 3, 4, 5, 6, 7, 8, 9]
[info] using task orders [0, 1, 2, 3, 4, 5, 6, 7, 8, 9]
Local assets not found. Downloading from HuggingFace Hub...
Assets already downloaded at /home/ljc/.cache/libero/assets
[info] using task orders [0, 1, 2, 3, 4, 5, 6, 7, 8, 9]
[info] using task orders [0, 1, 2, 3, 4, 5, 6, 7, 8, 9]
Local assets not found. Downloading from HuggingFace Hub...
Assets already downloaded at /home/ljc/.cache/libero/assets
[info] using task orders [0, 1, 2, 3, 4, 5, 6, 7, 8, 9]
[info] using task orders [0, 1, 2, 3, 4, 5, 6, 7, 8, 9]
Local assets not found. Downloading from HuggingFace Hub...
Assets already downloaded at /home/ljc/.cache/libero/assets
[info] using task orders [0, 1, 2, 3, 4, 5, 6, 7, 8, 9]
[info] using task orders [0, 1, 2, 3, 4, 5, 6, 7, 8, 9]
Local assets not found. Downloading from HuggingFace Hub...
Assets already downloaded at /home/ljc/.cache/libero/assets
[clustereval] /mnt/sdb/ljc/RoboTDA-X/phase2/runs/P3/Q15M07_s601 C1 success=0.2650 (200 eps, 257s)
