[train] ep 0 step 4/8000 loss 6.7668 (2s)
[train] ep 50 step 204/8000 loss -4.2231 (5s)
[train] ep 100 step 404/8000 loss -6.8809 (8s)
[train] ep 150 step 604/8000 loss -8.9271 (11s)
[train] ep 200 step 804/8000 loss -11.1745 (15s)
[train] ep 250 step 1004/8000 loss -11.2409 (18s)
[train] ep 300 step 1204/8000 loss -12.8774 (21s)
[train] ep 350 step 1404/8000 loss -13.1911 (24s)
[train] ep 400 step 1604/8000 loss -12.6776 (27s)
[train] ep 450 step 1804/8000 loss -15.3902 (31s)
[train] ep 500 step 2004/8000 loss -15.5762 (34s)
[train] ep 550 step 2204/8000 loss -16.3844 (38s)
[train] ep 600 step 2404/8000 loss -16.9106 (41s)
[train] ep 650 step 2604/8000 loss -16.5299 (44s)
[train] ep 700 step 2804/8000 loss -18.2155 (47s)
[train] ep 750 step 3004/8000 loss -17.4294 (50s)
[train] ep 800 step 3204/8000 loss -17.3812 (53s)
[train] ep 850 step 3404/8000 loss -18.5469 (56s)
[train] ep 900 step 3604/8000 loss -18.1827 (59s)
[train] ep 950 step 3804/8000 loss -19.1424 (62s)
[train] ep 1000 step 4004/8000 loss -19.3979 (66s)
[train] ep 1050 step 4204/8000 loss -19.2660 (69s)
[train] ep 1100 step 4404/8000 loss -19.7085 (72s)
[train] ep 1150 step 4604/8000 loss -20.8340 (76s)
[train] ep 1200 step 4804/8000 loss -20.2506 (79s)
[train] ep 1250 step 5004/8000 loss -21.0399 (83s)
[train] ep 1300 step 5204/8000 loss -21.0339 (87s)
[train] ep 1350 step 5404/8000 loss -21.3373 (90s)
[train] ep 1400 step 5604/8000 loss -21.6722 (93s)
[train] ep 1450 step 5804/8000 loss -21.9505 (96s)
[train] ep 1500 step 6004/8000 loss -22.3012 (99s)
[train] ep 1550 step 6204/8000 loss -22.5850 (102s)
[train] ep 1600 step 6404/8000 loss -22.5649 (105s)
[train] ep 1650 step 6604/8000 loss -22.8815 (108s)
[train] ep 1700 step 6804/8000 loss -22.8425 (112s)
[train] ep 1750 step 7004/8000 loss -22.9439 (115s)
[train] ep 1800 step 7204/8000 loss -23.2003 (118s)
[train] ep 1850 step 7404/8000 loss -23.2542 (121s)
[train] ep 1900 step 7604/8000 loss -23.4059 (124s)
[train] ep 1950 step 7804/8000 loss -23.3299 (127s)
[train] ep 1999 step 8000/8000 loss -23.4571 (130s)
[train] DONE /mnt/sdb/ljc/RoboTDA-X/phase2/runs/P3/Q15M04_s601 wall=130s windows=1122 loss=-23.4386
[heldout] /mnt/sdb/ljc/RoboTDA-X/phase2/runs/P3/Q15M04_s601: C1 plain_loss=0.6726
[robosuite WARNING] No private macro file found! (__init__.py:7)
[robosuite WARNING] It is recommended to use a private macro file (__init__.py:8)
[robosuite WARNING] To setup, run: python /home/ljc/miniconda/envs/robotda_x/lib/python3.12/site-packages/robosuite/scripts/setup_macros.py (__init__.py:9)
[robosuite WARNING] No private macro file found! (__init__.py:7)
[robosuite WARNING] It is recommended to use a private macro file (__init__.py:8)
[robosuite WARNING] To setup, run: python /home/ljc/miniconda/envs/robotda_x/lib/python3.12/site-packages/robosuite/scripts/setup_macros.py (__init__.py:9)
[robosuite WARNING] No private macro file found! (__init__.py:7)
[robosuite WARNING] It is recommended to use a private macro file (__init__.py:8)
[robosuite WARNING] To setup, run: python /home/ljc/miniconda/envs/robotda_x/lib/python3.12/site-packages/robosuite/scripts/setup_macros.py (__init__.py:9)
[robosuite WARNING] No private macro file found! (__init__.py:7)
[robosuite WARNING] It is recommended to use a private macro file (__init__.py:8)
[robosuite WARNING] To setup, run: python /home/ljc/miniconda/envs/robotda_x/lib/python3.12/site-packages/robosuite/scripts/setup_macros.py (__init__.py:9)
[robosuite WARNING] No private macro file found! (__init__.py:7)
[robosuite WARNING] It is recommended to use a private macro file (__init__.py:8)
[robosuite WARNING] To setup, run: python /home/ljc/miniconda/envs/robotda_x/lib/python3.12/site-packages/robosuite/scripts/setup_macros.py (__init__.py:9)
[robosuite WARNING] No private macro file found! (__init__.py:7)
[robosuite WARNING] It is recommended to use a private macro file (__init__.py:8)
[robosuite WARNING] To setup, run: python /home/ljc/miniconda/envs/robotda_x/lib/python3.12/site-packages/robosuite/scripts/setup_macros.py (__init__.py:9)
[robosuite WARNING] No private macro file found! (__init__.py:7)
[robosuite WARNING] It is recommended to use a private macro file (__init__.py:8)
[robosuite WARNING] To setup, run: python /home/ljc/miniconda/envs/robotda_x/lib/python3.12/site-packages/robosuite/scripts/setup_macros.py (__init__.py:9)
[robosuite WARNING] No private macro file found! (__init__.py:7)
[robosuite WARNING] It is recommended to use a private macro file (__init__.py:8)
[robosuite WARNING] To setup, run: python /home/ljc/miniconda/envs/robotda_x/lib/python3.12/site-packages/robosuite/scripts/setup_macros.py (__init__.py:9)
[robosuite WARNING] No private macro file found! (__init__.py:7)
[robosuite WARNING] It is recommended to use a private macro file (__init__.py:8)
[robosuite WARNING] To setup, run: python /home/ljc/miniconda/envs/robotda_x/lib/python3.12/site-packages/robosuite/scripts/setup_macros.py (__init__.py:9)
[robosuite WARNING] No private macro file found! (__init__.py:7)
[robosuite WARNING] It is recommended to use a private macro file (__init__.py:8)
[robosuite WARNING] To setup, run: python /home/ljc/miniconda/envs/robotda_x/lib/python3.12/site-packages/robosuite/scripts/setup_macros.py (__init__.py:9)
[info] using task orders [0, 1, 2, 3, 4, 5, 6, 7, 8, 9]
[info] using task orders [0, 1, 2, 3, 4, 5, 6, 7, 8, 9]
Local assets not found. Downloading from HuggingFace Hub...
Assets already downloaded at /home/ljc/.cache/libero/assets
[info] using task orders [0, 1, 2, 3, 4, 5, 6, 7, 8, 9]
[info] using task orders [0, 1, 2, 3, 4, 5, 6, 7, 8, 9]
Local assets not found. Downloading from HuggingFace Hub...
Assets already downloaded at /home/ljc/.cache/libero/assets
[info] using task orders [0, 1, 2, 3, 4, 5, 6, 7, 8, 9]
[info] using task orders [0, 1, 2, 3, 4, 5, 6, 7, 8, 9]
Local assets not found. Downloading from HuggingFace Hub...
Assets already downloaded at /home/ljc/.cache/libero/assets
[info] using task orders [0, 1, 2, 3, 4, 5, 6, 7, 8, 9]
[info] using task orders [0, 1, 2, 3, 4, 5, 6, 7, 8, 9]
Local assets not found. Downloading from HuggingFace Hub...
Assets already downloaded at /home/ljc/.cache/libero/assets
[info] using task orders [0, 1, 2, 3, 4, 5, 6, 7, 8, 9]
[info] using task orders [0, 1, 2, 3, 4, 5, 6, 7, 8, 9]
Local assets not found. Downloading from HuggingFace Hub...
Assets already downloaded at /home/ljc/.cache/libero/assets
[info] using task orders [0, 1, 2, 3, 4, 5, 6, 7, 8, 9]
[info] using task orders [0, 1, 2, 3, 4, 5, 6, 7, 8, 9]
Local assets not found. Downloading from HuggingFace Hub...
Assets already downloaded at /home/ljc/.cache/libero/assets
[info] using task orders [0, 1, 2, 3, 4, 5, 6, 7, 8, 9]
[info] using task orders [0, 1, 2, 3, 4, 5, 6, 7, 8, 9]
Local assets not found. Downloading from HuggingFace Hub...
Assets already downloaded at /home/ljc/.cache/libero/assets
[info] using task orders [0, 1, 2, 3, 4, 5, 6, 7, 8, 9]
[info] using task orders [0, 1, 2, 3, 4, 5, 6, 7, 8, 9]
Local assets not found. Downloading from HuggingFace Hub...
Assets already downloaded at /home/ljc/.cache/libero/assets
[info] using task orders [0, 1, 2, 3, 4, 5, 6, 7, 8, 9]
[info] using task orders [0, 1, 2, 3, 4, 5, 6, 7, 8, 9]
Local assets not found. Downloading from HuggingFace Hub...
Assets already downloaded at /home/ljc/.cache/libero/assets
[info] using task orders [0, 1, 2, 3, 4, 5, 6, 7, 8, 9]
[info] using task orders [0, 1, 2, 3, 4, 5, 6, 7, 8, 9]
Local assets not found. Downloading from HuggingFace Hub...
Assets already downloaded at /home/ljc/.cache/libero/assets
[clustereval] /mnt/sdb/ljc/RoboTDA-X/phase2/runs/P3/Q15M04_s601 C1 success=0.3400 (200 eps, 239s)
