[train] ep 0 step 3/8000 loss 6.9797 (2s)
[train] ep 50 step 153/8000 loss -4.8617 (4s)
[train] ep 100 step 303/8000 loss -6.9552 (7s)
[train] ep 150 step 453/8000 loss -8.4493 (9s)
[train] ep 200 step 603/8000 loss -10.3576 (11s)
[train] ep 250 step 753/8000 loss -10.3331 (14s)
[train] ep 300 step 903/8000 loss -12.4928 (16s)
[train] ep 350 step 1053/8000 loss -13.3676 (18s)
[train] ep 400 step 1203/8000 loss -13.0977 (21s)
[train] ep 450 step 1353/8000 loss -13.7579 (23s)
[train] ep 500 step 1503/8000 loss -14.5806 (26s)
[train] ep 550 step 1653/8000 loss -13.8738 (28s)
[train] ep 600 step 1803/8000 loss -15.8480 (31s)
[train] ep 650 step 1953/8000 loss -16.0454 (33s)
[train] ep 700 step 2103/8000 loss -13.8877 (35s)
[train] ep 750 step 2253/8000 loss -17.1915 (38s)
[train] ep 800 step 2403/8000 loss -15.4367 (40s)
[train] ep 850 step 2553/8000 loss -17.2691 (42s)
[train] ep 900 step 2703/8000 loss -17.4837 (44s)
[train] ep 950 step 2853/8000 loss -19.1530 (47s)
[train] ep 1000 step 3003/8000 loss -18.4264 (49s)
[train] ep 1050 step 3153/8000 loss -18.8071 (51s)
[train] ep 1100 step 3303/8000 loss -20.1093 (54s)
[train] ep 1150 step 3453/8000 loss -20.0979 (56s)
[train] ep 1200 step 3603/8000 loss -19.6515 (58s)
[train] ep 1250 step 3753/8000 loss -20.4655 (61s)
[train] ep 1300 step 3903/8000 loss -20.7673 (63s)
[train] ep 1350 step 4053/8000 loss -19.6344 (65s)
[train] ep 1400 step 4203/8000 loss -21.7109 (68s)
[train] ep 1450 step 4353/8000 loss -20.3797 (70s)
[train] ep 1500 step 4503/8000 loss -20.5981 (72s)
[train] ep 1550 step 4653/8000 loss -22.0197 (75s)
[train] ep 1600 step 4803/8000 loss -21.1510 (77s)
[train] ep 1650 step 4953/8000 loss -22.2885 (80s)
[train] ep 1700 step 5103/8000 loss -21.6262 (82s)
[train] ep 1750 step 5253/8000 loss -21.8650 (84s)
[train] ep 1800 step 5403/8000 loss -23.2928 (87s)
[train] ep 1850 step 5553/8000 loss -23.1670 (89s)
[train] ep 1900 step 5703/8000 loss -23.0510 (91s)
[train] ep 1950 step 5853/8000 loss -23.0188 (94s)
[train] ep 2000 step 6003/8000 loss -24.0955 (96s)
[train] ep 2050 step 6153/8000 loss -23.7724 (98s)
[train] ep 2100 step 6303/8000 loss -23.9228 (100s)
[train] ep 2150 step 6453/8000 loss -24.2231 (103s)
[train] ep 2200 step 6603/8000 loss -24.2839 (105s)
[train] ep 2250 step 6753/8000 loss -24.0248 (108s)
[train] ep 2300 step 6903/8000 loss -24.6865 (110s)
[train] ep 2350 step 7053/8000 loss -24.6180 (112s)
[train] ep 2400 step 7203/8000 loss -25.0915 (115s)
[train] ep 2450 step 7353/8000 loss -24.6019 (117s)
[train] ep 2500 step 7503/8000 loss -24.9882 (119s)
[train] ep 2550 step 7653/8000 loss -24.8654 (122s)
[train] ep 2600 step 7803/8000 loss -25.1870 (124s)
[train] ep 2650 step 7953/8000 loss -25.2699 (126s)
[train] ep 2666 step 8000/8000 loss -25.2293 (127s)
[train] DONE /mnt/sdb/ljc/RoboTDA-X/phase2/runs/P3/Q15M09_s604 wall=127s windows=910 loss=-25.1117
[heldout] /mnt/sdb/ljc/RoboTDA-X/phase2/runs/P3/Q15M09_s604: C1 plain_loss=1.0465
[robosuite WARNING] No private macro file found! (__init__.py:7)
[robosuite WARNING] It is recommended to use a private macro file (__init__.py:8)
[robosuite WARNING] To setup, run: python /home/ljc/miniconda/envs/robotda_x/lib/python3.12/site-packages/robosuite/scripts/setup_macros.py (__init__.py:9)
[robosuite WARNING] No private macro file found! (__init__.py:7)
[robosuite WARNING] It is recommended to use a private macro file (__init__.py:8)
[robosuite WARNING] To setup, run: python /home/ljc/miniconda/envs/robotda_x/lib/python3.12/site-packages/robosuite/scripts/setup_macros.py (__init__.py:9)
[robosuite WARNING] No private macro file found! (__init__.py:7)
[robosuite WARNING] It is recommended to use a private macro file (__init__.py:8)
[robosuite WARNING] To setup, run: python /home/ljc/miniconda/envs/robotda_x/lib/python3.12/site-packages/robosuite/scripts/setup_macros.py (__init__.py:9)
[robosuite WARNING] No private macro file found! (__init__.py:7)
[robosuite WARNING] It is recommended to use a private macro file (__init__.py:8)
[robosuite WARNING] To setup, run: python /home/ljc/miniconda/envs/robotda_x/lib/python3.12/site-packages/robosuite/scripts/setup_macros.py (__init__.py:9)
[robosuite WARNING] No private macro file found! (__init__.py:7)
[robosuite WARNING] It is recommended to use a private macro file (__init__.py:8)
[robosuite WARNING] To setup, run: python /home/ljc/miniconda/envs/robotda_x/lib/python3.12/site-packages/robosuite/scripts/setup_macros.py (__init__.py:9)
[robosuite WARNING] No private macro file found! (__init__.py:7)
[robosuite WARNING] It is recommended to use a private macro file (__init__.py:8)
[robosuite WARNING] To setup, run: python /home/ljc/miniconda/envs/robotda_x/lib/python3.12/site-packages/robosuite/scripts/setup_macros.py (__init__.py:9)
[robosuite WARNING] No private macro file found! (__init__.py:7)
[robosuite WARNING] It is recommended to use a private macro file (__init__.py:8)
[robosuite WARNING] To setup, run: python /home/ljc/miniconda/envs/robotda_x/lib/python3.12/site-packages/robosuite/scripts/setup_macros.py (__init__.py:9)
[robosuite WARNING] No private macro file found! (__init__.py:7)
[robosuite WARNING] It is recommended to use a private macro file (__init__.py:8)
[robosuite WARNING] To setup, run: python /home/ljc/miniconda/envs/robotda_x/lib/python3.12/site-packages/robosuite/scripts/setup_macros.py (__init__.py:9)
[robosuite WARNING] No private macro file found! (__init__.py:7)
[robosuite WARNING] It is recommended to use a private macro file (__init__.py:8)
[robosuite WARNING] To setup, run: python /home/ljc/miniconda/envs/robotda_x/lib/python3.12/site-packages/robosuite/scripts/setup_macros.py (__init__.py:9)
[robosuite WARNING] No private macro file found! (__init__.py:7)
[robosuite WARNING] It is recommended to use a private macro file (__init__.py:8)
[robosuite WARNING] To setup, run: python /home/ljc/miniconda/envs/robotda_x/lib/python3.12/site-packages/robosuite/scripts/setup_macros.py (__init__.py:9)
[info] using task orders [0, 1, 2, 3, 4, 5, 6, 7, 8, 9]
[info] using task orders [0, 1, 2, 3, 4, 5, 6, 7, 8, 9]
Local assets not found. Downloading from HuggingFace Hub...
Assets already downloaded at /home/ljc/.cache/libero/assets
[clustereval] /mnt/sdb/ljc/RoboTDA-X/phase2/runs/P3/Q15M09_s604 C1 success=0.2100 (200 eps, 277s)
