[trainF] ep 0 step 45/8000 loss 4.4324 (3s)
[trainF] ep 50 step 2295/8000 loss -13.0217 (41s)
[trainF] ep 100 step 4545/8000 loss -17.5050 (78s)
[trainF] ep 150 step 6795/8000 loss -19.7551 (117s)
[trainF] ep 177 step 8000/8000 loss -20.3806 (137s)
[trainF] DONE /mnt/sdb/ljc/RoboTDA-X/phase3/runs/P8a/G004_i702_o801 init=702 order=801 wall=137s loss=-20.3270
[robosuite WARNING] No private macro file found! (__init__.py:7)
[robosuite WARNING] It is recommended to use a private macro file (__init__.py:8)
[robosuite WARNING] To setup, run: python /home/ljc/miniconda/envs/robotda_x/lib/python3.12/site-packages/robosuite/scripts/setup_macros.py (__init__.py:9)
[robosuite WARNING] No private macro file found! (__init__.py:7)
[robosuite WARNING] It is recommended to use a private macro file (__init__.py:8)
[robosuite WARNING] To setup, run: python /home/ljc/miniconda/envs/robotda_x/lib/python3.12/site-packages/robosuite/scripts/setup_macros.py (__init__.py:9)
[robosuite WARNING] No private macro file found! (__init__.py:7)
[robosuite WARNING] It is recommended to use a private macro file (__init__.py:8)
[robosuite WARNING] To setup, run: python /home/ljc/miniconda/envs/robotda_x/lib/python3.12/site-packages/robosuite/scripts/setup_macros.py (__init__.py:9)
[robosuite WARNING] No private macro file found! (__init__.py:7)
[robosuite WARNING] It is recommended to use a private macro file (__init__.py:8)
[robosuite WARNING] To setup, run: python /home/ljc/miniconda/envs/robotda_x/lib/python3.12/site-packages/robosuite/scripts/setup_macros.py (__init__.py:9)
[robosuite WARNING] No private macro file found! (__init__.py:7)
[robosuite WARNING] It is recommended to use a private macro file (__init__.py:8)
[robosuite WARNING] To setup, run: python /home/ljc/miniconda/envs/robotda_x/lib/python3.12/site-packages/robosuite/scripts/setup_macros.py (__init__.py:9)
[robosuite WARNING] No private macro file found! (__init__.py:7)
[robosuite WARNING] It is recommended to use a private macro file (__init__.py:8)
[robosuite WARNING] To setup, run: python /home/ljc/miniconda/envs/robotda_x/lib/python3.12/site-packages/robosuite/scripts/setup_macros.py (__init__.py:9)
[robosuite WARNING] No private macro file found! (__init__.py:7)
[robosuite WARNING] It is recommended to use a private macro file (__init__.py:8)
[robosuite WARNING] To setup, run: python /home/ljc/miniconda/envs/robotda_x/lib/python3.12/site-packages/robosuite/scripts/setup_macros.py (__init__.py:9)
[robosuite WARNING] No private macro file found! (__init__.py:7)
[robosuite WARNING] It is recommended to use a private macro file (__init__.py:8)
[robosuite WARNING] To setup, run: python /home/ljc/miniconda/envs/robotda_x/lib/python3.12/site-packages/robosuite/scripts/setup_macros.py (__init__.py:9)
[robosuite WARNING] No private macro file found! (__init__.py:7)
[robosuite WARNING] It is recommended to use a private macro file (__init__.py:8)
[robosuite WARNING] To setup, run: python /home/ljc/miniconda/envs/robotda_x/lib/python3.12/site-packages/robosuite/scripts/setup_macros.py (__init__.py:9)
[robosuite WARNING] No private macro file found! (__init__.py:7)
[robosuite WARNING] It is recommended to use a private macro file (__init__.py:8)
[robosuite WARNING] To setup, run: python /home/ljc/miniconda/envs/robotda_x/lib/python3.12/site-packages/robosuite/scripts/setup_macros.py (__init__.py:9)
[robosuite WARNING] No private macro file found! (__init__.py:7)
[robosuite WARNING] It is recommended to use a private macro file (__init__.py:8)
[robosuite WARNING] To setup, run: python /home/ljc/miniconda/envs/robotda_x/lib/python3.12/site-packages/robosuite/scripts/setup_macros.py (__init__.py:9)
[robosuite WARNING] No private macro file found! (__init__.py:7)
[robosuite WARNING] It is recommended to use a private macro file (__init__.py:8)
[robosuite WARNING] To setup, run: python /home/ljc/miniconda/envs/robotda_x/lib/python3.12/site-packages/robosuite/scripts/setup_macros.py (__init__.py:9)
[info] using task orders [0, 1, 2, 3, 4, 5, 6, 7, 8, 9]
[info] using task orders [0, 1, 2, 3, 4, 5, 6, 7, 8, 9]
Local assets not found. Downloading from HuggingFace Hub...
Assets already downloaded at /home/ljc/.cache/libero/assets
[info] using task orders [0, 1, 2, 3, 4, 5, 6, 7, 8, 9]
[info] using task orders [0, 1, 2, 3, 4, 5, 6, 7, 8, 9]
Local assets not found. Downloading from HuggingFace Hub...
Assets already downloaded at /home/ljc/.cache/libero/assets
[info] using task orders [0, 1, 2, 3, 4, 5, 6, 7, 8, 9]
[info] using task orders [0, 1, 2, 3, 4, 5, 6, 7, 8, 9]
Local assets not found. Downloading from HuggingFace Hub...
Assets already downloaded at /home/ljc/.cache/libero/assets
[info] using task orders [0, 1, 2, 3, 4, 5, 6, 7, 8, 9]
[info] using task orders [0, 1, 2, 3, 4, 5, 6, 7, 8, 9]
Local assets not found. Downloading from HuggingFace Hub...
Assets already downloaded at /home/ljc/.cache/libero/assets
[info] using task orders [0, 1, 2, 3, 4, 5, 6, 7, 8, 9]
[info] using task orders [0, 1, 2, 3, 4, 5, 6, 7, 8, 9]
Local assets not found. Downloading from HuggingFace Hub...
Assets already downloaded at /home/ljc/.cache/libero/assets
[probe] /mnt/sdb/ljc/RoboTDA-X/phase3/runs/P8a/G004_i702_o801 wall=330s
  C1: succ=0.03333333333333333 (30 eps) plain=0.730 transp=0.611 inter=0.975
  C2: succ=0.5 (30 eps) plain=0.496 transp=0.206 inter=1.105
  C3: succ=0.26666666666666666 (30 eps) plain=0.701 transp=0.547 inter=1.032
  C4: succ=0.0 (30 eps) plain=0.885 transp=0.826 inter=1.085
  C5: succ=0.13333333333333333 (30 eps) plain=0.386 transp=0.276 inter=0.593
  C6: succ=0.06666666666666667 (30 eps) plain=0.501 transp=0.487 inter=0.548
  C7: succ=0.3 (30 eps) plain=0.487 transp=0.252 inter=1.206
  C8: succ=0.1 (30 eps) plain=0.416 transp=0.305 inter=0.666
  C9: succ=0.26666666666666666 (30 eps) plain=0.457 transp=0.288 inter=0.835
